123456
12345678
4534MLSSDAS
spanner
123456789
password
1naWe25HyyJ
rocker
distributor
flywheel
piston
bigend
sprocket
tappet
kickstart
sparkplug
toolbox
gearbox
condenser
camshaft
spring
imgod99291@
exhaust
clutch
shamrock88
qwerty
Chris1234
1234567890
indieclub
1234561
picture1
dynamo
1234567
simon1982
000000
qwertyuiop
123123
elijah01
Lakers24!
azerty
iloveyou
qwerty123
lesly0401
111111
soleil
houston3
password1
102030
1234567891
qwe123
bismillah
loulou
caroline
654321
doudou
kallie01
unknown
sdlc1234
lily2015
princess
michelle
qwerty12
sunshine
1q2w3e4r
starwars
trustno1
stnkyft05
pierre
camille
charlie
shadow
pokemon
snyder128
asd123
123123123
112233
abcd1234
abc123
lol123
superman
jennifer
nicole
slayer
daniel
0123456789
internet
1qaz2wsx
Postal21
linkedin
ticketmaster
Links123
vincent
987654321
football
charlie1
thomas
qw123321
juliette
diego123
nicolas
June0628
stephane
coucou
gabriel
chouchou
patrick
qwerty1
666666
charlotte
chocolat
sandrine
sophie
benjamin
christian
123321
junior
ba74nana
alexandre
mathilde
oliver
marseille
tricia628
isabelle
Password1
butterfly
qwer1234
computer
mercedes
arthur
Beaumont1
hollywood
antoine
123mudar
rangers09
bbins369
philippe
mariehaven
dragon
killer
valentin
filmmaker
motdepasse
sylvie
4545qw
andrea
secret
nathalie
Passw0rd
zxcvbnm
alexandra
samantha
7777777
pokemon123
asdf1234
123qwe
q1w2e3r4
Charlie1
zach1234
wedding55
Welcome.1
moemoe123
justin80
h54rsjrF5J46788998
Anderson10
010203
patricia
chocolate
tintin
victor
maxime
florence
claire
alexis
hello123
555555
pokemon1
cookie
passw0rd
daisy2007
aribib
dominique
pauline
Password
naruto
michael
stephanie
777777
121212
vanessa
olivier
liverpool1
clement
louise
jonathan
sojdlg123aljg
pascal
victoria
ichliebedich
papillon
jeanne
alexander
baseball
hannah
222222
sakura
rafael
zaq12wsx
12qwaszx
159753
Patriots10
plum50
martine
caramel
Zxcvb123
marion
frederic
samuel
audrey
asdasd
131313
bonjour
marseille13
marianne
Pokemon1
director
2018vikings
maison
dudu123
abcdef
william
leonardo
88888888
angelina
Boudreaux01
melissa
spiderman
bandit
carolina
hallo123
istanbul
Anthony01
louloute
07031188
lolita
celine
simone
master
francis
football1
passwort
asdfghjkl
michel
beatrice
password123
Welcome1
Michael1
princess1
michael1
soccer
vinicius
clemence
emilie
zouzou
123abc
florian
123456789a
999999
charles
catherine
789456
171717
a1b2c3d4
blink182
newton12
simpsons
monkey
elephant
melanie
shadow123
basketball
iloveyou1
metallica
bianca
starwars1
freddie58
May171982
veronique
sebastien
bernard
90303058
Unknown!
ticket
samsung
midnight
12345678910
232323
martin
scorpion
jasper
anthony
elizabeth
barcelona
jasmine
valentine
jordan23
nicholas
ashley
amanda
wachtwoord
richard
buster
baseball1
mustang
Richard1
margaux
snoopy
oceane
sunshine1
marine
angelique
202020
banana
sandra
monique
robert
joshua
aaaaaa
claude
guillaume
orange
chicken
happy123
danielle
lovely
qazwsx
galatasaray
sabrina
rahasia
vanille
barbie
1q2w3e
1q2w3e4r5t
123654
Princess1
ameri129
purple
Tissekatt1
Hearts1874
roentgen
awesome123
jackson1
123qweasd
princesse
nathan
1qazxsw2
4MyFamily
exorder66
Motorola123
Bbins369
helene
boubou
salome
amelie
bonheur
delphine
genji007
gremio
leoncito
claudia
brigitte
kirsten
fenerbahce
sergio
george
carpediem
laurence
raphael
chelsea
wxcvbn
696969
christine
ferrari
september
angela
diamond
elodie
garfield
1234abcd
sonnenschein
Jordan23
lovelove
101010
cedric
cecilia
anthony1
liverpool
google
Universel1
monica
jordan
111222
Liam2011
violette
nounours
souris
cerise
agathe
julien
capucine
toulouse
caline
amandine
12345678901
eumesma
070370
odonto
carlos
calimero
marcel
Alexander13
please
020202
angelica
hunter
justine
PASSWORD
albert
marina
1111111111
valerie
789456123
poisson
1a2b3c4d
sebastian
whatever
brooklyn
dragon1
barney
alicia
laurent
a1s2d3f4
Sunshine1
iloveu
natalia
asdfgh
123soleil
qweasdzxc
andrew
jeremy
michele
rainbow
Florence0
12characters
Jasmine1
Maverick1
fabienne
1234qwer
hellokitty
Madison1
Poopshoot2
DodgeRam1
mickey27
1231231
minecraft
godzilla
bertrand
bretagne
thierry
romain
pascale
francoise
alison
willow
light168
NoPlus
arrow_right
laercio
cinema
qazwsx123
harley
sammy123
handball
francois
sommer
maverick
qazwsxedc
juliana
xavier
qwertyui
antonio
123654789
december
456789
00000000
william1
rockstar
spongebob
madonna
135791
brandon1
diablo
justin
dolphin
888888
bubbles
noisette
fatgor01
1Antysecas
124103817
Punisher82
Matthew1
William1
Nicholas1
P@ssw0rd
252525
november
x4ivygA51F
Mv1342boys
eri0126
adeline
didier
corsica
harmonie
aurelie
quentin
maurice
sylvain
blanche
astrid
marguerite
ulysse
victoire
gregory
Password123
jetaime
morgan
apache
daniele
silvia
adriana
sabine
lol12345
mariana
bordeaux
christina
rebecca
pandora
freedom
philips
rodrigo
lilian
amelia
chacha
11111111
california
trinity
tennis
qaz123
chester1
tristan
jessica1
alexander1
fuckyou1
friends
Alexander1
marcos
cherry
tweety
florida
simpson
pimphard
lollipop
marian
fuckyou
scarface
qwertyuiop1
Liverpool1
chester
0987654321
212121
pumpkin1
yankees1
lucas123
dennis
jesus123
nicholas1
soccer1
Spartan117
moutt2k7
rolltide00
daedalus
shust0517
summer
blondie
sabrina1
welcome
Thesoup1
mAster1337
Starwars10
051004Cami
computer1
greenday
batman
angels
lucky123
1q2w3e4r5t6y
viviane
apple123
sophia
Samantha1
Blink182
Chocolate1
Speak2me
16taylor
0622202062
awakend45
259694
32132502
producer
poupoune
infinity
corinne
virginie
adrien
baptiste
toutoune
bidule
clarisse
cheval
coralie
gribouille
cecile
matteo
12341234
valentina
ronaldo
veronica
vendobara
anderson
Purple00
cristal
renata
barbette
141199
angel1
isabella
anhyeuem
geronimo
samson
vladimir
superstar
nadine
einstein
tobias
anastasia
blablabla
123456123
alexia
cornelia
america
claudine
fatima
alyssa
0000000000
peanut
jerome
angelo
cocacola
emmanuel
0123456
amalia
qwaszx
poupette
kingkong
marlboro
jesus777
gabriel1
michelle1
heather
Pineapple1
marathon
killer123
a123456789
pikachu
juventus
connor
matthew
sweety
qwerty12345
susanne
pa55word
Spiderman1
master1
Baseball1
jackson
sasuke
7394okdt
kikikiki
090909
Logitech1
Pengpeng1
bond007
j0yceanne
cheese123
freddie2010
Kipper12
Football1
caroline1
147852369
gzxix1a5
C0rnwall
qwe10443
Sani2579
Bentley1
Lakers24
ncc1701d
joshua01
monkey1
Jumpman23
123qwe123
159357
a1234567
007007
mozart
christ
erbc59ch
Yourmom1
Newyork2
Wyatt2009
sanane
teddy123
minecraft123
1qaz!QAZ
123456781
filmaker
wachtwoord1
123456a
Telechargement
chie0727
mamour
mouton
myriam
amitie
philou
casablanca
pollux
cricri
cachou
musique
liberte
choupette
damien
marmotte
bastien
domino
gilles
toulouse31
linked
Rangers1
merlin
Victoria1
liberdade
fightclub
778899
warning
121314
camila
alejandra
147258369
skywalker
...angel
steelers
cristo
192021
andrei
99198539
124578
marius
winnie
dallas
mikkel
annette
mormor
ginger
muffin
yellow
abcdefgh
charlene
sternchen
schokolade
paulchen
12345678a
Shopping1
porsche911
Dlr250177
virginia
Elizabeth1
ronaldo7
303030
lorena
musica
marcus
angel123
741852963
1234560
123456789abc
wolverine
crystal
beatriz
Pokemon123
pogiako
pretty
dianne
hardcore
joseph
bethany
cocacola1
stanley
letmein
douglas
barbara
annabelle
jennifer1
natalie
ragnarok
wordpass
arsenal1
adelaide
love123
margot
tinkerbell
flower
qweasd
awesome
matrix
pokemon12
creative
444444
zaq1xsw2
stella
portugal
wolfgang
nikolai55
Aa123456
asdfghjkl1
superman1
adrian
paradise
heyitsme
pepper
zxcvbnm1
abcde12345
shannon1
laura123
nelson
bella123
ENkimloi87
shahyne28
Pizzas12
Spencer1
1eighty2
Delco1979
Poopface12
JuanMata10
jsy930993921
leomoicmoi
Hussain123
Nintendo64
Runescape1
lulaby93
110193samoht
Basketball25
contessa
oscar123
Pa55word
barbra
scooter
Tennis900
Austin316
metrakit11
foxracing25
Steelers17
Chinaman420
Delyreous1
cior3652
akv9884355075
sexual78
agent007
Benjamin
cinnamon
cupcake1
coco1234
brandon
johanna1
Molly123
samantha1
Starwars1
Brayden1
14531453
slipknot
tarzan
camille1
Fudge2004
q1w2e3r4t5
Ariana06
Rachel10
Hottie1$
C0rnbread
lakers24
molly123
Isabella1
Jimtim06
anna77
indiepassword
Florent0909
gregoire
eastwood
azerty123
marilou
mohamed
laetitia
sesame
pompom
anissa
matthieu
cannelle
travail
vacances
morgane
muriel
eugenie
titine
evelyne
carole
canard
clementine
minous
cocotte
titouan
alissa
Rocky123
Freedom1
famille
Chester123
qwer123
712520
wizyeong
333333
chantal
mimosa
cherokee
ronaldo2
debora
paixao
maria3
060481
190282
12344321
wl184042
tricolor
tassi763
220990
jensen
birgit
buller
bonnie
123789
happy1
christophe
molly1
montagne
Benjamin1
labrador
annemarie
albertine
012345
genevieve
frederik
Hallo123
madeleine
besiktas
sonnenblume
rosalie
peter123
Zaq12wsx
besser03
Soccer15
151515
22222222
456123
jasmin
steven
123456abc
france
katrina
psycho
dead1234
poussin
kimberly
mamapapa
