123456
12345678
4534MLSSDAS
spanner
123456789
password
1naWe25HyyJ
rocker
distributor
flywheel
piston
bigend
sprocket
tappet
kickstart
sparkplug
toolbox
gearbox
condenser
camshaft
spring
imgod99291@
exhaust
clutch
shamrock88
qwerty
Chris1234
1234567890
indieclub
1234561
picture1
dynamo
1234567
simon1982
000000
qwertyuiop
123123
elijah01
Lakers24!
azerty
iloveyou
qwerty123
lesly0401
111111
soleil
houston3
password1
102030
1234567891
qwe123
bismillah
loulou
caroline
654321
doudou
kallie01
unknown
sdlc1234
lily2015
princess
michelle
qwerty12
sunshine
1q2w3e4r
starwars
trustno1
stnkyft05
pierre
camille
charlie
shadow
pokemon
snyder128
asd123
123123123
112233
abcd1234
abc123
lol123
superman
jennifer
nicole
slayer
daniel
0123456789
internet
1qaz2wsx
Postal21
linkedin
ticketmaster
Links123
vincent
987654321
football
charlie1
thomas
qw123321
juliette
diego123
nicolas
June0628
stephane
coucou
gabriel
chouchou
patrick
qwerty1
666666
charlotte
chocolat
sandrine
sophie
benjamin
christian
123321
junior
ba74nana
alexandre
mathilde
oliver
marseille
tricia628
isabelle
Password1
butterfly
qwer1234
computer
mercedes
arthur
Beaumont1
hollywood
antoine
123mudar
rangers09
bbins369
philippe
mariehaven
dragon
killer
valentin
filmmaker
motdepasse
sylvie
4545qw
andrea
secret
nathalie
Passw0rd
zxcvbnm
alexandra
samantha
7777777
pokemon123
asdf1234
123qwe
q1w2e3r4
Charlie1
zach1234
wedding55
Welcome.1
moemoe123
justin80
h54rsjrF5J46788998
Anderson10
010203
patricia
chocolate
tintin
victor
maxime
florence
claire
alexis
hello123
555555
pokemon1
cookie
passw0rd
daisy2007
aribib
dominique
pauline
Password
naruto
michael
stephanie
777777
121212
vanessa
olivier
liverpool1
clement
louise
jonathan
sojdlg123aljg
pascal
victoria
ichliebedich
papillon
jeanne
alexander
baseball
hannah
222222
sakura
rafael
zaq12wsx
12qwaszx
159753
Patriots10
plum50
martine
caramel
Zxcvb123
marion
frederic
samuel
audrey
asdasd
131313
bonjour
marseille13
marianne
Pokemon1
director
2018vikings
maison
dudu123
abcdef
william
leonardo
88888888
angelina
Boudreaux01
melissa
spiderman
bandit
carolina
hallo123
istanbul
Anthony01
louloute
07031188
lolita
celine
simone
master
francis
football1
passwort
asdfghjkl
michel
beatrice
password123
Welcome1
Michael1
princess1
michael1
soccer
vinicius
clemence
emilie
zouzou
123abc
florian
123456789a
999999
charles
catherine
789456
171717
a1b2c3d4
blink182
newton12
simpsons
monkey
elephant
melanie
shadow123
basketball
iloveyou1
metallica
bianca
starwars1
freddie58
May171982
veronique
sebastien
bernard
90303058
Unknown!
ticket
samsung
midnight
12345678910
232323
martin
scorpion
jasper
anthony
elizabeth
barcelona
jasmine
valentine
jordan23
nicholas
ashley
amanda
wachtwoord
richard
buster
baseball1
mustang
Richard1
margaux
snoopy
oceane
sunshine1
marine
angelique
202020
banana
sandra
monique
robert
joshua
aaaaaa
claude
guillaume
orange
chicken
happy123
danielle
lovely
qazwsx
galatasaray
sabrina
rahasia
vanille
barbie
1q2w3e
1q2w3e4r5t
123654
Princess1
ameri129
purple
Tissekatt1
Hearts1874
roentgen
awesome123
jackson1
123qweasd
princesse
nathan
1qazxsw2
4MyFamily
exorder66
Motorola123
Bbins369
helene
boubou
salome
amelie
bonheur
delphine
genji007
gremio
leoncito
claudia
brigitte
kirsten
fenerbahce
sergio
george
carpediem
laurence
raphael
chelsea
wxcvbn
696969
christine
ferrari
september
angela
diamond
elodie
garfield
1234abcd
sonnenschein
Jordan23
lovelove
101010
cedric
cecilia
anthony1
liverpool
google
Universel1
monica
jordan
111222
Liam2011
violette
nounours
souris
cerise
agathe
julien
capucine
toulouse
caline
amandine
12345678901
eumesma
070370
odonto
carlos
calimero
marcel
Alexander13
please
020202
angelica
hunter
justine
PASSWORD
albert
marina
1111111111
valerie
789456123
poisson
1a2b3c4d
sebastian
whatever
brooklyn
dragon1
barney
alicia
laurent
a1s2d3f4
Sunshine1
iloveu
natalia
asdfgh
123soleil
qweasdzxc
andrew
jeremy
michele
rainbow
Florence0
12characters
Jasmine1
Maverick1
fabienne
1234qwer
hellokitty
Madison1
Poopshoot2
DodgeRam1
mickey27
1231231
minecraft
godzilla
bertrand
bretagne
thierry
romain
pascale
francoise
alison
willow
light168
NoPlus
arrow_right
laercio
cinema
qazwsx123
harley
sammy123
handball
francois
sommer
maverick
qazwsxedc
juliana
xavier
qwertyui
antonio
123654789
december
456789
00000000
william1
rockstar
spongebob
madonna
135791
brandon1
diablo
justin
dolphin
888888
bubbles
noisette
fatgor01
1Antysecas
124103817
Punisher82
Matthew1
William1
Nicholas1
P@ssw0rd
252525
november
x4ivygA51F
Mv1342boys
eri0126
adeline
didier
corsica
harmonie
aurelie
quentin
maurice
sylvain
blanche
astrid
marguerite
ulysse
victoire
gregory
Password123
jetaime
morgan
apache
daniele
silvia
adriana
sabine
lol12345
mariana
bordeaux
christina
rebecca
pandora
freedom
philips
rodrigo
lilian
amelia
chacha
11111111
california
trinity
tennis
qaz123
chester1
tristan
jessica1
alexander1
fuckyou1
friends
Alexander1
marcos
cherry
tweety
florida
simpson
pimphard
lollipop
marian
fuckyou
scarface
qwertyuiop1
Liverpool1
chester
0987654321
212121
pumpkin1
yankees1
lucas123
dennis
jesus123
nicholas1
soccer1
Spartan117
moutt2k7
rolltide00
daedalus
shust0517
summer
blondie
sabrina1
welcome
Thesoup1
mAster1337
Starwars10
051004Cami
computer1
greenday
batman
angels
lucky123
1q2w3e4r5t6y
viviane
apple123
sophia
Samantha1
Blink182
Chocolate1
Speak2me
16taylor
0622202062
awakend45
259694
32132502
producer
poupoune
infinity
corinne
virginie
adrien
baptiste
toutoune
bidule
clarisse
cheval
coralie
gribouille
cecile
matteo
12341234
valentina
ronaldo
veronica
vendobara
anderson
Purple00
cristal
renata
barbette
141199
angel1
isabella
anhyeuem
geronimo
samson
vladimir
superstar
nadine
einstein
tobias
anastasia
blablabla
123456123
alexia
cornelia
america
claudine
fatima
alyssa
0000000000
peanut
jerome
angelo
cocacola
emmanuel
0123456
amalia
qwaszx
poupette
kingkong
marlboro
jesus777
gabriel1
michelle1
heather
Pineapple1
marathon
killer123
a123456789
pikachu
juventus
connor
matthew
sweety
qwerty12345
susanne
pa55word
Spiderman1
master1
Baseball1
jackson
sasuke
7394okdt
kikikiki
090909
Logitech1
Pengpeng1
bond007
j0yceanne
cheese123
freddie2010
Kipper12
Football1
caroline1
147852369
gzxix1a5
C0rnwall
qwe10443
Sani2579
Bentley1
Lakers24
ncc1701d
joshua01
monkey1
Jumpman23
123qwe123
159357
a1234567
007007
mozart
christ
erbc59ch
Yourmom1
Newyork2
Wyatt2009
sanane
teddy123
minecraft123
1qaz!QAZ
123456781
filmaker
wachtwoord1
123456a
Telechargement
chie0727
mamour
mouton
myriam
amitie
philou
casablanca
pollux
cricri
cachou
musique
liberte
choupette
damien
marmotte
bastien
domino
gilles
toulouse31
linked
Rangers1
merlin
Victoria1
liberdade
fightclub
778899
warning
121314
camila
alejandra
147258369
skywalker
...angel
steelers
cristo
192021
andrei
99198539
124578
marius
winnie
dallas
mikkel
annette
mormor
ginger
muffin
yellow
abcdefgh
charlene
sternchen
schokolade
paulchen
12345678a
Shopping1
porsche911
Dlr250177
virginia
Elizabeth1
ronaldo7
303030
lorena
musica
marcus
angel123
741852963
1234560
123456789abc
wolverine
crystal
beatriz
Pokemon123
pogiako
pretty
dianne
hardcore
joseph
bethany
cocacola1
stanley
letmein
douglas
barbara
annabelle
jennifer1
natalie
ragnarok
wordpass
arsenal1
adelaide
love123
margot
tinkerbell
flower
qweasd
awesome
matrix
pokemon12
creative
444444
zaq1xsw2
stella
portugal
wolfgang
nikolai55
Aa123456
asdfghjkl1
superman1
adrian
paradise
heyitsme
pepper
zxcvbnm1
abcde12345
shannon1
laura123
nelson
bella123
ENkimloi87
shahyne28
Pizzas12
Spencer1
1eighty2
Delco1979
Poopface12
JuanMata10
jsy930993921
leomoicmoi
Hussain123
Nintendo64
Runescape1
lulaby93
110193samoht
Basketball25
contessa
oscar123
Pa55word
barbra
scooter
Tennis900
Austin316
metrakit11
foxracing25
Steelers17
Chinaman420
Delyreous1
cior3652
akv9884355075
sexual78
agent007
Benjamin
cinnamon
cupcake1
coco1234
brandon
johanna1
Molly123
samantha1
Starwars1
Brayden1
14531453
slipknot
tarzan
camille1
Fudge2004
q1w2e3r4t5
Ariana06
Rachel10
Hottie1$
C0rnbread
lakers24
molly123
Isabella1
Jimtim06
anna77
indiepassword
Florent0909
gregoire
eastwood
azerty123
marilou
mohamed
laetitia
sesame
pompom
anissa
matthieu
cannelle
travail
vacances
morgane
muriel
eugenie
titine
evelyne
carole
canard
clementine
minous
cocotte
titouan
alissa
Rocky123
Freedom1
famille
Chester123
qwer123
712520
wizyeong
333333
chantal
mimosa
cherokee
ronaldo2
debora
paixao
maria3
060481
190282
12344321
wl184042
tricolor
tassi763
220990
jensen
birgit
buller
bonnie
123789
happy1
christophe
molly1
montagne
Benjamin1
labrador
annemarie
albertine
012345
genevieve
frederik
Hallo123
madeleine
besiktas
sonnenblume
rosalie
peter123
Zaq12wsx
besser03
Soccer15
151515
22222222
456123
jasmin
steven
123456abc
france
katrina
psycho
dead1234
poussin
kimberly
mamapapa
casper
photography
love4ever
951753
allison
penelope
friend
amores
inuyasha
gilbert
yasmin
prince
soccer88
Hollywood1
apples
matthew1
kenneth
asdfasdf
Bailey12
bullshit
angeline
monkey123
jessica
nirvana
c3por2d2
password11
tootsie
qazwsx12
bernadette
Purple123
buddy123
monkey12
metal666
password2
saxophone
courtney
daniela
playboy
maxwell
serenity
francisco
jacques
Forever1
Chicago1
Roxybuster09
Porsche911
Apple123
Pickles1
chelsea1
heather1
christian1
soccer10
test123
246810
120485
popcorn
trinidad
kristina
vanessa1
Trustno1
Spiderman123
schalke04
100956
monkeyman
q13579
patrice
chanel
superfly
Yankees1
Brendan1
franco
tristan123
Panda123
william22
Erindale30
ninja3221
yinyang7
malek12646
money123
Password101
Willsmith1
donalrules10
Lebron623
pokemon2
remember
james123
qwert123
Ronaldo7
Nicole01
usa5395779
pikle3310
hannah77
porsche6
Hejmeddig123
wescored4
6382joel
Muchalu922984
Joelstav1
hedgehog31
N1cholas
Pathfinder01
imflying123
Zs3119900
paper123
darkness
miranda
andree
1qa2ws3ed
wrench999
leipan110
dragon99
lemonade0
pizza0808
IloveGuns133
Faolan123
Martina0
damien08
Reddog77
Rolynde7
r8993958
Leanne21
PIZZA123
Dnmdaman123
andrew16
Awesome1
Buddy123
secret123
qwerty123456
blessed1
kingkong19
sakarya54
19051905
azerty1
eliane
chipie
cde3kliQ
Bentley2007
Redlobster12
Basketball1
Chris612
abigail
Jennifer1
Becmatm1Cntry
Trojans1Cntry
anthony19
voetbal1
977b2v
wojtek11
bo100100
\xc3\x90
hotmail123
voetbal
music000
78$7JiLZ
Vador2002
platinum
startrek
Papawopper1
amsterdam
welkom01
harmony
angelika
leticia
alisha
koutarou1010
brucelee
minette
patoche
corine
constance
fleurs
amaury
pitchoune
maxence
bibiche
romane
fabrice
scoubidou
etoile
peinture
biarritz
florent
aurore
nounou
personnel
fripouille
chateau
frimousse
dalila
minouche
salomon
antonin
timothee
australie
pupuce
canelle
gerard
jocelyne
060504
florence1
marshall
grenouille
chance
147258
family123
superboy
mahirah
habbo123
Scoobydoo1
Packers12
gracie
Letmein1
yamaha
pancho
hermosillo
tequila
shopping
popeye
eminem
williams
230985
casa01
futebol
leozito
030324
marcus03
301080
virgem
981470
120185
amigas
caderno
marcela
saopaulo
antonio1
555666
ar123456
444666
040582
240280
18231823
060976
050503
mario8
eu123456
abcdefg8
336699
buceta
332011
silver04
343862
260878
ferreira
310777
160401
flavia
fabiane
270781
kamikaze
athena
marvin
blabla
power123
242424
shadow11
gabriel1000
Cupcake1
010101
sander
ramses
101102
69696969
rudolf
pernille
hannibal
qwerasdf
lionel
mitchell
saigon
samsung1
severine
kadett
annabell
emilia
melodie
andreas
shannon
asdfghjk
antonia
josephine
fcbayern
katharina
evolution
annamarie
paula123
thailand
olivia123
daniel123
jakob1310
2217Joho
197800
minecraft1
meggie
xxxxxxxx
janine
Pokemon2
161616
lovelife
poohbear
parker
moimoi
truelove
swordfish
sierra
therese
paramore
production12
iloveyou123
onepiece
jamesbond
bernardo
1111111
allyson
cristina
anabel
aurora
qq123456
Corporate
mickey
family
hahaha
ihateyou
canada
august
akatsuki
beautiful
asakapa
estelle
shamrock
twilight
annabel
undertaker
patrick1
nintendo
Open1234
Michigan1
magnolia
salvador
harrypotter
rebecca1
megaman
gandalf
digimon1
daisy123
scoobydoo
Charlotte1
Welcome123
softball10
zachary1
logitech
junior04
ncc1701e
cool1234
monamour
Michelle1
Australia1
thx1138
felipe
babygirl
maggie
brittney
cassie
genesis
germaine
bernie
buster123
jacqueline
hearts
cheyenne
monster1
md11a380
Sanhain0302
ranielle1
bo2thebo
playstation
warcraft
Pa55w0rd
18JACOB18
batman11
Brandon1
awesome1
123asd
google123
letmein1
snickers
melissa1
mario1
**Happy**97
drowssap
363636
Halo3odst
hercules
987654
robert01
P455w0rd
1qaz@WSX
jessie
voetbal123
Baseball12
olivia
ahmed123
charlie123
daniel14
Princess
Chicken1
Arsenal1
Movingup8
clapham1
25Isaac25
Mexico08
Fuddman123
111126688
Helloj12
Tangmere1
Pyromancie1
Cole123456
Swimmer4
Joshua0930
kachina0306
a17031990
pacman00
Luis5847
beloved1
Val3ncia
Discount1
Buster13
tommy123
123Cheese
03953538
bouvier12
Selenity1891
jp37h11229
7045930aA
Jesus101
hodgson2
Summer01
taker33950
jack1999
Pikachu2000
Clk256712
mathis
running1
VWTR5Mlo
Sam19950107
Danielle1
damien33
cambodia1
Talkingdeath625
lauren8769
Loic42300
Piekna30
Nantucket2
floreval
jess3107
Gunmaster7
olme2192
Andreas87
Oscar3053
Jacob2105
Watts103
woodpony7
troop957
Falcons12
El908301
killtitans
maxine100
Copper99
satan666
abc12345
peaches1
marley
eclipse
Susanne1000
mrgritz1
Elieelie1
2588buff
marlee05
Burton123
Megamanx8
adidas123
Canada12
Gemmablue1
9Rahxona
watever4me
guitarhero15
Modlin9789
ijam5690
Destruction0
ruffryders
NotSoFast7
ownskills92
k2M93pyW
maryama2011
nokiae71
1325897d
baseballer123
Ravens23
ferrari1
annelise
birgitte
poohbear1
football2
bailey12
jacob123
danielle1
Nintendo1
qwe123qwe
charles1
Cameron1
Scooby12
malatya44
1234567a
didine
CasioM20U
teacher1
Sunshyn3
trabzon61
19831983
lollol
scooter1
hockey12
newyork
Brooklyn1
Pepsi2019
604Turner
5050106xl
2004hummer
William1953
ilikepie1516
tampabay28
Mainevent1
Snotty12
footjoy8
12345678900
2541435
123123a
stanleylaan
voetballen
hoihoi123
doerak10
ikbencool
hoihoi
30222029z
y6k8muuhp
781786
ez3mmukx
pm2510
like4444
nnenna123
21qazsz
pornstar
kittykat
indiepass
ambition
Director
indieclub33
goodfellas
pooppoop
tarantino
Blackops2
Ingrid21aska
Landes40
J%JL78oK
estrela
sucesso
maggie123
sonic123
braHIM11
Hotrod15
jordan13
killer12
vikings
scotland
babette
hayley
vitoria
angelia
angele
bessie
alisun
almeda
allyce
allsun
allissa
allina
allianora
allene
allegra
alleen
alyson
alysia
alvira
alvinia
alvina
alverta
alvera
althea
aloysia
aloisia
aloise
almire
almira
almeta
almeria
amberly
amargo
amandy
amandie
amandi
amalle
amalita
amalie
amaleta
amalee
amalea
amabelle
amabel
anallise
anallese
analise
analiese
anabelle
anabella
anabal
ammamaria
amelita
ameline
amelina
anetta
anestassia
andromache
andriette
andriana
andria
andreana
anderea
andeee
anatola
anastassia
anastasie
cgolu0209
blanca
windsurf
fanfan
ducati
amours
mirabelle
yasmine
franck
123456789123
guitare
lolotte
coraline
berthe
charline
renaud
paradis
eliott
bichette
MARINE
napoleon
clovis
pepette
colette
bambou
orchidee
sylviane
axelle
pyramide
doudoune
ariane
pistache
winner
pivoine
benoit
alleluia
arnaud
roxane
noemie
reglisse
dauphin
mimimi
mimine
augustin
magali
emmanuelle
malice
lorenzo
coincoin
samourai
karine
azertyuiop
zebulon
radiohead
familia
lilica
champagne
cactus
cameron
jonathan1
Chelsea1
bertie
Tigger01
charlotte1
jake1234
kuraki750515
versailles
blackjack
Summer11
logan123
tigger12
forever1
SZ9kQcCTwY
barbara1
powell
trade123
s9943443j
cuterboy
freedom1
sydney
Franklin1
runescape1
diamond12
brittani
allison1
Taylorswift13
Active!
isabel04
charly
pompier
internet1
77777777
Superman1
taylor
cyclone
credit_card
123456asd
fernanda
mariposa
brenda
hector
12121212
eduardo
yoshi123
passport
donnie
richard1
ana123
cindy123
marcia
jota2008
283015
31013557
c666589
fa1973
260087
603025
pai011045
g1r2a3
671333
paula86
09041980
2007yg
rm22149
vitor01
c270762
Mateus
greb43
pqg1350
beny085101
2337431
443322
cpndng27
17-189
coiote00
laura091
p15n13f6
188188
matheus4
neto3742
237710
4167lili
fla2000
2580bela
jean010697
795511
re44005
doug31
calaboca
cl7378
vi1978
130340
ma291098
702994
9679dodo
151635
371182dio
pg011197
grazy25
300103
21anjo06
ledi23
18751819
1811lcv
a010203
papagaio
ca15874
tebe2008
cleuza
002929
3956mbc
tgs1010
gil4606
160574
031008
0954363
kika26
am9157
251975
djc768
d4i6ke
d160656
181084bb
600557
4bt741
080372
191175
macapo00
dark3275
091200
lms1977
biscoito
270875
707310
rt1313
bininha
9645flor
logan17
100899
651250
281082
t36563
206379
exkp8866
ama1310
tchuca
496427
bunitona
rncn1707
547698
201071jr
0608cjcj
98127801
vivi123
lsg1812
jtv1953
elio20
yan238
magda26
845525
161265
love2310
2707mami
193838
rhb3888
dinho14
334115
mg1234
acgss71
gargamel1711
sophia10
lais13
777777ds
2n3a5t6h
renata13
acesso0
270798
01guarulhos
bsm8764
filhas02
clau20
ademar59
092813
will8356
hebo30
009720
a1532918
mirreys
121087
badragaz
plextor
gil1609
jm2008
mateus20
981823
323432
30anos
phn0962
carol68
lvlvlv
fa101180
eletric0
santos66
542625
r2e5g0i3
gab03wil
julio219
019970
tibolona
300381d
vandlok
bijuleca
jopafi05
2091356
bt180503
deltacit
risamil
197666
02090203
marleo25
vico9174
bessa19
07071953
siahty
de2109
16031997
2604ebv
527343
210276
181290a
390mimi
magda141
230803
151179
160203
610132m
mrmodas10
lili3110
ems2208
250766
hf123789
f120681
okmc01300325
franpa
192473
lideres9
2AssiS2
te1971
ipmc1974
300577
050105ga
larah510
li1966
270849
922153
051277
muvi2001
amor2410
sh12345
lure1307
luccas13
lbk1955
250105
euqruu
nany21
796565
so2008
c02887
pedro16
210350
0712tj
divi21
280850
spider18
210880fabi
gaulke15
rodrigo0
44xmax
ziggy01
rafa19
juca96
biu6713
cris20
628222vi
kika2904
lidia3
cebola01
43937271
kiss13
475021
betise
000513
del2008
goiaba
pmpo120w
280583
fefo00
sheila12
230010
538065fm
nb1600
strada
bre0702
j1426a
10rasta
1401rr
1marazul
xiko51
pepala
312livia
040374
8b5g7car
kiko0187
fender13
kininha
lucdrake
232024
ticilo
helena46
andrade1
maiden
thayna30
1509mfj
293407
rp1982
7623soad
akjfcsfb
r0queir0
211066
dias2468
segundo
061163
fred66
aa1983
toisso
deco2727
856613
030794
mari2804
isa1210
slot1234
8uk3ah
tiumkiu
211285
beto0910
frigio
1408mano
bfh1463
luanan10
260173
jfxjfv00
763322
ab1234
026415
1937keko
elisa8
feliz01
nayara22
2715490
siu2006
net123
matheus1
adoro4
brubru
demais28
ja4028
22f44q44
roge1021
esport10
michels
331541
tarikbbb
medial25
rc1979
197072
210898
1509ana
z220467
182456
221078
dedival
fabi2509
170577pe
weld373
comadre
anaeuzo9
lolita46
9900312
bmwz33
030579
miudo1
precpqd1
bbbb260388
290706bm
161816
cvaf33
br1725
plutao
su150149
pl0808
cami2711
cemp28
140593
gatinho14
malu20
1800rh
satinho
211601
yur30075
carro2
flii14
mau2004
annelisa
paraiso2
300570
ro6623
morango
353400
f21d29v13
epi86fg
110785
beta82
ale1aps
302phe
sapo45
vep5624
alemao81
040465
nie6bwp6
cainho
702477
compaq27
manderly
METAL10
11thais
thaila9
tielgi
di.fofa
luiz6386
765007
jujuba6
081199
230682
ma160586
tr1000
guto98
280783
leta33
vascos2
aline183
080893
sandra60
ca310304
wind9604
181511
dudi99
karina1
j28575
josi123
ambcurci
131066jr
zidane22
020197
6571161
huma12
darcio01
felina
dul080
peregrina
061720
120499
watsoncr
4906474
anca11
dodred7
andre1
22631m52
keila08
elle2008
R28abr
caragua
lab635052
2480605
gj010203
dani2410
neta02
1955sc
ricardo1
c702466
197829
saapos
031021
mr2442
bolada11
JOANA200
164377
bru01049
8693820
0906ls
toquinha
quimico
bcr2001
flamar00
ces123
necajr
180677
jsmelo06
juliapi2
170181
rod5412
babi2109
141200
andre10
castelo3
goiasn
56a70b
jolu17
350300
giltata8
1506luiz
qw7896
man815f
futebol1
000016
preta256
36239034
iva38218
barb1128
r2320f
cacau007
123joyce
hfsouza
suor1996
suellen1
140204
gutinho1
cfx4449
i151194
2829173
zizi2000
100tido
210581
ursa67
fabio1972
181282
killer2507
28111947
aca9632
bru21re
solar7
211276
ilto2563
190368
lene17
mc823440
wb296384
la1la2la3
julinha0
dudu40
coracao88
lrm1958
marlene2
cruzeiromg
nemo2009
menfhis7
0a6b8c2d
1000gols
juju87
bululi
rp020330
ion010
jaca2509
luiz071085
and2884
dpv3966
foxmc007
ss465312
leoctba1
200898
306030
jeep51
051182
010256
camelias
people01
somos3
cianot
53706282
loja108
nick98
6368192
111933
22455462
69gaviao
lucaspd
240830
121465
778789
97909720
310545
946020
skateboy
mauro68
polly1
tj9551
196040
150987
kctjpct
apelido
strokes
317870f
252609
bi2000
bosta99
171821
23351020
pronta
160356
joseant
aronhot1
210285
discris11
jb1642
1297luca
voocego
tclash
eomelhor
194928
139813
petite27
rvezozzo
01063004
usa2000
f1s2aad3
b11r377u
001124
081328
h1elio
malulu
160752
gui2313
105070
sabraj
004913
438927
202011
tancha29
442014
fe1974
camilona
261713
izanilza
172774
c102766
112788vf
161974
000331
misfits
2339181
1680529
luc80852
101179
219021
fabiojr
kongnu
f4e3ab
harry22
682003
140612
bell2000
3c90xcfg
402030
030863
jrs2001
lucas05
105105
bsboys
fbello
hangar14
811756
schultz
scream
2880994
vannys66
jabu0410
era8leo
060644d
urso2811
moraes
197909
140760
usurpa
biscuit40
cabeca
312504
pedro78
022564
diploide
300586
068721
1306mp
mumu1981
080400
peterdan
061181
150579
13062000
bobeira
741503
ximfolepe
cassiane
mgr0712
060557
carol307
antares
dududu
compaq1
country
87654321
Celtic1888
coco123
falcon
school
wilson
100388
280288cl
09042005
carioca
Anthony1
Scotland1
daniel2000
alice123
kirsten1
elisabeth
Mariehaven
connie
johannes
annalise
anette
larsen
andersen
ansager
nielsen
456456
angelita
montreal
kardelen
sophie1
oscar1
socrates
rocket
onedirection
mireille
beatrice1
starlight
julian
blacky
helena
peterpan
harrie
monika
denise
pokemon24
thomas1
moviestar
Maria123
passwort1
stefan
steinbock
loveline50
Passwort
micheline
Lebron23
Joseph2001
503mrpelon
berlin
violet
arschloch
tigrou
mallorca
vietnam
magnus98
cfelbj14
godfather
14789632
220475869
ncc1701A
valuar1234
24052001
quentin1
animation
starfish
harmonia
excalibur
a123456
aishiteru
aurelia
deathnote
bambie
winston
kittycat
1123581321
justin02
lionheart
scorpio
julius
135792468
fernando
qweqwe
aileen
mahalko
asdlkjdjdj
080808
pass1234
avatar
panget
134679
silver
jaejin5539
963852741
kenken
asdasdasd
poop1234
natsume
cuteako
santiago
belinda
dolores
simple
nenette
babyko
lovers
monalisa
bangbang
mahalkita
123456789123456789
timothy
meredith
hallo12345
142536
Iloveyou1
qwerty11
thomas11
marie123
roland
thunder
everton
lolipop
carmen
thunder1
lucas1994
hogwarts
october9
benjamin1
Poohbear1
Teddy123
cartoon
kingdom
naruto12
triumph1
shakira
Butterfly1
Bella123
makaveli
Mercedes1
123qweasdzxc
january
champion
christopher
alexandra1
Daisy123
hermione
Power123
cleopatra
loveyou
adidas
police
ganesh
caitlin
boston
justice
pamela
hockey
dragon123
naruto123
tiberian
pumpkin
doodle
drpepper
snowflake1
asd123456
sammie
popcorn1
sprite
bernice
hahahaha
maureen
wallie
lorraine
jamesbond007
constanta
bambam
charlie01
jordan11
nightmare
meowmeow
diabolo
hellokitty1
qwertyu
mannure12
markess6
sammy2002
Stygian01
Mithrandir311
Saskia55
Kasperkat20
ilovebears
Max102903
15975338
Bearsfan1
342akdsksl87
liverpool5
p1an0f0rte
Alexandra1
Hockey21
Skywalker1
Sparkle1
Samsung1
Jackson5
austin
mamamama
nicolas1
Rangers123
Sebastian1
my2girls
mountain
halloween
assassin1
xbox360
olivia1
theodora
forever
lalala
indonesia
sukses
070707
papamama
Caleydec29
Salocin14
fabien
1qaz1qaz
241278
Za12345123
pirouette
compaq
7895123
phoenix
vikings1
zeppelin
kitten
jasmine1
madison1
salvatore
Sammy123
kevin123
internet123
adam123
roberto
p0o9i8u7
hotmail1
Zy900522
Monster55
m8q7rwbr
Velaux1391
Jasonr99
Aiypwzqp1996
chen1026
Kevin1011
indonesia4x4
karlmarx1
charlie6179
Cheron01
Danilo1991
Pokemon111
Alanfearon10
Trisou123
BrianA06
Hoangtien123
oancing007
Erihau123
apocalypse1
glow2006
ryan1119
4269minx
hooters2
crf14958
Sonata305
mitchell9
perkele123
dusty123
OPenit4me
redrose88
Battis454
NEpatriots12
mileycyrus
Steelers43
Abigail1
ytellu911
Trollface1
bobby777
InitialD42007
d038032316
Ronaldo07
tagada84
qweqwe123
artur123
Blackops99
carolina1
rb26dett
Kattie20
ToxicNICK458
Dallas182
Scrat2122
Norman2013
woodman30
Slytherin5
f22raptor
19801980
kitty123
Murphy10!
crosby87
Shorts23
warcraft3
Thong6612
paulzor1
zooyork96
trigger4
plumeplume0
yA811943
Cooper04
Brazil9438
jeyboi99
Pandro3k
friars94
Cocacola123
darkl0rd14
wellworth1
manbearpig874
lollol12
a1l2e3c4
Kuuipo55
LazyHazy1
Randy977
gjakova93
Reckless1
Asdfasdf1
dave2525
oyakawa1
leningrad01
Brugy123
Plycem0102
slrp1611
pakow424
Ryan1967
mohican1
punx1977
Basketball18
dragoon777
fuckyou2
crazyone1
montana1
Londub74!
Arizona1
19031903
Liliana1
Mine0007
password6
namita1974
Kickflip1
Racecar13
Sealion1
celtic67
Ethanx15
evann1910
CVFootball63
Awesome01
980623As
Gamefreek1
Handball1
Technology98
Evange1ion
arsenal5
kyle0828
ua250555
91780yoyo
batman1986
harrison1126
Caniceiceman11
orfg1992
manchester7
Dargo123
Lincoln1
madmax99
Chappell88
only1twags
FuzzBuzz01
3girls
master11
cheese
Patriots12
pa55w0rd
red123
Tristan1
spartan117
nathan12
Scooter1
patches
p455w0rd
control1
dorothy1
brittany
nwo4life
loveyou12
Lucky777
familia1
spike123
destiny1
mamusia1
Welcome01
Soccer123
holiday1
calypso1
Syracusa7
istanbul34
16641664
ssssss
desiree
nikita
sarahzoe7
banane
Bermuda1
august19
jackie1
Holden678
Ohiostate1
kristian23
Shadow123
parola
Logan123
zachary
softball
icecream
Jessica1
paSSword
skiffy
123123123123
killer1
12345671
cormier44
2232acdc
Watford2000
lover90
69uln213
leontroy
Dreamaker1
peoples121
grange11
retired60
grundig1
topalski2
LoisLane321
rosenrot
skylos20
aw3eft6y
spokinhato
08121999
cocoloco
9037292732
voetbal07
b123147456
g9l2d1fzPY
aaaaaa123
braves01
qweasd1
123451
password5
sundance
chicojaca
gargoyle
newpassword
clockwork
aquarius
dietcoke
Kawasaki750
Ninamathias2
EBA010eba010
PerinC1962
Mfj24fcnp
Lu121070
Mcvince02
Celticfc1
sQgl35t6%uA
SDF&c3xFh
c9npnJ56&zW
Carlton01
patches1
cameron1
pepsi123
Martin01
mustafa
Noute55140
Manon2003
Minette1
akira666
kgo97wxv
19june2004
loraine12
morpheus
123QWE123
airplane
subaru02
cooldude
bookworm
beatrix
berenice
cordelia
devina
halley
wallis
annabella
annabela
annabal
anna-maria
anna-diane
anna-diana
ann-marie
anjela
anjanette
anitra
angelle
anne-corinne
annamaria
annaliese
annalee
annadiane
annadiana
tommie
beryle
bertine
bertina
bertha
berrie
bernita
bernette
bernetta
bernete
bernelle
bernardine
bette-ann
betsey
bethina
bethena
bethanne
alikee
cinderella
constancy
constancia
consolata
tallie
102528
predator
donnamarie
nathan99
roudoudou
bulldog
ariana
samuele
guigui
alligator
restless
temple
sylvain1
president
mathieu
goldie
nestor
123456789b
realmadrid
leoleo
coline
pimprenelle
patience
corentin
marcelle
vinnie
sanglier
hermine
mercredi
lisette
infirmiere
karukera
262626
lucile
deborah
thibault
senegal
avocat
constantine
lancelot
solene
toujours
velvet
prunes
petanque
gaelle
decembre
amadeus
clarice
tahiti
bonbon
picasso
myrtille
lucille
ballon
breizh
pluton
tulipe
dorian
wendel
megane
algerie
contact
jujuju
erwann
luciole
youssef
patate
papounet
janvier
socrate
tomtom
girafe
tresor
marquise
mikael
pierrette
gaston
charlot
belinha
natasha
brooke
michael9
catherine1
pookie
children
thebest
figaro
Hannah12
Hannah01
Computer1
stuart
happiness
brandy
formula1
walker
bearbear
bonehead
sousou
booboo
majestic
6565qw
panasonic
Rootbeer1
Fengshan2015
amanda123
chloe123
silver12
allisall3
mouse123
basketball10
vegeta67
newyork1
Melissa1
patrick13
angelle1
Lizzy123
0p0bfp2j
Orlando1
Madden12
Brendahelen1
4429Derwent
spiders!
clarissa
domini
maximilian1
skate123
1990507ups
chickens
starstar
Hayden01
violetta
washington
Maggie12
mickeymouse
sophia01
vhrn7808
Hockey12
blueman7
r2d2iskl
12345qwert
fabiola
valentino
carlitos
paulette
distrori2014
superman123
Creative1
0000000
Kakashi1
iloveyou2
jackie
wishbone
030283
poderosa
161072
branco
311077
271168
196816
998877
jesus01
epilef
090388
161266
kiss123
aeiou123
asdlkj
marisa
mario123
apple1234
willem
jeannette
baseball12
gordon24
snickers1
falcon66
Monkey12
harry123
michelle12
steelers18
Strawhat1
rayane
raissa10
erika606
lordluck
5637062
fas37401212
23011952
bonita
Soccer13
Chargers21
Quantez22!
R3xcalibur
Bearshockey13984!
Cookielover08
Monkey66
What3v3r!
Cloud123
jannel
gsxr1000
mikael62
1san11jyt
henriette
a12345
emr04jmr
trunte
1a2b3c
bettina
henning
250502
b1m6uS7re
brian123
nicklas1
241247
robert1
mustafa1
felix1
november29
casey1
hallie
Monique1
Cantona7
bombers1
boomer21
Passwort1
nicole1
taxidriver
maria123
verena
nintendo1
waldemar
freeman1
michaela
max123
theodore
Claire16
sister
borboleta
dorothee
Einstein
Sebastian
toyota
123456789h
laulau
sonne123
claudia1
Sonnenschein
coconut
Jensen
thomas123
freundschaft
schmetterling
marco123
suzuki
Schalke04
franziska
denizli20
andre123
schnuffi
annalena
nicole01
Caroline1
summertime
larissa
manchester
raymond1
hamburg1997
198010
conradjacob73
funny110
steffi
technics
porsche
rocky1
oriane
55555555
karoline
mercedes1
beckham7
13052000
2105tamx
andreas1
vk2599059
dosser96
0671kimf
807043thth
omega3232
luna1409
Gedekid9
ttt30922
leif2023
dinodino
rene2008
love2love
23001433
Nicklas09
1varmemester
Fagerbo65
Nicolai1
MADgor106
19861986
milena
alberto
princesa
pass1word
15261526
10203040
Georgia1
jaguar
Samsung123
children3
murielle
Qwerty123
098765
0102030405
369963
ernest
august28
orlando
gemini
sexsex
westside
calypso
laguna
london123
marielle
jemima
poiuyt
janella
werewolf
teddybear
eugene
animelover
joyjoy
terror
castro
Tnk0Mk16VX
welcome1
etienne
pantera
emerald
angelito
precious
rockwell
pass123
callofduty
nokia7650
pppppp
webster
yugioh
1qay2wsx
carter
jesuschrist
miguel
guitar
october
coleen
speedy
success
0811314513
adrian12
cccccc
marjorie
ronald
simon1
kathleen
maymay
rachel
pasaway
atlantis
ranger
walter
153624
badminton
Jesus123
tanner
Password99
Fireman1
brittney65
mother
scarlett
elephant1
serena
spencer1
redsox12
rastaman
faith123
shadow12
love5683
bernard1
Nicole11
babylove
Shadow11
Daddy123
junior12
Jonathan1
Radiant1
buckeye1
ronaldinho
fullmetal
austin01
jason123
dragonball
qaz1wsx2
franklin
newlife2
nothing
super123
broncos
Disneyland12
purple21
sassy123
asdasd123
abcd123
dragon21
corvette
ethan123
alberta
ashley11
gretchen
memphis
sunshine12
Baseba11
thespian
houston1
zxcvbnm123
cowboys1
Jordan123
music123
kristin
rockstar1
dolphin1
thompson
Denei1991
soccer19
parker12
Ch4unc3y
madison
nantucket
finalfantasy
football12
summer1
Texas123
cookies
namaste
Peaches1
skittles1
catdog
winter
flipper
hollie
neptune
johnny
19881988
kisses
catsrule
rosebud
bailey
little
rudolph
terrence
ashleigh
001984
carrie
272727
fletcher
reddog
jeanette
corleone
semperfi
ladygaga
balder
456852
987456321
dragon12
baxter
fender
destiny
bennie
pickles
147896325
justin123
random
bobby123
rey619
naruto22
denhaag
rammstein
foster
baseball3
soccer21
shithead
theking
philip
latino
melvin
Tab102515
5o78065O7806
hunter21
florida1
Rlegamaro7446
Asdqwe123
jonathan4
ambitious108
Kyra1Cole2
mh02na4594
callaway
Lancas7er
Trumpet1
xorb0704
cesxuf7r
crazycat2
abparker1
Wenatchee5036
k001whip
Tanner85
AfshaanA
miamifins21
centrafrique1
Tzedc1503
Banzai13
charlet13
romeo36896
Jordan14
Bennyboy1
October1
Mushroom1
Snickers1
Spanish1
Findus123
joseph1
1qaz2wsx3edc
Dominic1
sophia123
area51
catcat
faffeds18
Gregory12
soccer12
frost123
timothy1
football24
hershey1
number1
qweasd123
zaq1@WSX
lizzie
magnus
mississippi
casanova
flower123
horses
blackberry
conchita
wonderwoman
tigers
cantik
theone
strength
Paintball1
treefrog
Munchkin5
christmas
Nathan01
jeff1234
the5machne
August4th
melton1954
Scarlett1
321123
travel
12369874
panzer
azertyu
123Soleil
anna1954
stargate
852456
lolalola
848200
novembre
c0mputer
Simba123
bubba1
chipper10
Jessica123
Hellokitty1
airforce1
familyof4
Mustang1
shiloh
colleen
admin123
dennis123
helios
victoria1
fifteen15
logan2001
eddyston3
krycha123
SDsu1314
datskune08
calif0rnia
miller110
Gunbound1
weavel2947
redskins
Daniele98
Apple1234
junior01
lovebug83
victor123
Doctor24
1973sheng
estrella
Snoopy12
lopas123
Poozle22
200801121
dakides13
Brahma25
Rachel2800
km062944
tritontr19
Har12ry7
etzor6ab
Lolcheses1
36250629Za
arena007
tekrok13
A156k1s1
8d8swybas
86transam
Bjornagerfett99
Jamuel1205
luchino88
Mightykobe7414
kjb2268atf
Ordeni31
Kaneda2298
y0430232
Marty101
Siriwan5
bagels01
Gabriel2
Thematulaklives1
Quintana59
Voetbal213
Ghana2015
pinkfloyd1
5106166207d
giovanni87
Kahl4ever
Lemonade20
Prajna01
Rog6241464
alexander2
sungam0506
svaR61FG
buster212
7d7vkvgdd
Lostprophets12
13795486200Dd
Ladiesman217
Jabberwocky97
C00lB3ans
scouter9
Awes0me1
caroline3396
Qscft9844
Parol6157
Santos5151
bizzlesnaff9
haplo7775
surf1212
Moortown1
Abdulrahman95
hadoken1
asshole123
Hidiho123
Olaf1969
Huntman88
Yekim451
Moe521151
Australia01
Minnesota23
Masina12
donmusic18
camisa10
Iliketits1
Squazums321
W1ldf1re
quincy114634467
Michaels13
Sackman1
ingorion177g
lasaje91
Pele90lol
Whanga865
Snowflake31
Sunrat22
Shadowkitty10
Kkagome1
Cloudfan420
Bryan241998
Casanova1
Dream2015gw
Bondgirl1
summer10
Naiyam123
vedant123
oliver01
thomas12
Villa1974
boyscout94
99GHeiok
Restricted0
K3502tip
sab62124
18931945
Haloreach1
Sayen123
Camilla78
1zeyA846
iv8686an
ryan9876
Dudley63
birago62
chinpira0324
arma12898
and10333
Foster2004
rimmer06
brownie1
Amazing123
langin270474
texans80
pudding1
753159aS
Somville34
32555110
cgy66quy
Andrew98
orangeblue
samgabe1
cephas69
meghna78
Metal123
ebr38a30
4f2f69af
whangarei
Snazbot97
doom6194
nw020703
juanes99
salwa7264
minecraft11
69cougar
zxasqw12
sniper
Oliver12
jackie10
fire1317
nateford
counter33
5eraphim
fcporto22
Punchdrunk1
Delldell12
grundbergf611
frost626
199743had
atha7FUt
G2721987
Nonos93500
Mnanaszko1
Sc00bydoo
Scooby212
Klokdeth1
Oddjob12
93peter93
Thomas01
Niall777
fisher222
9k12ak12337
Soccer03
elhenry14
dthvPA123
ludvig
aamand777
margaret
Rainbow1
Family123
sonny123
Lovelove1
nascar99
poppy123
chicken1
sadie123
Slipknot1
rootbeer
sparky
Huskers1
Killer123
redsox
tigger
Shadow01
Rasengan1
chopper123
speedy1
baloney1
Bonnie123
baseball01
Paradise1
justin12
peanut123
Casper123
asdfg123
bowling1
sally123
Chantelle145
HammarbY97
loser123
sanane1
19871987
Jesus777
annick
gabrielle1
qsdfgh
tanguy
lemans
jeanpierre
gibson
19891989
justin10
rush2112
Welcome!1
Fluffy00!
raiders1
159951
Minecraft1
Blessed1
vargen13
soccer123
ellie2007
claire11
adri6491
blunts420
Bzwfdgs8Cntry
HotMom01
ashton923
Paprika1
Masonc98
colin1
Taylor211
Mexi2001
phillies5
Evolution08
gators52
Sunshine602
mumiaa12
12345678911
da691959
alexandru
asdasd1
welkom1
klopklop7
pokemon11
zzxxcc12
banaan
squerpants100
ikbg38_38
poepen123
sporting1982
mijnvrienden
minecraft01
oooooooooooooooooooo
welkom
Ballonvaart1
LUKKIE112
aliali123
SULEYMANSULEYMAN
boemer123
42041053ae
joaovitor123
996966
99203977
123456789m
asd12345
iguinho123
155234679
matematika
arsitektur
Jadelee5
dannyb13
babyboy
love1234
Greenday1
2991bacahe
onyedikachi
adixdadixd
Softball27
Guccimane12
sports
buddy1227
Dietcoke1
ruben2003
tarahtje22
mexican1
kelly123
john123
Platinum1
321456
111111111
11223344
polska123
05081982
junior123
auditions
INDIECLUB
indieclub1
hitchcock
Danielle
indyfilm
g0indieclub
indieclub7659
Indieclub
screamking
filmfest
blackhole
bobafett
Darkfall
production
12monkeys
negative
raistlin
theziaxxx
movieman
arriflex
indieclub7
indieclubpass
thursday
mallrats
Hollywood
ohiostate
Denied02
Midnight7
Internet1
fabulous
kristen1
Darkness1
Surfboard25
Herclat25
Lea96ugo98
Machemalo1
Strank91
Sp1203045
Aurignal1
Sahara01
Tara1969
Contrex39
Ralphi973
Azert123yuiop
Lenaclara2004
Samantha12
Garulucas24
Oleron17
Calice06
Depannage09
Music123
3&4sue5ejJL
Western1
Gemma2019
h&SH7jI7
yk7$c9Qx5qO
I9k7hnv5sR
Matthew14
Morgan12
22071981
february
matheus
12351235
marcelo
112358
lucky1
luana123
senha123
leandro
violao
Phantom1
P09okl123
Ashley97
Manuel2003
froggy99
r313afaf1
Jayjay88
Debest12
alsomali4
Shadow12!
lopez123
cowboy11
iamthebest
Cheese11
Zelda123
pokemon4
Britney1
Tufty567
June1993
Eagles12
Windows1!
bradley1
Deadmau5
Blackops3
alex123456
Born1993
Asdqwe123!
peekaboo
Jessym69007
Roucky89
Izanagi1
Online100
junior1
Mathias7
joyceolympe
jilove52
TUNISIE08
satanas5292
robocop
martini1
etoile78
1a49bzw6
macman41
againdu67
Carvalho83500
sumomo123
Darkbark34103
Bahrain91
michel60
bouchon
trumpet
loulou1
bobmarley
brighton
1234567890a
stepha
graundog1
Margot2009
3Odi15ngxB
cheese12
Nikolas1!
poker123
Oblivion1
Cooldude123!
Beagledog6!
Pepper10
Letmein01
sarah123
beatles1
fuckoff
Sk84life
a1a1a1
batman12
racecar123
jackson5
awesome101
patriots
kim123
puppy1
bella2013
meowmeow11
bunny1
harry1
Angrybirds1
atalanta
tucker
barbey
barbee
barbaraanne
barbara-anne
barbabra
babita
babbie
babbette
beitris
beilul
beckie
beatrisa
batsheva
bathsheba
barrie
benoite
benita
benetta
benedikta
benedicta
benedetta
bendite
belvia
bellina
bellanca
belita
belicia
cordie
cordey
cordelie
coralyn
corabelle
corabella
corabel
consuelo
consuela
constantina
bernardina
constantia
bernadine
bernadina
bernadene
berget
cornie
cornelle
cornela
corliss
corissa
coriss
corinna
corina
corilla
corette
coretta
corene
corenda
corena
corella
coreen
cordula
rustie
dianna
dianemarie
diane-marie
diandra
diahann
devora
devonne
devonna
devondra
devinne
desiri
dniren
dionne
dionis
dinnie
dierdre
diannne
donnajean
halette
donielle
haleigh
donica
donetta
donelle
donella
dominica
dominga
domeniga
doloritas
dolorita
dollie
dolley
harrietta
harriett
harriet
dorette
doretta
dorene
dorena
harlie
dorelle
dorella
dorelia
harlene
doreen
hannis
doralynne
hannie
doralynn
doralyn
doralin
doralia
halimeda
nathalia
tracie
tracey
virgie
warren
warner
stephan
wilton
tammie
timmie
henrietta
ailene
aigneis
agretha
albina
albertina
alayne
alanna
alanah
alameda
alaine
ainslie
ainsley
ainslee
aindrea
ailsun
ailina
blakelee
blaire
alexine
alexina
alexandrina
billie
alethea
alessandra
alejandrina
aleece
alecia
alidia
blisse
alicea
blinny
blinnie
blinni
blancha
blanch
alfreda
blakeley
sandro
augusto123
anna123
teddie
rustin
sandor
rudiger
rriocard
talbert
rogerio
ruddie
rudolfo
thaddeus
sancho
turbo-8508
choko0319
mimi0227
gators
salmon
armstrong
kids1234
leslie
beverly
pompon
violon
juliane
cindie
claudette
schumi
lilith
robbie
biscotte
antonella
eureka
marielouise
trompette
octobre
legion
fortuna
enfants
laurie
faustine
marielaure
aquarelle
montlouis
albator
evelyne1
hildegarde
paquito
yannis
valencia
Marine
ireland
licorne
clarabelle
choupi
creation
pascalou
coyotte
bipbip
information
ordinateur
66666666
nanette
route66
thelma
tiffany
tototo
moussa
suzanne
ocean1
bisounours
melbourne
424242
golden
cyrano
voiture
walton
sagesse
patoune
linkedln
matheo
060606
stanislas
bridgette
cloclo
poupou
bureau
CECILE
sixtine
momomo
kangourou
raymond
chouchou1
basket
auguste
espagne
DOUDOU
AZERTY
chonchon
laurine
taratata
melina
choupinette
boulot
Toulouse31
MICHEL
challenger
mafalda
django
nounouche
mulder
lanester
09031964
indiana
nounette
septembre
colline
madinina
crocodile
soleil13
abigael
moimeme
emploi
belette
heloise
verseau
sanson
casimir
polkas
barcelone
vanina
olympe
hercule
yvette
tagada
bambino
reseau
josette
madrid
060401
flamenco
framboise
vignes
mirage
141414
mistral
maelle
droopy
illusion
gauthier
minnie
jojojo
campagne
&?\xef\xbf\xbd"\(-
utopie
maximus
cousin
julien2006
emilien
nouveau
matisse
Linkedin
reunion
juillet
dimitri
proust
mariette
josiane
azertyuiop1
Tigger
tango123
arsenal
freddie
hockey36
guinness
mollie
angela07
albion
katrina1
granville
watch123
Simpsons1
Chelsea123
Arsenal123
pumpkins
babycakes
newcastle
Elliott1
England1
Megan123
Rooney10
Biggles1
Football10
Emily2004
George11
Buster123
Labrador1
Connor01
Bonnie12
Samuel01
Emilie10
George123
smudge
lebowski
Tottenham1
rusty1
lauren
chocolate1
smokey
maldives
Riverside1
Jolusia27
ploppy11
Princess101
nideknil
sadie1
lewis123
Frances1
booboo11
gracie08
adik12
blandine
oliveira
solomon
Another1
denizim
29011999
7321976
5204039
41206896
asd123321
Naruto123
botafogo
turtle
eagles
1029384756
Liverpool11
b2411h
starwars123
Jake2003
darkcloud
dancer12
devine
Bailey
howard
gabby101
gundam
passworld1
7655121
demon89
20041106
floridazac
110103
viper234
kiskis
tent49
sexy123
74800104
607080
www123456
pastor
hollywoodund
maplesea
123456321
4842153
fghjkl
loser4life
q1a1z1
Fuckyou87
586868
t1n1993
indochine
Pokemon9
abc1231
pepito
august22
Jeremiah2911
Soccer10
Jordan11
mohammed
phillies1
timberland
19851985
family5us
dottie07
killbill123
pods8892
325sorange
krw4rrt3
kendra15
lh2020901
Gutierrez1515
carley02
Emma1107
Aionibuju1
namie111
Mstweety1
ddusters
yumekui123
digvijay1
hope4444
akwaibom
Passdown69
Giblets1
wtfwtf12
kitkat716
family1363
Lillypad1
Mindless2
Arenee33
Daniel0607
diva0506
gunner94
buster90
041399elvis
Flathead40
Amynekhaila1
1234578k
pikachuu9
929641t
sophia1001
rivers19219
Michiko87
hr273564
bartmax123
Sulva123
Zanker1500
ddeng1202
divina81
0liviaKay
Pumpkin_18
Tanggong5
Kingking7
Ilove2dance
cactus11
Gunner95
Manchester99
Smile4me
902799Cn
Bigblue14
pwrockwood
Justin10
Gabriel2014
021997Ml
Antonella3
Stalin1953
Ilovemy2pets!
UMHB2012!!ba
Lzolboo12
nautica10
Jabm2003
Kenzicrist01
ConTrol14!
1710322cc
rhssenior2010
Iamabonbon8
FARMville12
Matthew24
Basketball3
Hopscotch23
Diamond1
nefertiti1966
patoche63190
pieter
tomcat
314159
samira
ludivine
alexander123
dexter
jeanjean
dont4get
martin0902
icecream1
DeerElk6484
mnjnnnrn20
Krueger90
is1ns2y3
12361236as
magic636977
powned7544
Kamman2013
Sheila1387
Sooty123
gitarre01
tadley22
Fredy5125
Animal20
159lolmdr
Tatertot1
southampton
iamz3r085
Akcomerdio2433
31415926ss
gameboy1
maida3161
StebbiDreki869
spitfire
goldie12
bulletproof108
aristide
Oliver04
monkey16
!QAZ1qaz
hunter1
anderson123
polaris
909090
lollol123
mathway
marshall1
Cindy123
moyasemya2
kakashi1
a1b2c3
alabama123
zxcasdqwe123
3401788657
passiflora1
teufel38
islam1232
baseball10
zyc142857
tavish13
steven421
elizabeth1
ABCDEF
facebook
esmeralda
yankees
mariam
140979
hiphop
woodstock
miguel12
gabriela
susana
bermude23
griselda
medina
mexico
julianna
regina
canela
santos
stronger
elefante
Qwert123
Maggie123
kleopadra090
jonathan12
865663Ed
totsukawa81
bridget
gloria
pingpong
private
love21
manutd
stranger
garden
bobina
cancer
ncc1701
columbia
sherlock
Pizzaiolo1
gsxr750
gray48
ajax125c
elzal953
as102030
600300
K226MEU
meudeus
222008
pattyy
ro781206
300592
sissilia
5316946
drumbi
980627
010623
cabeluda
18111946
07182396
3153040
010305
rfc159
sidmel
liviakg
caca0607
mith82
lula8405
cor333
060680
u240wowy
153522
l0g1c4
dicktres
176176
rradas
pecrgs
v.p.x.
v1sc13n4
crima16
120782
260578
190401
380563
ab158220
dessa12
s197999
apmm16
wiliam18
306712
us124077
chapoli9
bancaria
tatinha
wbs6170
123mila
touro8
brinca1
xlz5fjk1
jhonny
122448
evilcod9
002961
asenha
liliho27
julio08
danilo23
623385
100258
copiloto84
495lici
090189
lfb3084
121203_vb
vipcouro
n090304
frango
238315
duda2708
rd1970
mns284733
071421
aero1967
tiomax1
pirata
pri36264
150782
151259ab
dudu0707
henri01
trintona
mario86
lilica7
lisa222
penta5
panuel
sej2903
luis1979
s1a2g3456
221055
1632404
m291090
313490
30ivo40
eu040366
155221
na2212
mengao3
aq123wd
012411
mblanco6
290175
aa0088
nemomael
ujhd2105
lk1971
241172
ju070202
tidey74
eu125055
meg1511
696951
piupiu32
311609rr
sol1967
lovely10_
426819nn
ni0705
271077
001121
ads2574
159888
lu2007
9835214
c050389c
280619
pimentel
br5135
0102bia
070797r
wm2222
fox1982
portela
220974
250970t
gustavo5
caraja02
160283
simonlb
momo555
6801ampc
hoje1009
lti55ot
paco2000
818284
841208
w061975
532844
tel7626
ml2414
280487
darth9
212258
ale0804
ks2a15s217
2201kali
gui1973
jms1965
sbrana19
jr0375
ps969210
132927
dois1000
290400
250777
925849
verde01
said14
morten28
2102pw
fiorino
nicoly
ap3079
w0pq45
bsb147
senha10
amylee13
bina1000
traidora
lokinha
val1971
1cerveja
a171217
183832
eu459338
ita1309
cordoba1
250179
sd1129
antero20
171272
alex1961
ajnmal
crsa1305
lac600
carol25
0610rbd
271183
142964
28011908
n318618
cel2206
le2005
socram
afa88ufv
nica10
120504
180983
kpm2819
980052
bhank2
tri2005
171262
nh066030
g1g1m1
mi6345
051066
280881
as200171
mayco15
260594
327613mi
strokes8520
ninito
w244848
diego30
cla2108
95509945
61724554
jujuba07
car1505
1000atm
m018674
mimi168
180774
vini2812
abc182
annie1
273765t
987feliz
ed0347
1skolgelada
tl0202
rsf0210
4921776
diane35
241835
130685
22amor
bje3892
3322pi
decahe
122324lu
v4ehwj5t
wolf1611
100tso
luca10
paratel
gui2604
vdb2183
131098
0902maro
97441772
homens
lsd1577
247831
laura6
violet21
270476pd
61174001
joaoluc
vivo2004
jcdn95
thadeu
luciamp2
fran75
534915
lmd1975
mo1978
carol07
pri9479
260659
age9165
190783
ro069430
nutricao
arsenal10
robert13
wallace
asterix
schatz
indians
Fritsche
nascar
oscar2
poncho
Ladybug1
valeria
daisy1
mbexkdp2m
soccer17
Poppy123
soldier
123456789q
sammy23
amorim
sonic25
20072007
3c/3da6
lu301107
mi120783
29011970
jack1234
a3f456
270500
0r14and0
060389
jfp142368
nokia3600
deni0119
V4mp1r4G0t1c4
ards1999
Tayloral2480
bilal876
Kienwald47
"2019-12-15
asshole88
jams07
mOMENTUM2121
Noodles48!
Skipper02
lefteye89
Scrappy99
Hornets11
Sophie2010
dice999
Maximo1988
Darkness69$
antoni
younes
perfektina
Andrea
morsing1104
britta
bluemoon
qwqwqw
grethe
tiger1
gc181065
simba1
debbie
K0ntoret
london
Olivia
rasma123
madsen
skolegade6
muller
robinson
birdie
bettine
Vinnie
harmonika45
camilla
chris123
olesen
esther
smileinge
Smilla
anne-marie
Bertha
mddcJC13
kiwi1234
hansen
flemming
Ansager
morten
solvejg
fuelman
april2014
luckydog
Password01
Marshall1
natoday70
natalie1
damagedf
saints
Success1
Triplets3
Qwerty
banana11
Monkey10
svendsen1
October28
tippie123
2monkies
eaglescout
ansley
floppy
meghan12
knights1
Ornella1
Sophia01
gustav
papatyam
Pusteblume1
blabla123
thomas25
mephisto
moonlight
norbert
mona1234
ketchup1
christiane
hallo12
leopard1
sandra01
princessa
marie2003
freddy
golf1234
Alex1998
hawaii50
Vincent1
stefanie
alexander9
theresa
Cleopatra1
christel
colorado
amoremio
hermina
ncc1701a
123hallo
tiger123
fabian
titanic
johanna
punkrock
michel123
Feuerwehr
steffen
dezember
magdalena
meerschweinchen
sandra17
summer09
hongkong
sunny123
schnuffel
hurensohn
Shadow12
Halloween
joachim
selina12
samsung123
justinbieber
Jacqueline
99999999
dagobert
marie06
Ferrari1
angel1234
manson666
999999999
kangaroo
Alex2004
roserose
horse123
simba123
kelebek
ichmagdich
liliane
bienchen
liebling
Mexico123
Chocolate123
dallas22
presario
laura1
turbo777
dionysos
aggroberlin
lucienne
hanibal
270667
thomas21
topgun
mascotte
Lilly123
Vodafone0311
290199
carambar
madison01
josefine
98029802
mulle123
martin16
Soffi2003
hondavfr750
mille123
939968mk
cecilie20
bpa200256
nordgren170590
0040197282
loveme13
chris1995
hftnsgot
blob0803
vestjysk4
Munkely7a
salkin1004
64742206Tina
bts99exb
mons3327
2910Serup
Mischa123
chato0108
ns171176
cezara2209
hlk2b2b2
752700js
Malthe2310
arly0711
hwy44tbg
pp271982
11023003
duka2531
camilla1
simon123
reggie13
147147
19951995
19821982
millie
jacob1
harvey123
Vanessa1
12345689
dinosaur
0147852369
202122
bumblebee
sasuke12
123000
beulah
Gundam00
Sample123
bomber
stardust
benjie
roadkill
Dragon
Enterprise
potter
143143
markus
kobebryant
hahaha123
jonas123
leonora
piglet
darkangel
motorola
59mile
anselma
123123321
stephen
arielle
10pace
andres
sleeping
colonel
flores
alfonso
crunch
rooster
tamahome
sanchez
ariela
superman8
zgmfx10a
Caitlin1
harvey
lacoste
indira
palomino
chinchin123
sayang
gangster
tessie
manuel
terminator
raquel
princess17
qazwsx1
saranghae
batman1
stephanie1
david2011
denver
050681
sophie21
gambit
michae
gabrielle
xxxxxx
audition
genius
social
R353ala6l3
opensesame
October12
Thomas
dorothy
lololo
159789
national
admin150
aaaaaaaa
marlyn
rupert
virgin
sasasa
friendster
ilovemyself
single
loverboy
pussycat
shelby
Ateneo123
umbrella
asdfgh123
mirandilla
slasher
matmat
iloveyou12
garcia
janice
bestfriend
princes
blessings
montana
ewanko
charmaine
danica
minerva
mariel
jeferson
maryann
justdoit
janjan
blackops2
tonton
101092
maganda
taurus
triskelion
michael123
147852
magandaako
magics
mamapapa123
hase1996
Baseball21
Destiny1!
Portugal1
Kendall1
imadiamond
Cooper123
ilovemom
Portugal
julie1
123456ab
chiquita
mazda323
Shannon1
jack2000
Rebecca1
Football123
celtic1888
bobbie
morgan123
giovanna
meatball
jimmy123
daddy123
jimenez
fernandez
October6
eternity
Newyork1
bluebird
titans12
lisa2000
gamecube
1234five
baxter03
trumpet1
dinosaurs
august16
digital1
mickey12
kaitlyn1
amethyst
Dalejr88
Lucky123
lebron23
anna2002
crusader
notredame1
loveless
Gigabling2323
my3girls
Megaman1
james101
F00tball
connor11
jessica13
jabberwocky
Bubbles1
nirvana1
hayabusa
Montana1
kenneth1
Goldfish1
hunter01
clitoris
nascar24
ladybug1
panthers1
andrew13
iloveyou8
password22
science
jesse123
Summer21
abc123456
eleven11
silver01
shinigami
jeffrey
hannah99
Heather1
skylinegtr34
bailey123
sullivan
goliath
antonina
bigdaddy
hamster123
thomas24
edward123
Ethan123
wrestler1
alohomora
katherine
soccer09
goldfish1
iloveme1
messenger
Patriots1
metallica1
monopoly
baseball19
firewall
Snowball1
ashley1
Hockey123
mewtwo22
monkey22
transformers
southpark
danboy123
iamawesome
Valentine14
19901990
soccer25
Donovan1
justine1
penguin
america1
jessica1994
8letters
Princess2
Hayden08
incorrect
Cameron10
Theresa1
Bunny123
Abcd1234
icecream7
spartacus
Cowboys1
Chester1
ab123456
brother1
brayden1
margarita
trumpet69
redskins1
Incorrect1
password3
dragonfly
December23
john316
Joseph99
jasper123
blahblah
broncos1
Chloe123
4815162342
bella2011
Bonnie11
Addison1
1Jackson
Veronica1
Arsenal14
children4
voyager1
tristan13
nicole97
lollig12
hayden06
cupcake
Adventure1
kisskiss
charlie12
Iloveyou2
monique1
michelle3
alexis12
boston12
Fuckoff1
maxmax123
muffin11
pavilion1
sweetheart
brianna1
sterling
green123
disney12
diamond1
Soccer19
Pebbles1
yvonne
hilary
provence
babydoll
deathgod
bigmoney
people
lipstick
skater
jayjay
rogers
ingrid
gerald
silence
killers
fluffy
college
cheater
goober
maryjane
musicman
adventure
fuckyou123
karate
soccer99
millwall
godisgood
daniel89
cooper1
hedgehog
dragon55
jessie123
monkey101
111222333
delta123
1234512345
pizza123
harrison1
baseball13
windows
tomtom12
january6
Pokemon12
123qazwsx
coolkid
Bobby123
myspace1
demon666
bennett
sucker
toshiba
butthead
kartal
fatcat
romano
apollo
kevin1
death1
jeremiah
element123
dragon10
kingking
foxylady
cheese11
charlie21
changeme
discover
popo123
linkinpark
money1
wizard
Elephant1
asdqwe123
rooney10
Dottie123
RBHA8PSY
hanne123
Confound1
Twenty20
336477188
1468d1991bc
sp16ae78
Bulldog33
zqBmL4OX
Bjam1948
Alfie2009
a1a1a1a2
mipset0416
Qazwsxedc99
Simon1300
samuel28
demonking6
Bobby7777
Felton1989
magicman21
Voorhees1
Shutupman1
crazyme007
hammer11
cooper01
Meman850
kitten12345
Mynameisgr8
rajaashi1
F014life
Fish1234
Pumble81
blabla12
harley12
koza1984
lcball12
comedy11
yd83rokk
Blah1blah
mikkel11
rowanlynch260
Mason160703
Runner12
Pier2007
Gohogs03
sydney0406
sardine1
Codyvugs99
yamahawr250
1t2o3b4i5a6s
Sabara12
Dallas41
iloveliverpool
Budlet123
741123
peugeot
lukas200200
Voyager1
Dortmund09
Sternschnuppe
Passwort12
Marie1607
HausC031
Stefan1971
Maurice1
eXU7azEp
Sz1806M1986
Maxi2001
Alpinab15
Jackson123
winter08
Felix123
Musica11
november22
Marius623
merlin12
fishing1
landon12
Goalkeeper1
Gibsonsg1
Lillian1
Mommy123
soccer01
Christian1
frankie
Jacob123
Potter07
jacob2002
Flower123
Soccer21
Monster1
Monkeys1
Tres_nov_96@
nokian95nokia
waffles1
Skoal#360
Tanner123
Yumyum07!
descobrir1
chewey01
Shahar1123
kitty1
awesome12
Stud657$
hunter12
shadow22
devil666
Beyblade123
lasvegas1
Giulio1234!
p@ssw0rd
Holloway1
28825666l
oliver123
iloveyou22
Astonvilla1
snowball
Cupcakes1
310797tim
august23
alyssa07
jmjsm3841
Deltasquad12.
igorfoca1
Bramble1
september22
12qw!@QW
buttercup
69Camaro
october1
pontus02
pacman
liverpool1973
Pepper14
Steinbock13
123456789k
trigger1
Lucas1977!
royaltenenbaum13
dominic1
jojo123
baseball5
pickle
Windstar00
karakartal
787878
Infinity1
Aaron123
catalina
040885
020288
181818
victory
111213
260879
semangat
789789
mamamia
bismilah
telkom
mazaya
25okt2013
190881
kusuma
Jason123
pineapple
AmjIce13
Carter15
Hacker01
2988183
KasiaK9992
Junior13
Gabriel1
Familyof4
boss1234
1derman
green22
Shaolin1
flowers
Gemini12
mr112255
1ofakind
Maradona10
supersonic
aid4wopS
niblick1
Battlefield3
Lkp123456
lovegun01
Partybabe26
daniel01
8888123
theresa1
jojo1234
aket67
q1w2e3
biologie
bouchra
thibaud
tournesol
mama1970
777777777
mirror
fbd31afbd
alexalex
skailain
julien2312
mercado
Snapaz00
s3ls4eva
andre1107
laura2003
ka100681
Austin22
arsenal8
Chester11
hannah12
swimming1
commander
lovelife1
password1234
boobear1
Hunter13
august21
coconut1
franco123
atlas123
Alberto123
Benjamin123
Alexander123
kristian
antony
rommel
Mama1234
Hello123
deadpool1
Somos123
anastasia10
2801ammu
Were1234
taggart24
zabaleta5
Visbak123
Superman24
10393Ravens52
12345cmt
moojman10
Hejsan123
Fireball1
ghost123
1qazzaq1
asphalt1
jmv832104
Amsterdam0
Vidar700
welcomeip
vegas777
Bear0000
gemst0ne
putnam58
mamma123
steffi22
Veritas00
1933051at
hornytoad
cally2311
23jordan
bob127carrot
afrakirch99
cooldude3
baobab81
62BStee9
Jetli567
drewpeacock21
kneel5633
com123456com
muppet197
1sailor1
maxwell123
Mustang67
qwerty789
muffin22
Wingzero00
zahodi48
Momdad123
M00nshine
Alphabeta12
sean1493
carbon92
Zarinana123
9986448320
Jpc319197
mouslim1
ginger1971
nats6265
Gshock101
Potter94
laura520
Palindrome
Rileydog1
AvOk2609
412497samloo
Filip2003
cCk2ghd86
50833000
fiesta01
ericsson120
Melkorka44
Oreo2301
1g2baMFm
1415126t
bulldog28
Jindavee8
rooney77
sneaker0201
P3294z4h
b43764376
Shal0o0m
streetglow21
snowman2
Ra123412
Lena2013
password84
DaBobo2000
043222933
hackmexD94
virginia1
shirley3
Justice123
black2007
audrey12ben
Elijah2014
Qazwsx09
Annie123
wanz2la0
klascius52
homeboyz33
Hooyah18
mipijo79
kpkzv2px
R0s38ud5
Ilikepie1
Letmein2019
remuda12
greer1409
r3public
Kingpimp6
Cranes15
February20
mynameisnick8800
boulette
Mancity1
monarch0672
hogwild2
grenade3
Password2303
Panopticon83
548486ab
Dragon12
Blackscope1
!QAZxsw2
iron2013
p2u5Rabr!!
water725
Charles1
28april1993
emmanuel1
howfame1983
zombies1
eminem99
c21h30o2
America1
Cameron93
Ibanez2011
welcome123
Geeo1234
Godfrey99
lukas123
3014Hayes
greatone55
Pappabjarte1
Ilikegames1
Saphira93
Jimm1972
Josefimbres2
Mariokart1
12345678Salemx
V3rh31jd3n
qawsed789
seanna05
Oups1819
TR33by1997
Tocan1204
Striker1998
Mackenzie1997
Pooboy007
Minnesota12
catty789
Schiggy96
Frederic3
112160dave
44popel44
Bazouka09
Krieket12
Ihewmm123
Zoster44
Cosworth1
Mangekyo9
Konstantineven1
tk051990
cereal123
Applebees6
fuckoff00
asw93avr
Chad2289
8chkpxdj
monpoke2
100267758s
Amelia99
997phayt
1karotten1
ichliebeanimes22
Cooler12
Achilles7
Bingo4496
Tacotaco1
pojoman13579
bornheim1998
Alabama02
lioneye50
johndoe01
kingsley94
Head2003
marcel77
Giga2335
Nunny2209
Hunter041300
actionq2
Cherries89
badger59
marino666
Vandervelden1
Androxga13212
Saigonko1
XKqwerty1029
p4499030
Snarf2424
State123
2pacshakur
Alcabbs1
felipe135
Simens7821
Jed10101
Darka54654
wjdgkfka1
aleksimene123
Blu3t00th
lionell99
dqyaso17
Lindsay0
Hsvabmf7
simpsons2
sea93329
youtube5
99488451m
dude8388
Johs16031603
Shanababy1
Dakota141
1Tqecggvynn
pumas6642
Stinger1
31Kassam
Baseballking123
Wallclock2
Flask5678
Seantpl89
sidecutters1
Frankie8904
Brendo1214
Antcarp123
Missmayi1
Bruce215
Donothing1
vortex11
Creapy123
kjankowski52
dimension80
carr2002
Boosie33
Kaeden55
00abff1bd8
Catman94
monty106
karate199199
AstonVilla82
joncazzu1
Lucy2010
Dimitri001146
ghttpen123
J6lmo96f
topsecret1
bluepower345
Dillonman12
Crazzyhippo1
Nico1234
Lyf1997121
erickok123
shadrach
Marcotd1
Fard1997
Raguse707307
Bj02040204
Freedom1997
Ramit1234
Fuckyou13
3e1250d9
underpants1
group4ever
Oskari98
popotintin0802
haydut2011
David1986
HaMaTi23
geewiz123
chase12284421
War3menu
nikitos00
Link6464
dragon11
junior23
Pioneer123!
Shadow13
dylan1
loganmason8
Payden02
elephant3
ma1559433410
Peace123
2201747205a
Jasmine123
9151995a
bcu5obzx
stevieg8
PVWsw247
14mates14M
Chloes103
Math16mars
jiofleed666
Minikj0leskap
Nikalus325
FireIce99
h0ledriller
Wallflower17
Kir78125
Halo3Rocks
Kaiser09
Nikita2004
Foxio2002
pipou83400
yuyifan123
Rad1at0r
July1997
Malakoff00
guesswhat50
Assasin1291
Riley2015
Michon26
Azsxdc12
Gradys3440
Neminemi1
rusty123
JRam1629
roope1520
Bajs12345
Rja180637
Julien1998
pearl1313
soldier4u
Summer1959
minecraft007
rgghfvd6p
HCgamer2231
Columbia21
luosbio789
Aviad1994
3bluebears
wo7879dea
Delideli18
b1cpax42
koki2001
daaboo123
Hyrule11
austin316
p4ssw0rd
pebbles1
loveme
polaroid
offspring
orange1
familyof6
holly123
doraemon
harley1
marina1
kendal
323232
fandango
Belle123
Pyr0maniac
Souleater123
violin43
master000
Jakobritchea95
nutsack99
kerryblue69
Byakugan01
Gutter11
Lalala77
Mypasswordis12
azxcvbnml
cassie14me
Telefonica1
College079
kansas9904
fatcat23
thurlow84
Claytonwcar1
jmi122006
Einekleinemaus7
Nightwing321
1coolcat
elghamrawy35
Grinnell2012
Anette1956
Emilie2002
cvav35
cille123
Darky123
kejseren
Panthers1
Phoenix1
packers1
123qweASD
august17
Pr1ncess
case1609-1
Sadie987
snowflake10
Grayson1
basketball21
Ilovemy3kids
Gregory1
matthew123
cookies123
8675309
lovebug1
soccer24
peaches
121213
vincent1
madison123
Spaceball1
Disturbed1
Fletcher1
Jake1234
robert123
aaliyah
password18
monster
Johnson1
Timothy1
Brianna1
Kaylee01
Patches1
bubbles1
luke123
lauren123
sean2003
Fantasy1
emily123
barry123
bosley1
victor10
snowman1
qazzaq123
polaris1
telephone1
sultan11
gary123
Integra1
cheer101
baseball123
paint123
Triforce1!
julia2003
buster1
Courier21
December92
Livelife1
furkan123
123456789qwe
burak123
fener1907
Buster12
snoopy11
athena114
rugbyman
clement1
lydia0210
baboune
uvanira
pharaon
closeup
werde151255
270562
eidn0411
escalade
formule1
scarface68
calinou
sylvia
jeanne01
baikal
bacchus1
Tekken45
Dragonball123
Sophie10
rachael1
William01
Timmy2017
Pa$$w0rd
Riley825
Sunshine
Connor12
butthead1
murphy
perfect
565656
riley123
children2
poopie123
windmill
dancer
soccer13
Travis12
rainbow1
trampoline
Snowflake1
castillo
Rebecca01
cywilizacja5
Guitarra1
Fullmetal1
Planter1992
rangers789
Itsasecret5
Montecarloss88
Monkeybum2000
Drewwill99
Heirloom00
shadow101
FordF350
bahamas92
Preston0310
2pimentas
dino5931
28holgate
Gsrlgn909
koolkeeps
CaseJwayne1
KanekiKen1
5064188665
49735016Cntry
Meachem123Cntry
pass2word
maddie123
a1l9e9x6
didou29012001
Adine1515
nathan1
1233211
8oqokoq712
barcelona1
123321123
asd1231
mehmet
ass123
12345698
andrei1
ballin1
qwerty123456789
emir123
Philxlr1
cody1592
megatron8822
darkelf93
kolo9800
chbeni07
olsmith!
cocodeya77
Manic2333
drake1998
wh1sky
meinblock2
Shurtugal7
Lekapb33
shukri1234
negative1
Browny123
freedeep
jazraz22
M92702689m
147852369jihed
Hardstyle91
kecleon98
jarama66
samusamu46
more2life
pierre007
killordead
archiL87
Badminton1958
thurman08
0123532571
August1994
jeopardise
DXTDG123
Storm86blast
reynaldi94
tchimoukfa71
severi89
bedo1992
melo1234
1234567654321
3162714aa
19780711
DanceSaj68
0103411475
Damik12?
tingson1
wskljklj
martinez96
01041988
paddy4life
barneye
bestof08
naharapires1
osito1998
pokemon722
kuusipuu123
niejestempanda2
bobbyfp4796
simki777
Lenni3012
coolman1
october31
genesis147
riskatehen
lietuvaa
familyguy1996
nuramon1
enzo2004
kendall1993
Papuzzo2002
vascopee
triumph
w00dpile
fledermaus
y0y0ahah
JTJ894games
3834barka
3e4r5t6y
jake1994
basildonu1
gogo1234
Pebbles123
dkflbdjcnjr
Happyguy1
tmdtlr93
58745874zZ
kaelynn09
cincank909
carbon11
Cookery1
970411
pepelepu1
Spanyol123
piemeltje
0105863881
bnu74agx
tokoto
ferry7
thesmurfs100
Chvp2487
h3llfire
mikko521
Princess1997
Hillier123
Sweetish1
beertje
samsven
kenny123
armanjudo
leuk123
brandweerman
panda24
manoaheenkhoorn
asdfghjkl123
doerak
ikbenheelcool2003
sjoukje123
anyssa16
mongel123
geweer
Sander13
tijger
denhaag1
sebastiaan
aapje0008
bfs2005
170420000
kopkop123
cool12
kersmis
baabaa
dylan123
poep12
dekippen321
mohammed2301
tomassen12
ichwares
Timdaan0230
cheneydo02
mootje070
boomer80
wiljoh09
gehaktbal
Kingkong1
boyboy09
1510248
Beyond
nathakit11
welkom123
colablikje
1nederland
Youri17
porno1
tariel10
hoilolzz33
18001818Mc
beyond
dieselloena10
kolenkachel
Koekoek1
bouwmensen
xkillercl
Isha10
petra1901
wesley2000
291070
LAMPEN11
hoihoi13
Grappig
John1971
lassi246
nielsvan
LOLYOUMADBRO!!!
plakoek22
tigo2002
fcbarsalona
djambo80
LOLZ14
baars2001
dikkie6
CooleGast
300598
zaid90
jovanny13
devil1234
armin08999
lelijk123
groep600
kingsly
BENJAMIN1
haled007
maximaal
jasonboy
jeffrey24
koekjes
GOsunu27
swaggerboy58
billal1234
groep4isleuk
kolenkachel12
master106
lolbroek
jeroen
hamsteren
dolfijn88
tigerking1
awo1234
kudje1234
Brandweerman
wessel2004
Wachtwoord1
kastanje913
texeira
psveindhoven
162738ab
Jeffrey24
akwarium15
tunguno234
rutgerb
robbus6631
davidorsel
tooy1234567890
20142014
diesel1
mocro5
lekkerding
haitham
adam12345
supperray
willem14
paarden123
JpEoDz3A
Welkom023
khalid8
stelty96
3uh3hl
messi1234
minecraft02
Hyves5748
alex16072006
Bos1616
789456said
ninjaonroad
TEXEIR
huginator
wahab123
schaapje123
adam20
jdkjdk
Quinten169
swaggerboy123
vrienden8
marokaan12345
LOL123
alizadah
a12d145
smurf009
hansapril
xxxx12
ROCRIVOR
abdirahman118
youssef12345
jurjenkeeper
judo12345678912345
cars12
witzieho123
lunteren
turkije75
5kinderen
huizen123
pizzapizza2899
meadow
Mika1111
1912003
zoeken
mohamed1
khadija666
droepy300
mo1234567
Melvin00
milan2004
neuk246
billal123
jimmi201
julioondro
22102001d
22092002vw
147895yeslei
kornelek1
22580322
dolera
granbetaf1
matheus10x
jorge77
madara1210
300493
4654217h
a1a23151290
mu111212
04lol2441
luis1403
gabriel13
sum41edson
123123ma
lincoln12
negresco12
catielek1
Anchor12
gendut20
akutansi
30031992
widiastutik
Bismillah
terserah
kipasangin
sembarang
delapan
assalamualaikum
Matt1997
Juprado17
Compaq2000
hd522194
ajroot01
Slmmsk25
tommy2001
drummond22
zhangxian789
demon0898
October23
R0naldino
carles2339
william11
internet2
brooke123
redsox29
natalie11
hockey88
Iloveme1
Landon28
yellow05
mommyof2
jackson12
sparkle
P3Rat54797
j38ifUbn
a838hfiD
W5tXn36alfW
FQRG7CS493
Uzumaki1
Daniel2001
emma123
Anniemae918
Oesegux3
Bella1234
Charlie12
lovely1
iceman100
mustang1
Runner11
Natalie1
Lishuo123
natasha13
josedod5
Zipper11
Thunder12
everlast
Charlie08
Heathfield2015
Dude1974
Samantha15
scoops76
tomtom123
Shadow1998
batman14
Benben28
babygirl1
Friends1
finchLEYn3
drum4life
Jemma123
Maria1970
arizona1
banana123
Lounaj83
Basketball14
trinidad1
baseball14
Anthony10
Montymax7
Throlad90
taylor13
myname
Zeppelin1
july1994
bodrum
Crosby87
wildkratts
tyler7399
all4him
Torres93
Hunter01
120188
prtpprtp
191080031085
perdashko20
89124939934
gjpbnhjy777
copper
Misiaczek1
januar
jessica93
Christian2004
Welkom123
jayhawks
bonethugs
scorpio26
rainbows
ilovemovies
colombia
dapassword
passwordsareplaintext
soulmate
specialops
joshua18
greatfilmmaker
indieclubpw
indieclub4me
indieclub84
indieclubdiva
dexter4indieclub
difranco
monkey11
productions
10661066
skittles
valhalla
rpassword
moviemaker
silverchair
93970102
pennylane
killerinside
thisisme
caligula
donkeykong
password99
costarica
DangerGirl
sexybitch
dictionary
mariners
roadster
indiefilmmaker
workshop
filmmaker879
indieclubfish
genaroindieclub
honeybee
shakespeare
spielberg
moviepro
makeupartist
filmbuff
adamadam
recovery
kavakava
wbindieclub.com
indieclub.com
traveler
kurosawa
cashmoney
business
download
snoogans
ilp&indieclub1mation
rufinaindieclub
trustnoone
boomboom
character
be1isama
inspector
sweetpea
tomthumb
widewail
filmmaking
sunflower
preacher
treasure
screenplay
monolith
filmschool
filmfilm
filmstar
schlager
dickhead
wzpassword
babylon5
87654321q
fullsail
atindieclub
wishbone/
10November
glow200619.04.2020
Ardvark1
ronaldo77
hallo1
Yankees2
fordf150
November11
Turtle12
macaco1234
Cheyenne1
Cheese123
Abbadon123
Hockey18
Skater101
remember1
Pokemon01
Briana12
Dakota123
Football99
Soldier01
Number22
Packers1!
Midnight1
L1keaboss
Yogibear1
Daniel10
Liberty1
Luis2010
julia123
lollipop1
bulldogs1
Raiders1
Bubblegum123
buttercup1
Ainsley1
Ysabelle66
O20100Omk2
Kck4qrf1
Audrey01
Angela2402
Nf26051980
Margot11
Salpetriere123
Atos1103
Lou03lou
Rusqg8ii
Beatrice9
Montamise86
Rafael11
Makiwen0507
Solene2007
Belbosc22!
Perdriat1196
Cannelle123
Floratheo66
Romeos35
Adrien25
Emma0809
Juventus21
Freddy01
Samourai64
Mascareigne01
Manager20
2005Matteo
Mariage220495
Montilles13
Laurent1
Cortomaltese3
Nihilius31
Belette19!
Facades66
Titfleur01
Noah2010
Epiloux55
Vilka0809
Noahtom41
Grvfc64k
Flo76170
Bigoubigou40
Yenapas1
Titite58
halflife2
Nederland1
Hockey11
Chocolate22
Aidanpat29
chance1875.
Dell123456
316i1998R4dS
testing
PocztA123
JamesS22
Nixnax99
Louise01*
cleaner1
falkirk12
Racers62
Toyota01
@Lfie2011
network2280
Ross2001
Lasvegas01#
Sapphire1
Batman007
dodger01
Kellzy041017
Suzy2803
Fionalaing123
st52uaglupo
JeannieMac58
chrisg123
Recovery123
abueesa17
BigBrian35
Autosave1
3Rdpltns
ou26377
hogg2179
chelsea@home
at743inLubWbhkQ
Caramac123
52MYSfGZ4p9Easj
Daughters@2
Kamari20
Amberavani96
aiden-2006
alanmac1976
yamaha26
2327shareef.
Denham135
Peapod123.
fifejobhunter
Remi1066#
WhiteSnake62
Gsx-r750
patch1994
Deejas1973
160565Kb
123Youandme!
Andrew03
18WassaudI88
Methven1980!
Gemmac2019
merson21
Olivia2016
Bunny@1104
Ginger13
Tarry123
eastern1
Sc@tland1983
Pepper10107
Stewart1155
Hapi!1234!!
Penicuik1978
Babyben2012
Eleanor0103
Kieran2012
Gav7341d%
Shiv@369
Conlyn1234
321321
&@123456-+
rcb450
05468460449
loveme1
anthony08
261284
melancia
030500
11051982
thiago
guilherme
black10
201193
reggae
amarelo
segredo
051988
1475963
hurricane
secreta
202720
pazeamor
100100
pimenta
lucas12
130688
794613
090487
guarana
andreas64
Baseball2013
anon2541
Scrumhalf9
f507108282
Mentalrex1
lapierre2010
Spanky69
Ipittydafoo1
omega6675
Ewigeb23
Pinkfloyd99
smera999
zerbine1
baba1967
Blackbelt99
Ew1fresh
basketball3
kk1818krad
Oakenfold1
keeley17
Bobtido3398
Shotgun1
Jimaron120
sepultribe1
Panchovanilla1
Vincent22
Hghggh78
Smiley77
12qwaszxcvbN
tootcat2
semper2fi
C707978d
jd1984jd
tbrkmlk
600540
bel465gin
ay85fh
3132232
Panzergren371
593636kk
7c76f95cc4
sandy123
jasper01
tiger1234
84865789craft
nederland1
Danielwwe5
Mason123
ladylove1
gamer4life
Grimm274
badboys309
70180616
Louise1988
fulhamfc1
Justin25
Chewy123
sexyme69
800336l
Andre2005
sean2020
ryan1998
gotigers1
letmein123
bonehead1
badbadbad
alexandra8
september18
Zeph2406
Alienware18!
Set4life
Anthony$02
Giaourtia99
AWolf@10
julie123
James2012
Joseph2004
Spencer8
Warhammer2
support1
qwe1231!
madison17
monkey21
facesg
clemson1
Hummers5!
candy123
jmj*2002
pumpkin123
Braden2007
nibbles
Monsterag82
Rangers1873!
basket1104
track123
yellow28
teddybear1
madiver21
evilone666
starwars20
Gregory2winger
3blindmice
missy100
lollipop11
trevor99
Snowday1
letmein42
ya852456
lost13
Asdf1234
eric123
elijah03
June212002
greenman67
ethan2005
volleyball8
sean03
toffee11
Blueberry@1
colin237
Xavier16
Tanner2003
Packers11
shock123
andrea2004
yeshua12
malik123
katten123
summer76
Satellite1
Windows98
Poop1234
Jujitsujon1
prodigy1
6jypt678
shiloh11
eindhoven1
sofia2004
reeses10
brother1234
chicken123
Lumberjack12
paokara4
Sparkie1
doctorwho
slenderman14
zxcasdqwe1
qazwsxedc1
Turtle10
Richard9
tastatur1
pokemon98
Batman99
Nagano01
vtjavelin5
marisa123
patricia2010
florida10
2buttcheeks
atticus18
lisaann1
Mario121
brucelee1
patrick11
Copyright1985!
Angels01
8srmp-chocolat8
92399NewEngland
Yunookae15
Murray11
cheer123
dmstjs9
Genesis13
Andrewoh123!
654321a
Princessyoshi21!
Jacksoldno7!
Pineapple23
redsox18
Crimescene97
tanner02
3children
rabbit0103
3brothers
yuriyuri0125
supergirl54
Kaiyan123
Aaw2020!
inter1908
killerti1808
Louise33
gavin2003
october13
AchillesHeel38
Jackass3
Nathan123
H867145k!
Farrell12
maguire4
space123
Kitsune1!
austin2004
amsterdam1
Hammers99
summer03
Verde59597
Noodle99!
justin05
aliami10
Miojo2013
Arsenalfc11!
carrots1
doodle123
Madmawo86!
Ps4isbeast1!
Cachito00
Hannah15
brownie88
Monkey123
123456aA
Bandit1!
security
scoobydoo1
ines1111
cleocleo
pierre44
a1z2e3r4
sophie00
princesse1
ducati1098
pavilion
berenice1
As171073
Staubin72
love4you
nathan2
casio123
moonshine
steven91
061090
francois1
animation1
adinaman
1209mb32
caline24
Hafoy1006
milachat5
pontneuf
moulins5
tanche
bernard120658
fairlady44
rockybalboa
chris1204
6b244a2b
tytoon74
5septembre
checkpoint21
dodydody
inspiron1935
mimosas66
24081980
7374pmja
sarreguemines1
titeuf61
jojoan47
266guytou
nounouche1
marius69
louis0605
possession
laetitia09
goethe70
04ju1987
soleil14
manu6268
bichon1149
muse2423
narvet7the
bengui10
vairon49
MACHA4002
sylvie79
alex15639
mriema82
210198
doudou1980
fd47314646DF
poupoune12
valsteph242917
benoit08
juliusmira
jeanyves
177555nc
polution
sniper97290
plr171283
MARIE2130
pw3096pw
ls270306
firmin31
djibril1
Montana13
17081994
trebseg1
ayoub7732
bison010
chenille
crys1579
30janvier
jefferson04
eric4131
231030DiJon
jerome224
alanalan
blackred
ophelie1
ALDONIS1
marmille
jeremy95
tom170178
ts65zx32
1972niouniou
jeoffrey82
julu2000
try1try2
reivilo63
ecurie42
seatibiza1977
29011953
7octobre
123456789s
Surgeres17
olivier49610
bonjours
Ag44618431
EMD212919
ludo1901
21905661
natachus
vanbasten9
SEBY9696
geraldine95
27121962
gregory5
Victor060398
dante0041
julie6222
mfoo2njb
samaxlor
claude1961
slayergl
merveille07
soleil06
apnieq33
ELLYBIS10
princesse24
citron02
19061988
buffon89
latina99
MAKI4275
433401chalabi
anthurium2
46avmimosas
nimanima
khalil03
marc18072000
drogba11
design27
chantereine
amigochien
berger07
280574
chocolat030890
Nadine1970
chasseur01
canard83
chou2003
zafira00
noaandrea
passio45
macinton
alexandre88
joebarteaM1
rainette
trucchose
obsolete
svdk1712
26xvce98
Galahad66.
orka5991
pierre1995
mercedes75
eloi1073
a35YeI5h
0103mary
13081997
okawango1
balou1678
jf2602
planty86
traction11bl
snoupette
kan28dal
timeo1701
titouille
Cb126472
caphorizon1
cazzolini1
6xzfcag
beng5719
anaisfabian2
rtaV5ja8C
crapot
mateo131107
12vnf10x
irene2507
l25a16p39
marie2616
micmac
cake75003
fiesta82
basile97
brezaw123
pompiers
pi070324
ycb32gq
obelix1972
marine41
22121984
cm29011971
Is22072001
21533t59
mariage12
tony5930
troade2010
18061964
dad10121976
tamere3615
lego1997
da97505111
minouche3
POkemoN789
lili-11
sept1996
ep002580
nathalie1972
valentin77
triskell
bzaz1959
janvier69
pradelle
drhn7aux
sm161277
Canelle3000
fabianus
dune2000
uburubur
9850wma37
samsung88
ssss12
Sandberg1405
Thomas1998
19811209
deadseed11
Fulhamfc1
Rom13082001
Jack4930
rosconeo01
05161990Bg
520paloalto
arsenal115
wootl33tftw
gladioli
milan8700
silverwolf
121272
wanadoo
200477
zouille
bayern
a1a2a3
101982
vindiesel
virginie1
261292
doline
bucarily
redrum
twinpeaks
maunakea
moustache
Soleil13
paradis1
EnsiCptfcorp
18n28n24a5
pioneer
savoie73
Matthias2003
JEAL0355
chris76
pimousse
fpounchk
sebastien1
1zxcvbnm
skeleton
richmond1
cavalo
almeida
felicidade
mickey04
shadow23
killer99
family10
Joshua777
apollo13
Soccer1234!
Orange2003
Mine1197
Doughnut93!
Deadpool01
Easypass1!
Catalina9
Gabi123gabi?
Ryanbruno1
Qaz963852
drwvab06
BRingthesun11!!
yuffyman1
$$rushie123
Soylent1!
Coola3000!
Marmie03
albatross1
7902nathan
Awesome1!
Chloye12051998
tjlovesabby2327
k9murphy
quique06
Travis228
Darkill25.
Ziggy123!
Pianeta1
eden05505
Pokemon649
Tehnoobshow2!
2children
snake1984
flames11
Tomy2001.
tralee28
Hockey120
Megamanx7!
liveloveenjoy15
harfharf33
cowhy00
Jakecake12
spikers4
Dontmesswithme111
Smithril99!
Kvaisen12!
cotton1357
Kladklok1
Moritz123!
Aa251369!
Jesusfreak911
50Crawford!
yuki11234
amanda18
Happybirthday21
Busterboy17
Hoplaaa321
1999-anton
olive123
Cheeze14!
Starcraft77!!!
tashalou33102
Fodbold99!
thisiscrap2030
stanton16
Mitch100
Cam669670!
78a6KM23!
Jofjof1238!
thUnder99
Samuel32600
WhercC!s2016
Bella145!
Joshua789!
1212hancock
Duncan123
cookiess1
JWoody65!
pug711
mai4eeMe
Muffys20
pokemonweiss2
Lolzits2mas!
gntc00045
SlBenficA69
Falco2004
Raaidhaq01
darksun11
dietcoke5
Kng159753
Kookie2240!
Dictiona1!
Ocelot88.
Eulo258456!
a920426a
Startrek75!
minioreo9
aiden09109
Gameboy2010!
Blueninjafarts123!
cuva991218
royayden07
1980a2010
Hockey08!
COOLER12
P3derni1
vocaloid13
Fctwente1965!
Weeman123!
evelynguerrero1
kamui1
007008009010a
Redsox2013
Leon8994!
48meteno
Steque76
Piano215124!
Carlos123.
deathpool666
Mirrow25011997.
Kingler100!
58262Lucas
Komochdansa21
Mixer656
scamp101
8ewEx8Fr!
040288
440523020gabbas
Anniv2521
Ledzep123
Fullclip65!
brandi77
Mpeajp673257!
Billyp123!
carhar11
jannes01
Czf200409
AzBy1928!
Ryan0716
Tornado120!
Squeaker5
Andadil1123!
Jarjar403
July302013
puppydog32
Skicelord1!
Cocoa123!
Salas6937
skulls5918
Chihuahua1990!
Kiki1870!
Doodman8!
Witter2004!
tommythetiger
Radgost182
18Sechzig
TIMIan123
sasukekun1
Mik159753!
Bandit365!
Danstheman1!
Ddabbis7
Joey5375!
victor32
blueduck08
zoe818
Louloubell1
gracie1
Hockey15!
Maymay00!
Sakura08
6230239.
Falowo678!
1dog1cat
Igilov22
Reta1924
J120795j
Biborteni1
clown123
killer13
hannah0528
redalert63
Einstein_1
Pokemonrule1!
Leesville11!
Ridgway8
Danito04!
Excision49
baller1
Gymnast12!
icerom23
Celtic123
Orangeja1!
skolebuss1
Taejahnd07!
Fireball22!
Tiernan12!
bailey03
Ak47vsmp5!
haipferd90
Michal.juracka2
Bkiscool715
JJoplin70
S0cc3r09!
siamese234
Okalat8r!
Mc6637091
Jenifer123!
Brendan112!!
Thunander3
Qaswed1234
Karmagedon
Piollet23
Ulysse31
123lel321
89102567
Pugweeno1!
dion1995
ashanti20
100senha
harley11
Zz123456
stigmata
Cupcake10
Bakugannv910
alexis05
pepper123
pookie99
Pokemon123!
Daniel123
ellie1
August23
carter03
Baxter01
Amazing1!
Samuel1010
Blizzard1
Fredrik123!
Cheesedoodles1!
123456e
Minecraft12
sergio98
lola123
fluffy1
steel1
webcam123
hammie22
bella2012
Shortstack1
jessie23
jonas1
water123
ilikepie12
Error404!
mommy1
tweety11
kiki2003
250401
Mauricio02
fluffy12
lili1234
Flowers123
katherine1
punchy
bruins2011
DoctorWho
legoman1
fran1414
marlboro1
brendan1
batman123
taylor99
spike69
Master
audrie
vaughan
valentijn
waiter
shayne
pietro
costanza
cosette
cynthia
dorine
dahlia
ruprecht
rockie
jammie
helaine
jennie
trixie
veronika
verine
verina
verile
veriee
verene
veradis
venita
waring
warden
walther
wallas
wallache
waldon
walden
wakefield
wendell
wendall
welbie
weider
weidar
waylon
waylin
waylen
wayland
waylan
waverly
waverley
wilfred
willie
talbot
tailor
tadeas
taddeusz
taddeo
annora
annnora
annmarie
annmaria
annissa
annice
annetta
anneliese
annecorinne
zacharie
arabella
arabele
arabela
arabel
aprilette
appolonia
antonietta
antonie
antonetta
antoinette
anthiathia
anthia
anthea
anstice
tirrell
aridatha
timotheus
ariadne
aretha
ardyth
ardyce
ardith
ardisj
adelle
ardine
ardenia
ardene
ardelle
ardella
ardelis
ardelia
ardeen
ardath
arabelle
tomlin
tomkin
tomaso
toiboid
toddie
adrienne
tobiah
arleen
adrianna
arlana
ariella
hollyanne
holly-anne
hilliary
hillary
hildegaard
hildagarde
hildagard
hettie
hestia
hesther
hester
hertha
herminia
hermia
hephzibah
henryetta
henrieta
henrie
hendrika
mallory
agnola
agneta
agnesse
agnese
agnella
beverlie
beverley
beverlee
beverie
bettye
betteanne
betteann
birgitta
binnie
billye
bidget
charisse
biddie
bibbye
bibbie
bianka
cindra
cindelyn
cindee
christie
claudelle
clarita
clarine
clarinda
clarie
claribel
clarey
clarette
claretta
clareta
claresta
cissiee
clotilda
cloris
clerissa
clemmy
clemmie
callie
clementina
clementia
carmelita
claudina
claudie
claudetta
concordia
concettina
collie
collette
collete
collen
candide
coletta
colene
candice
sansone
royall
sanford
sanderson
sanders
catherine123
camelia123
barbie123
arina123
amy123
alan123
palmer
sampson
roderich
roderigo
thacher
salomo
terence
rodolph
parnell
parrnell
salvidor
tabbie
rudyard
rodolphe
thaddus
rodney
sutherland
roderic
salomone
parsifal
padriac
rodrique
rouvin
rodger
pavlov
ronnie
yua20001209
257969
adgjmp0123
060817
6nachosu
dokumomo2
choro41puru62
fuji119
popcorn7
padlina1
Schule111
bob123
freeway
gretel
joke52
loveyou1
wesley
alaska
badboy
summer123
jimmy999
polochon
lapuce
megalodon
jordan99
gogogo
neurone
aaaaaaaaa
barcelona10
shalom
phiphi
lorenzo99
050790
festival
granny
palace
teddyboy
starbuck
secours
atlanta
gendarmerie
hortense
pariss
thibaut
chopin
jeannie
tigerlily
pierrot
palmier
revolution
giuseppe
martin05
snickers2
343434
peanut49
valery
ouessant
nicolas64
espace
005678
thomas007
antigone
vernon
tomate
rushmore
170601
israel
chemistry
01020304
140707
samsam
161263
prunelle
24682468
404040
losangeles
mirella
doudou85
carrefour
brigit
01011958
yasmina
cassandre
garance
tanker
zoulou
paulus
edouard
canari
mariane
cisse1
zacharia
verney
mimi123
atelier
message
spirit
mapuce
soraya
hugues
colombe
alphonse
45454545
saumur
cherie
grisette
valera
nathan01
celestin
taureau
mariano
captain
230681
mariep
aurelien
father
augusta
youyou
scarlet
pegase
cochon
tattoo
aqwzsx
FABRICE
crevette
babeth
quantum
louisette
nature
Simon2003
virgule
sirius
bababa
pastis51
bichon
chouette
choupie
guyane973
tartempion
renard
claude1
dynamite
leandre
poupinette
emeraude
marinette
ferdinand
pioupiou
carnac
kirikou
cornichon
perspective
hyacinthe
morrowind
reussite
borabora
newton
laurab
wilfrid
melusine
cygnusx1
paquerette
espoir
foudre
caillou
moulin
fontaine
chatte
caresse
aqwaqw
annecy
lapinou
coquelicot
passpass
pounette
lol123456
pourquoipas
yolande
alsace
mamans
mainetti
azert123
ardeche
pitoune
azerty47
violaine
dudule
irlande
gypsie
MARINA
venise
breanne
858585
bridge
danseuse
patton
geneve
ARTHUR
rousse
angelot
freres
djembe
manuella
mousse
hubert
georges
africa
FANFAN
tamara
loulou14
kildare1
steffy
azertyui
floflo
mogwai
genetrix
baltimore
tralala
Marseille13
shalimar
000007
zezette
haribo
pepere
mookie
montpellier
martinique
biloute
voyage
CHARLOTTE
solange
moliere
publicite
tartine
gambetta
danette
SYLVIE
perrine
rclens
saturne
alexandr
orphee
poupie
lulubelle
FREDERIC
carrera
dordogne
jeannine
boulogne
synergy
310896
261247
monaco
tanzanie
282828
lucifer
delpiero
kylian
viking
diamant
enzo01
truffe
azerty10
hermes
STEPHANIE
camelia
rosette
mamama
zanzibar
121962
guillemette
carmel
colombier
coccinelle
chouquette
mot2passe
pianos
bouboule
james007
yorgos
250871
SYLVAIN
salope
stmalo
facile
musique1
culture
120279
golfgolf
joelle
tatiana
antilles
chambery
arsene
lorelei
edmond
maimouna
theophile
241261
totoche
bastide
bateau
zabelle
141154
brehat
analogue
racing
osiris
rorororo
satanas
ciboulette
boulou
sylvaine
gringo
naturo
perceval
jjjjjj
mouette
morgane1
mustapha
pinpin
alain1
maelys
clacla
gaspard
colomiers
ISABELLE
oiseau
silvio
cannes
castor
decibel
anglet
janette
moumoune
JULIEN
eleonore
sorciere
clarinette
texane
bolinha
131001
marilyn
eumeamo
cookie11
wilbur
brooke07
bollocks
monkey10
isabelle1
wedding
chewbacca
theatre
russell
scooby01
harriot
kimberley1
lauren10
archibald
football10
Hannah01!
bantams1
caitlin16
Taffy123
brian1553
Hayabusa1
tigwell321
Oliver123
Goldie123
Bedford1
Mushr00m
James007
Penelope1
Swimming1
Samson12
Liverpool123
Deutschland1
mummy123
Hannah95
daniel05
maxwell1
manutd12
Benjamin05
Magic123
penelope1
millie28
Allstar1
welcome12
falcon11
Oliver07!
Broadband1
Manutd10
Arsenal3
Jamie123
Mummy123
Christopher1
Cricket1
Amanda77
Charlie01
Teacher1
Chelsea12
Freddie1
Ipswich78
Nugget05
Gerrard8
A1exander
Ellie123
Andrew01
Everton1
Charley1
Valerie13
Suzanne1
Oliver03
Callum01
bismark
sophie123
bedroom1
fishing
caravan1
vitesse
Bethany1
jeremiah1
johnson1
Eleanor1
bounty
kawasaki
tigers11
hannah11
munchkin1
Leedsutd1
wonderland
claire123
stephen1
blossom1
snooker147
perry123
frances
tinker22
rainbow6
Lowride11
Black123
Passw0rd!
chester15
blackops
michael2
Haileymax4
Giorgio02
r2214242
Fokker100
heathcliff
z123456
placebo
Ireland1
brandie
duncan
brooklyn1
Sydney01
amenamen
kurtcobain
123456123456
cswl1082
64696469
T38talon
Purple55
Krusty50
38dc592
Quad44
splunge1
newark
bowman
rn2004
thomdrt
747474
08081987
piment
besancon
milomilo
bubba123
skye1234
alanis88
Joshua03
Yugioh12
victoria01
nkk@123
santosh
Baseball10
Purple1!
michigan
lennox
sweet1
frisco
famous
Buttons1
august13
Surf1976
london08
puddles1
babies
Stephen1
Stinker1
4552.5
3513110
3161260
nilgun
fate626262
utku2008
7377188
ad1991
dandan123
indiana1
yellow11
momdad123
Hershey1
nostromo
chandler1
Saintlaurent415
nick2000
Zauchyrka123
cows11
bornagain1
nicolas10
NCSiamb3
Buster123!
40m32tuck
doogy62218
Sweetie1!
Christina4867
overlord
nicryan9
Annabelled0
g0lfball
ZenTheForce21
iceman30
Brian123
Dale388sr
football93
tyler1
pierre13
rojo5555
logan2007
gremlins
Aciportpop1
Stoney7414
ilike3
poppop23
karri0716
Paintballer396
superl33t
Evilyne011
Tachiuro15
William312!
westham1
01123581321Wj
Debyre2.
SkedPower6
kenny1
Killed123
Checker47
Moose123
scickad8
maricarmen1994
Hansolcomep1
Sev412001
Hunniebee214
Kanye2020
callie12
archer96
decembre31
u2ewpm9j1
kkrvmks1
Wordpass1992
Nelson53
Jenova14
soco05070695
speles1995
pflaume001
JosieSadie
jc1032413
Nathan11
993661536eu
dkssud1
joyce2001
sixthform18
-Been13-
Fing0lfin
iforget1
rams0599
crazygirl027
78Bandit
joseph1010
jacob122
dilbert75
Camillemoot59
Gtgain443
Mala0279
Pokemon1.
Bw101591
texas1am
IwiSidW2
Chester3
Beer3guy
0l0ladine33e
Greenacres1234
sparky4595
Reptile99
Youare89
running6969
totu4324
Stephen0-
rocco27
sattro20694
Obelisk42
Martinovfejs12
jungkook
carolyn
fengshan2015
sayangku
jiefang007
segarrd
Hi2002
sanandreas
Brownie123
dark1234
160498
22022002
123qwe456
number22
blue1999
choco123
winner1
james10
12345609
dagger
shawn123
fender1
cayenne
10122003
latias
sparks
hohoho
pokemon35
310898
290696
sherman0
153153
students
piggy123
chewinggum
blahblah1
treecko
270186
celina
1218stud
jack999111
forest
holiday7
thebest1
me3me3me3
peter1234
aa123456
8400494d
spartan1
ash123456
jovan123
Chandra1
ryan1808
050188
shitface
beatle
terraria1
qwerty69
lz110110
muhammad
singapore
ashraf
uhf9QDH
bionicle
sharon21
75pofitram
penguins87
Summer08
skate4life
Basketball15
Beautiful1
Cocoa123
shrek2
Flower13
Qwerty7
Mango123
Manunited10
fullback33
Willhardin1
diamonds
R1seofnations
James189
Stoleslash1
nuray1202
46534653
alvrin1992
huhyhpt2
rramho7424
swami8837
Ollie2010
Rasalas1
4mytrouble
popcorn11
sherryisno1
ariana01
Uapb2019
E1.l9O9d4
pz101391
casper11
Llama101
Drakino1
Talkfuck123
aH159357
Cooper24
Ar630090!
Fernando001
Poocha26
cantseeme
Jiggle333
Hannah99!
Goliath1
Jessica99
Hansolo1
Grat12599
Summithigh16
Superhero76!
Kentucky1
Fall2010
Olivia14
onmyown
Vegetarian7
Kiterbug1
Erickvl2358
Lyric123
Punchie2plus
Nipples1234
Fhantom3223
Joeljo567
trujillo
echs2015
Rainbow98
luvlakota
Hunter89
kennedy33
Minnie622
Nicholas123
Bushidobrown18
Winston27
Zachjust25
Ozzie123
S00ners1
creampie
Friday7247
Eigenvalues07
Howareu2
whisper1982
Zabor123
Enlight1795
Kennedi11
Bulldogs1!
Monkey15
Ilovelindsay14
Cpslice14
Fechhelm11
Mamita1995
Taylor09
Emmabear11
Zaqxswcde123
love2001
Password0
justin76
qwaszx12
Awesome123!
27101987
michael91
enrico
Mercedes
westie
060683
theboss
r2d2c3po
sophie28
popopo
mareike123
vivien
janina
papryka
nessie
Doreen1967
Sniffers123
brown352
Daniel3975
antares21
nenneminou01
damien1219
jeanky1219
kikitom2002
pencil99
crevcrev1
Maggie6445
Sharkoon12!
Deijkers100
Marinecorps1
Bunke1998
ryebread1
Bleak565492!
2JK3IAnGaD
Leatds01
Soada7x42
Sum41123
Mrklnd72
Pyret2004
79iodine
flame123
camelball1
a1234567890A
deinding1
fighterkirby9
gigo1998
xrain7day
44254687j
Tigertrot1010
Cheeks22
nicolai1996
Qwertiest2
doberman1
zach1210
gcforce17
bvb878bvb787
56169_fZs
thunder3
modernwarfare2
526904
soccer07
Supermario64
Amtm1997
Great123
kachadoo1955
p0owner1992
Trampoline11
Loomis-01
Wordbla6
marioluigi64
Jebon970305
Ghthx321
X1x16770
Kallam140501
Ngy22tpr
MAgn95we
esjoes21
brooke11
Ballislife2
kadin425
cardinal1
Jennifer00
Rainbow11
fashion1
tucker11
Rexthedog1
s9427833c
Blobopoly123
riaan1984
Volcom238
minilop1
Stinker89
smemoranda
chicco
chirurgiagem
210767
robdav
siuccina99
esteban19
gianni
topyrospy
juvemerda
giuseppe18
hello1
hola123
yellow3
strawberry1
cheesecake
ghostkiller
kennedy01
kannan
gfhjkm
College1
aaa123
taylor14
princess21
aabbcc
fast_forward
Tinkerbell12
sweet123
Michael01
Liverpool2
Welkom01!
junior22
Jellyfish1
Shutupstupid99
longbow1
Rocky2013
kenwood1
Simpson1
123456789hasan
0147258369
160696
emirhan123
facebookaziz123
batuhan1
qwerty1234
lolopop
tomino
140501
azerty06
sophia14
jpwalker
simba25
a126020281
ashley21
jojo2000
9601cody96
marilyn1
sadiemae32
frankfurt1
edson1346791999
Iamacowboy1
Billyboy12
Dmdavil0
proxima19
Traxxas13
Clasher35
f1r3ba11
Francesca12
shefaroo7e
Buzzkill1
buster13
Flarekun21
N7ok5og2
ashkat01
Cheshmak75
Basketball13
Flash2830
Rycbar123
D4rkn3ss
12345Ahmet
Jarnauno2
YbXoMz7R
sophie01
Pepper01
vanessa12
paloma
television
liliana
Motorola1
adrian10
dragon06
briana
painter
diamante
cambridge
98765432
321654
tequiero
digital
death666
tacoma
ivanna
manuel123
malibu
CLAUDIA
miguelito
raziel
blondy
tatata
damian
aracely
computadora
ulises
bonifacio
196709
valentinorossi
secretaria
258456
megadeth
250713
08101993
mobidic112
HERMOSILLO
Karate11
Anderson1
Camilita14
Paradise7
braveheart
Bella2016
Saber123
sedef1900
19921992
27011983
brigitta
Pokemonoro2
darius
Lionheart77!
adunn984
spearmint
Corv3tt3
Baseball8
2121terry
Alexandre9
Linhua7132
Lajka2002
snowy209
Iceman15
mohammed50
Keeper81
uscgcwo4
windows11
James717
19691969
Pass1word
molly111
Sarah123
peanut12
vanhalen
qazxsw
turner
holmes
0nothing
fergie
deedee
titans
fucked
whitney
garbage
allison2
brandi
niggas
qwertz
sachin
avalanch
firebird
trenton
cavalier
moomoo
omega1
Honey123
eddie123
gustavo9
02121971
sucesso1
ro26sa03
Pantera101
pokemon22
sunset
october27
Derp1234
heaven
Philip01
doglover
wayne123
Ferrari458
partizan123
llama123
silver21
aspirine
Vladimir1
abcdefg1
westwood
andrey
junior88
noname
weronika
moritz
belinea
rascal13
lincoln
killer15
zayzay37
aladenis1
123123ok
lican1987
wc051217
624819dj
yankadi01
palmen
dan1328
geniusz
asdzxc45
jksazb51929
dxy201314
rocky123
Jasminejo123
loulou10
freckles
Prince12
coffee
bailey01
sandy1
brittany1
hunter02
Cooper11
smile4me
Hayden12
sasha1
budlight
Douglas1
casa123
julinha
maranata
massage
purple08
daisy2
Biscuit1
package1
alexis01
maximus1
Sept2001
poopy123
hotdog
shorty123
Misskitty1
Poland11
juanita1
supergirl
gromit
holly1
kather1ne
matthew13
230385
656323
cripton
pablito01
fer20121945
fr040788
spy007
capoeira
097029ph
101012
mzir67
800212
240718
kakamvs
esqueci
rdl2313
luciano15
35521080
101fla
140490
210290
nandi101
91133017
142842
939699
99549236
diana20
9240lu
salmo128
Silvania10
020308
Daytona1
Monkey01
Puggles10
Moomoo01
Emma2008
bella91
20092009
41413030
abdullah
unos800
kansas
ugur1989
vanston1402
Hookah123
jade2009
Wera1019
10200332h
laughing1
Maverick2002
Texan@1989
Tobyrocks1!
Lion12345
Andra#10
Ksingh01
Damani1219
Tomspw517
1Jennamarie
Dakingbk91
tman21Waco
Aurenfaie10
injo0801
boberh21
walter1
Buster10
paris123
jannik
Jensen12
cuttlefish
LOUISE
ka2647
hesselho
perbruun
030756
bakken
15101510
alfaromeo
Nordenskov
122333
silver10
Summer12
6226Ronni
louise1
13102310
Solskin28
anne1304
cathrine
vejengarden
leon12
406jh66
1banan
golden1
bella1
sasjo10
vg23swkli
0944lise
qec72kmh
rasmus7108
Liselotte
020675
benthe
mormor10
ergo0803
sam123
august24
bibi3135
jkljkl
12qw12qw
bedste
18251825
jo02ol07
digepost
vinter01
vivian
kirstine
bettina1
solveig
260366holm
Bakkedraget50
carina
trille
lisbeth
Skovbrynet
1962irene
barbados
solbakken
poulsen
mazda626
elmelund
75389495
thorvald
annie8
Birgit
mathias
Camilla10
laperuna
papageno
malle2
14073809
lizette
malaga11
vagn0053
karen123
alice1
viewsonic
hpzd8000
kattekasse
christensen
delfin
jesper
margit
olesen52
trisse
Allan123
Charlie
kodeord
katten
10101010
kim75rie
munk15
spider1
discus
5258sorgenfri
280756
elefant
knudsen
harboe60
180266
Carsten
Ingrid
050962
knut060969
080656
avanti
rasmus18
barslew
puttenusse
bedstemor
hvelplund
Jetfriend
bimmer
75911990
Sweet$12
MY_PASS_HERE
Lin71daK
flowserve
encore
codyalan1
matthew3
Pandora
(candy2011)
Tp781289
buster21
ginger1
airborne
Sayosin07!
Pineapple01
computer5
Victoria20
Spencer16
Paojosh22!
purple20
bilboBaggins44
monday123
12345QQQ
claudius
nasser
testing123
everton113
priscilla
Bingo123
binhyen
nina24
Superman01
My2boys
fitness
joshua1
goldfit
panda123
emma1234
sylvie68
dalejr88
656565
oneloves
cleveland
only1ofme
skrillex12
A7745ten2k15
October2580
Jullian4Ever
cutiepie25
Blade241978
crookednose96
TinkerBell84
hp986740c
Macandroxy1
lost0971
lexus400
85corvette
jinx1979
0125ryan
Number1Fan
Hillary1028
softball17
gianna642
Theknicks7melo
Chaz3402
1348Colwyn
christopher1
fallen1
Kingston1
Freshy11
Rhne1234
Sweet123
N0trul3s!
Brooklyn
holland
Barney12
leopold1
thomas26
Barcelona1
findus
casino
luckystrike
r2d2r2d2
Blueberry1
Charlotte
08061992
siemens
Apollo13
london01
Asdfghjkl12
sarajevo
christia
mondeo
Q1w2e3r4
Windows1
hemmo1996
London12
melvin00
cosmos
Callofduty4
123456789987654321
leonie07
pascal12
magazine
Justin12
tiger12
fische12
april2007
Mona1234
jasmin01
annette1
aurelius
elias123
Marianne
lennart
delphin
florine
liebe123
hamster
ichhassedich
hallo1234
Johannes10
rocky2013
augustina
borussia
susanne1
Joshua07
butterblume
Bb00830458
eclipse1
nicole14
mama123456
petersen
felix2000
thomas2000
luca2603
master10
19991999
besiktas1903
matrimonio
britney
sterne
carlotta
medion123
pearljam
muhammed
fritz123
flamingo
Hollywood14
airbusa380
lisamarie
Valentin1
shakira1
paulina1
nevidane
fa25.oekl
schokolade1
angus123
werner
Michelle2
vietnam1
miriam01
yannick
12qwasyx
Nicole2000
kinder
twingo
schlange
roland12
Elisabeth
kira1234
kalasin12
alfred
Hannah99
katharina1
regenbogen
kaninchen
Blutwurst1
amelie123
blumentopf
maverick1
Maximilian
01041996
deutschland
20032003
Panther1
321meins
spectrum
phoebus
felix123
kinder03
08154711
bella1234
Spartak28011970
summer69
dortmund
James123
trinitron
gremlin1
Liebe123
lisa1998
Robert123
selina123
papierkorb
callisto
Findus98!
Emma2013
Pokemon23
sommer15
starbucks
Kira2010
laura1998
scruff
matthias
dilan123
lebkuchen
hase1234
pferd123
arschloch1
schatzi
julia1998
paulchen12
lisa2003
Jj140289
leverkusen
mama123
ichliebedich123
14031993
schnecke
wilhelm
kathrin
blume123
antonia12
010889
Weihnachten
Megan2000
killbill
daniel17
Trickshot1
291083
Katarzyna8
Minecraft22
brandy12
samira11
David123
Michael11
spyder11
a789654123
mariner1
philippe1
1971Roba
Passw0rt24
paul1996
27121953
bonny2010
3enfants
Jennifer
Borrible
derriln1
witter
luna1234
david1983
13adriane
760628
fa852963
wohnung2012qQ
280178
lucass
100583hugo
15021984
christa
mayt1134
alex1996
julien82
jonas31
bk1980cc
vanessa2001
bowwow
themovies
1980040734
yaomaodai
zz168168
luciane36
Agatsuma1
bh934561
Elefants1
Star551832
Allee6380
philips1
Flipper1
oliver03
chelsea123
michel01
Jensen10
ned58xrn
ytg86hhk
SimpleAs123
vipanton
ronaldo11
lunaluna
hamlet01
bimis1303
puhla1988
appelsin
common123
Bionicle1
Lassemus1
buller1980
Kasper1305
henrik123
emil1987
nicklas15
Gda77897789
hvidtand1
Preben31
Snabelsko2009
cat220582
neimann1423
16452738
surfer11
fck4ever
jensh5272
2104No2307
smukkepia
Marauder-2001
nitram00
mikkel2006
Gry240506
mormor99
quist0180
loersm45
3pibe3igle
aktier112
trinel00
kumbirwi3500
123456789lol
banjamin
mememe450
sandgade
njbs200894
wingtsun
Privat1234
nanna260699
molly2003
7442engesvang
jeffbech60
baby1998
Nichlas1
dittepigen
Simon12a
samtm419
Saab900i
12duke34
ibenholt1
Jean1743
guldhammer1
Alsace-1
alfred07
maggie246
Sif1519ArP
130892joanz
klokken12
74171023
97911644
ibrahim
nissan
darling77
906090
Ndmyc54b!
turismo
arturo
rivera1
volley
preston1
Redsox01
Toronto1
felicia1
Brittany1
Number33
zxcv1234
Pookie12
Joshua12
minecraft17
Dallas09
robben10
harmony1
basketball2
david2005
portakal
ankara
1905aslan
17032004
198512
beethoven
purple14
Jazz2000
alondra1
scrabble
219219
mazdarx8
lighthouse
guardian1
784512
rustine
joanna
theman
bahamut
camile
haller
peanutbutter
20012001
engineer
twinkle
assassin
photoshop
arthur05
jenifer
oathkeeper
edward
bakugan
jetski
enriquez
fucker
poiuytrewq
archer
asdfjkl;
sangoku
football123
Lakers123
Welcome2
Joshua10
Monster123
Tinker123
jake24
shorty
disney
jeremy12
machine1
hatred
ravenclaw
mark12
hunter10
fishes
sexsexsex
maries
ohyeah
hehehe
everafter
legend
hyacinth
wilmer
animes
renato
rodolfo
blackcat
dikoalam
banzai
kristen
9876543210
ireland1
javier
doremi
roxanne
devilmaycry
christin
devils
taekwondo1
michael12
capslock
zerocool
trebor
warrior
passwords
password8
lovers1
sheryl
westlife
love13
123asd123
Jessie14
adriane
59trick
blackbird
chobits
abcdefg
darkside
master123
898989
universal
corazon
stuntman
thirteen
tachibana
helpme
newlife
moreno
jamila
notebook
suikoden
poison
july22
ilovechris
bastian
ernesto
fantasy
yuurekaglory
sweetie
224466
magic123
kobe24
lakers
mnbvcxz
bluesky
ineedyou
xenogears
marygrace
milagros
godislove
victor1
networking
jayvee
stylus
pokemon23
valkyrie
hercules1
mememe
tennis16
gundam00
joaquin
japanese
mamapapa1
william25
zxcvbn
seven7
terminal
gameboy
pangit
janelle
zaqwsx
harold
ballerina
sharingan
august18
gustie
mikaela
michael04
jazmin
darwin
yankee
newyear1
psalms23
darryl
july15
23456789
sandman
carlo123
pogiako123
goldensun
twentyone
october12
benedict
jesuslovesme
access12
zyxel123
040404
zzzzzz
natsumi
Isabella
-darrichonaca-
avalanche
