123456
password
123456789
qwerty
12345
hhhh1234
12345678
Abcd1234
123123
111111
iloveyou
1234567890
1q2w3e4r
1234567
112233
D1lakiss
stratfor
000000
Groupd2013
chris0798
Password1
randy1977
1234
Halmstad1
abc123
1qaz2wsx
test
1122334455
SZ9kQcCTwY
startfinding
zaq12wsx
112233445566
Signin123
qwerty123
sunshine
azerty
Ferrari123
ChickenServices321!
MarvinIstGay
123321
07031188
654321
dragon
portu
1q2w3e4r5t
666666
Reidemeow1
Clement78
jordan23
123qwe
welcome1
Taylor123
hamster1
qwertyuiop
football
Monster05
Passw0rd
whoamiiamenagnettester
q1w2e3r4
trustno1
butterfly
asdf1234
blue22
zulu1949
310869
j38ifUbn
14181418
17t99xfx
srieram
neAzbONIV
zxcvbnm
JulesCas!
12qwaszx
pjads556
Corona4everbbd
rosysouza
200625
monkey
sao12345
Tavares1
nroberts99
doudou
1234qwer
qwer1234
acireale12
internet
1q2w3e
buddaman
adsadsadasd
Kattens1975
121212
nysokk
master
Daniel
qwe123
india123
loulou
thomas
cswl1082
shadow
blink182
123
metallica666
uvekc1pp
computer
princess
techn9ne
159753
skuggi99
pokemon1
butter13
tonecold
baseball
1234abcdABCD
pokemon
maeteamoo
michael
123123123
ChickenServices321
power241
nezinau12
superman
derrick09
hello123
08081975
Vertical11
Cody2019
killer
1qazxsw2
soleil
starwars
jdwilcut83
ety59ymb
nyanya12
60
lol123
rednaxelA123
olebrum321
viviana2002
denguyen
michael1
creative
fina
mmklub
nokian80
A29061975
7777777
coco123
547apallo
asdfgh
Chelsea1
soccer
123QWEasd
sydney
arnorace2
chococookie
987654321
felix7
jessica
charlie1
charlie
ofcourse
jdpl0407
nietvergeten
michelle
purple16
changeme
sleepy99
Drage131
3rikmaisel!next
c00ki3pl0x
a1b2c3d4
001118395
supie007
mymummy
mack1973
ghFt47fh
unknown
spiceboy
N00572204
ib0962499897
a838hfiD
asdfghjkl
rennofenweg4
dexter1122
super123
password123
qazwsx
mustang
joshua
hallo123
Shawnshawn0
ploy2541
fly12345
bernas19
benjamin
admin1998
Mypassword123
samsung
barney
jordan
success
chouchou
June2018Accounts321!
tigers
jack123
aaaaaa
555555
skin1488
alexander
jennifer
eminem
derick123
letmein
wesroper
Welcome
arrmatey
mercedes
MATRIX
123456a
garret123
snoopy
phd768
ilovenick
killpower
heythere
Psw001234
Damon710
Gretien123
jamess123
andrea
whoami
death89
Aa123456
Bassy123
Pmv!!7598
123456aa
kIkeunyw
peachgate191
batman
diablo
sophie
whatever
nicolas
techno
ilshofen0926
anthony
Khemri12
Gr33kw4rch4rm5
Smith1315
Merlin12
Wolven13
fuckyou
3107rychard
pink82
shopping
garbage1
baseball1
123abc
tigger
testing1
camille
jing9624
GqAisICFQkta
102030
caroline
pakistan
Spider2000
walker
Matthew1
11111111
finley67
asdasd
ferrari
number1
secret
nicole
maverick
andrew
rafique01
spiderman
dazn123
asdfasdf
robert
O257t2j8bw8D
maria17
sparklefv
eidbsbre4
fefszf
mazamaza
hunter
9469020t
r331425l
ninja852
football1
maggie
kingkong19
jason1
ckm101005
madhuri
222222
marseille
jacjer06
oliver
Lowe885
mallorca
springbokkie
1thickys
isabelle
mixrelease.com512
thunder1
yamini99
lucky96
eagles
jnsahsau*
patrick
sandra
bigboy
re092971
starwars1
mathmath1
shogun
a123456
referal
martin
123654
cookie
junior
Pokemon123
cocacola
naruto
tardis12
951753
beaver
qwerty1
pacciore86
subhash
chocolate
andysob123
19071982
cit1st
Plakplak20
pa55w0rd1
passwort
superman1
pierre
Aikoaiko11
preston
7PECFUdGjLV5KSgskb6IRg
btsv1998
bandit
razgriz77
068702471
d24m1013
whitney1
jessica1
melissa
hannah
liverpool
meatloaf1
victoria
j1o2h
131313
selena
buster
nideknil
superb
itsasecret
melanie
1a2b3c4d
mongol237
ubheiKeYFHl8f
sadie1
mickey
unbound
888888
celine
bigd5576
jfjs2020
trucker345,
schalke04
Q1w2e3r4t5
reckless1
Dialga123
tree1234
larisa
deep2218
shadow12
88888888
harley
asd123
Juventus
147258369
johnson
qazwsx123
Benamar
mirabel11
cheese
Hawaii50
3rJs1la7qE
w123456789w
justin11
horatio
fnord23
limozeen1
Polanowice
barcelona
roadking
fandango
deasl33t
scorpion
unicorns143
Merlin1210
stonecold
159357
Timna14
banana
!~!1
polska
Nicholas1
pass123456
mundo321
hedges
Prajna01
balbine26
raphalindo
virginie
ginger
brujita
nishita97
gilbert6
abhay19
010203
Samantha
freedom
poespoes
matthew
Mustang63
br1tn3y
999999
kaipan
zelda123
edcrfv
pepper
qwerty12
samsung1
william1
janine18
rrabbit3002
madison
Sm0k331
nagual
333333
bailey
nirvana
cf3825et
jackson
diamond
789456123
013572
Buddy18
TITANS
william
wabbit
valeguada
metallica
marine
gsf1200s
garfield
sp007865
gorham
5fitfor2
asdqwe123
monster12\tFortnite
sweta76
meatball1
annabear
Spring41
cuntfucker45
george
phoenix
klqnb7
johnny23
030303
upgrades
Inside01
123456789a
steinke
2320255a
sebastian
rush2112
julien
Drakekin/HealthQ.git
stella
ufellow1
00000000
vogel550
gura755
8lunch
Orange061
marcin26
unknown11
yaritza
bonsamis
Maxime
meiqiu
240169
poot2077
vlad2171
taoboy
nathan
cetewumu
julian85
sabrina
linked55
kenufa
777777
20051915
Incubus
Morgan
mikejeff
hello
harry1229
sydney01
torres21
pa55word
bettina101
League22!,
bia341
southflorida1
wow12345
hockey
krabkilla5
amanda
orange
vanessa
flower
696969
valentina
jessica123
rainbow
12341234
0123456789
monica
RaSiZa2207
chr1s70ph3r
sunshine1
chicken
tennis
011298
reggie25
antoine
nikita
abby0108
Anthony1
basketball
gr8c65sc
money100
jonathan
brasilia414
alexis
qweasdzxc
elephant
Sokar1996
C@rthag3
peepee123
alpha
pophones
justin
Charles1
abcw830924
christian
mh205542
thunder
vincent
bobo1977
lakers24
Blackops0405
princess1
1Matapthat
superzak
cna7vypz
raiders
uvanira
wildcat1
Ruffles369$
123qweasdzxc
gabriel
Silver
liverpool1
gangsta06
pomona47
peanut
murd0ck1
dfdsfdsf
diecommie
barbara
qazwsxedc
liverpool8
fuck123
florian
computer1
R1880916
typer100
pauline
chocolat
P3Rat54797
chelsea
darkmage2
yamaha
philip4429
dragon123
100200
victor
Sonia9008
digital
friends
summer
secure
skiffy
purple
3s23b34l
merlin
alba428
stomper1
123123ok
madison1
hiabr47
gmtjv89n9
blackrock
tintin
Liam1007
westvamounties
Quince2007
PfB2011
159951
zxcvbnm1
snowball
hunter123
ernie6lily
logitech
windtusk1
m1dnite
coucou
charlotte
7777777g
Roxie006
Livestrong00
ines2808
lucasen
shoeco
livestok81
naruto957
Ooblong97
erieri92
bewbies69
987654
google123
htveevth
rcva3hwc
adamsolace
junjun27
elizabeth
scooter
aze021ail
fortunate1
llpikp260
porno666
lincogo1
147852369
Tiggles1
Peniskan10
jasmine
bubbles
Furiso123
nathalie
moose80
mattingly23
222vvv
feb1602
taylor
hamudi
mickey96
0074az
limper
baccarin749
zachary
Kenzie14
Mariann82
483272255a
bonjour
Cardigans04
byron1
titties22
spartan117
kids0815
cpnokian90
darli8da
ronaldo7
ocarinA91
corvette
q1w2e3
789456
joseph
232323
arsenal
waffles90
qqqq1111
Alexea12
reaver
midnight
jasper
benjamin1
patricia
mOrtAl776
Gamb1tej
nintendo
bb6265
kevinhogg92
einstein
november
b123urak
jim41770
snickers
boubou
ciao
portugal
asdasd123
test123
1234abcd
ashley
antonio
samuel
Sammy90
Corona4ever
slipknot
prova
getdowngetdown
q1w2e3r4t5y6
soccer2005
HB1964ed
saulofernandes1234
jamie2212
central15
Leafgtr15
arthur
gamer
Nelson1812
Rachal1
4815162342
oceane
claudia
trevor342
alexander1
Athena
Diaba198.7
1q2w3e4r5t6y
happy123
danielle
biggame4
pebbles_1
P@ssw0rd
valentin
maminti75
michele1
yankees1
adidas
hornet22
bubbagus1
prince
bismillah
sansenjin
1111
Monkey123
freedom1
aurelie
louloute
kcaz261311
killer12
marina
spongebob123
Tjollan123
tel21526
Corona4everbbddd
1qaz2wsx3edc
9866400531
123qwe123
xbox360
horselover
436641543436641543
selva2009
apple123
12344321
Rodolfo8
telemark
chester
brooklyn
fender
Brandon1
yankees
juliette
forever
mainebay66
wimo69
bonehead
kawasaki
11111
calimero
Spinner1
florence
9ryanon
romain
nounours
user/project.git
r4pt0r
david
hammersmit
Hillside123
1598753
3dogs1horse
qweasd
Patrick1
osita123
jeremy
airforce123
babygirl
A1s2d3f4
olivier
0
lera2804
qweasd123
justin1
marion
salinelles
spider
elodie
monika
emilie
testtest
aBCDeF
Th313ThDoctor
london
101010
richard
abc123456
alexandra
as81yb02
frederic
fluffy
Tbone123
philippe
Jackson1
nicholas
simone
15505001
minecraft
sandrine
pokemon12
pussylik
killer123
172839
xxxxxx
75395182a
awesome1
yellow
Worms234
Softball12
chipie
pooter17\tMinecraf
sinfonia1
zxcvbn
ronaldo
martina
inuyasha
vanille
lolita
mozart
usg242
Sophie1
zxcv124171
compaq
stargate
999999999
rusty1
chicken1
papillon
hinzjr.1
America07
mimmiferdi
monster
brandon
darkness
hardcore
genesis1
asdk896ry3
laurent
stephanie
puzzle
pogiako
Soso123aljg
louise
jasmine1
8
pascal
pickab00
bryce007
Mammapappa9
olivia
Adonis1985
casper1
147258
klaster
Chris123
111222
OHOGfee48369
Fa281203
0Gpinkyy
verizon1
berlin
matteo
caramel
tsarina1
mj870501
popcorn
carlos
watermelon15
fr33fall
Assh0les
wandalala
akdidutls
Monster1
Password12
shadow123
angels
6388321f
Santacruz32
swordfish
cesar123
260168
miller1
mustang1
test1234
nattypoo10
123654789
austin
qti7Zxh18U
Lizards11!
11223344
barney007
Christine
imlz13
iloveyou13
daniela
Cooper
12345qwert
12345678910
soccer10
audrey
Minecraft1
sasasa12
banshee1
Letmein1
music824
december
asshole
ti060885
soccer12
LEONARDO
charles
Fuckyou1
cassandra1
lovelove
xiao23578
beatrice
boomer
jahangir
qweqwe
qwerty123456
marlies21
SpyFish18
212121
lovely
Ned21100!
steelers
basket
marcel
1w2q9p0o
qwert
Yzgao161eU
loveyou
family
0123909416
murphy
a1234567
harry17
claire
147852
Permission
1addff5256d5854451465f8ca45d522
elearning
87654321
0000
michel
jamie141
96262862
r2d2c3po
Welcome123
rachel
jerome
daitarn3
mommy0500
del1alnueve
pizza123
hahaha
simpsons
qwe123qwe
angela
Herbie99
lollipop
abcdefg
Brittany!1
Jojaev1971
Minecraft123
amandine
jaguar
zachary1
Vchm3hl6
dallas
campanile1
google
cameron1
raiders1
Cars3124
chocolate1
guinness
motorola
1qa2ws3ed
xaxasaxa999
Traktor4life,
minduim785
adrian123
scooby7000
angelina
aaronadam
rr1207rr
741852963
Ruchita@2014
barbie
newyork
dennis
Penguin7
PORSCHE
pililo2121
charming21
0range
friend1
2doggy
sun898
12345a
Yoloman1
sabine
pimpin22
password17
Valerie
Puschel11
7lw7J1xppI
alexandre
Pa55w0rd
lolman22
42quattro
adrian
iloveyou1
samson
isabella
soenke1236
steven
rammstein
smokey
ramramram989
james01
fuckyou2
shunda2
Purple55
usmc6830
skinnydog964
myspace69
jackers12
Warcraft3
sparky
andreas
soccer11
02254666
ao417813
nadine
smiley69
Popcorn1
blessed1
jennifer1
napoleon
stephane
Portishead
qwerty1234
booboo
Casper
whatup1
arsenal1
windows
fu666222
imnuska3
loved15
zebragirl1
that123
gabb1198
turbo400
dominik1
derald4582
leonie13
55555
0987654321
BULLDOG
qaz123
clement
samantha1
jesus1
ryann02
ilgiga
hutstom8
richard1
lukas123
qqqqqq
gandalf
ficken00
Inter0ve
maurice
MUFFIN
aeiouy56
tinah5
bryce7
vanilla16
norman53
jaik1312
misscook1
qwertyui
carolina
thx1138
ccfc125
royalk1
ofd9628
donna66
pewdiecry1
ha7ovusu
southshore
Qwert123
mmo110110
dragon12
nonie94
whizzy
me59ct
qwertz
mohamednab
jwolfesk8
Guitar
hachiko1
sexywomen2
duocsi20
giovanni
080378
e1pene
raven17
canada
godie1054
angel
2iesha
hunnay1
qazxsw
steelers1
red123
Oliv1aT2
lalala
jeremy12
190599
qazwsx12
rockstar
master123
Dory123*
Isabella1
nothing
stefan
slb18dfb
heather
gfhjkm
mgdr39
master12
noisette
australia
Genius
marcin
quentin
lakers
anth0n
flwhbn
remember
Sophie123
246891
manchester
mathilde
tristan
granite
covergirl0
asdasdasd
motdepasse
marlboro
flowers
roblox12
1234567a
nate3022
ab7709074
he5butnh
cab1007
dakota
mazury1957
laetitia
sierra
sinus154
Diamond1
h54rsjrF5J46788
da39d95
18q6KLymiE
dexter
zouzou
cutiepie83
chance
lauren
Buddy123
ginga0219
veronica
1zn6FpN01x
soleil13
dragon1
Good123654
achi1135
magmax12
meinpw
linkinpark
fussball
nonaureb
Rebecca
Heather1
ZuluHotel42
311076
spiderman1
marvin
lollol
naruto123
cowboys1
satan666
carpediem
jowitka
vegeta
Isabel
zaq1xsw2
1123581321
iloveyou2
santiago
natalia
jackt!
FRANCESCO
Jesus777
hotmail
perplexity
Squinch725
danny199
pw
azerty123
Natsu611
porsche911
tucker
HandBall
100480
wz362308
FUCKOFF
monkey12
jessie
2002vmas
siemens
marcin1
charger15
Clarkisgr8
toyota
hammer
sammy123
1111111
lorenzo
Potter2004
superdog1
gregorym14
SpongeBob
1jjr@Bgui
browneyes11
metallica1
lol12345
biteme
qwerty12345
warcraft
chiara
drowssap
Krusty50
pizza
domino
icecream
Js806083
Dallas41
parker
mother
ranger
formula1
raptorgen
blabla
marley
johnny
speedy
pookie
Ant19951604
6415027
abdul123
Scooter1
qweasdzxc123
america
lucas123
tinkerbell
T38talon
abcdefgh
ily143
ong0Queiv2
Souleater123
polska1
rangers1
rabbit
tequila
2751997d
melissa1
321caca123
fo159753
666not666
bella123
8fe8c6
dominik
school
Daniel123
winter
jesus
francesca
maison
.scooby
5jN16uxpiD
kiteboard!
Fallout3
142536
awesome
dolphin
scarface
bushido
freepremium123
12121212
ooowww333
penelope
Chester1
delphine
polska123
101moche
inval1d
abc12345
peaches
toulouse
albert
molly123
134679
tiger123
margaux
9ac9hb7vVX
hiphop
suzuki
damien
giuseppe
38dc592
hahahaha
alessandro
ncc1701
cameron
startrek
musique
linkedRE09in
slayer
winston
95423743
michal
3
apollo13
alicia
jiouht217
carmen
karolina
random
xxx
loveme
penguin
enterprise
scooby
ekmlehuf200387
hellokitty
Rosebud
poohbear
salom4312
a123456789
3eHd1ixi1Y
rothiere
asdfghjk
qwaszx
asdf123
turtle
28685vh
1111111111
Sojdlg123aljg
cheval
michele
rabirabi
angel123
cristina
753951
greenday
dancer
welkom01
packers1
852456
precious
a12345
love
1sotop3s
champion
morgane
dolphins
avatar
ally2708
knight
wctl1980
jac6541019
emmanuel
marseille13
montana
123456abc
iceman
Angela3001
dauphin
hayden
8675309
rachid
winner
freddy
midnight1
Russia
polo2611
Deseray22
blahblah13
mateusz1
dingdong
Jonathan1
FLANger123
Gabriel1
Asshole1
begone020
jjobs521
kitten
22222222
destiny
williams
playboy
jesus123
416493840
252525
4buckley
rupang98
access
skyline
catherine
Christian1
Sommer
gordon24
charly
softball
kouheisama8907
Dolphin1
19871987
Runescape1
miaflor202
I
gokalp
redsox58
bradi56890
kitzelkamp
19931993
kingkong
nicolas1
mathieu
mamour
sakura
chris1
WhsKopr6!
babylon7
zhzzgi3c
Ficken
coffee
pass1234
etoile
gold4444
Koziken7885
nazma62
prisonpod
p455w0rd
pass123
misiek
crystal
hello1
twilight
elizabeth1
may51975
microsoft
Baseball12
zidane
sasuke
samsam1599
natasha
cheyenne
cecile
444444
universe
Rebecca1
nohair123
azertyuiop
manuel
daniel1
nintendo64
ncc1701d
florida
jlca8529
lacrosse
roberto
bobbob
sports
senha123
myszka
oscar
234Tiger
Cookie123
456789
456123
password01
spencer
winmx1
Michelle1
bullshit
manchest
cedric
soccer123
pepette
0123456
qweqwe123
chopper
damian
wildcats
dad4252
30061974
17111982
coralie
justine
lastfm
tomtom
legolas
pebbles
shannon1
xoriso92
iloveu
kandy96exp
panasonic
Gabbag55
jupiter
tweety
mohamed
picasso
8cglg32VaI
BlackOps2
pikachu
sniper
bianca
qazqaz
camaro
abigail1
123789
baptiste
diesel
972Q14Sg04
jackass
StarGirl
fantasy
florida1
nelson
gemini
forever1
Lucky1
bonnie
monkey1
lovers
ks13152
wildside
sweety
admin123
redsox
shannon
brandy
ZZ8807zpl
zxasqw12
pantera
asdfg12345
money123
grappa11
253208917150
10riceballs
Bugsbunny11
tkfkdgo1
jackie
blahblah
angelo
awesome123
COLORADO
50352060
Amsterdam14
humtum27
parola
agent007
police
apollo
147896325
qwerty11
frisky77
aa19aa97
redskins
cookies
cheese66
edward
2412198924121989
DENISE
Austin316
97finn
kamil123
freefalling
2Rjrboj53U
julian
silvia
panther
horses
saturn
246810
redeem01
football7
passion
trinity
infinity
0000000000
seahawks138
giulia2001
camilla
genesis
kazooie123
golden
babygirl1
Jackson5
undertaker
55555555
adrien
pumpkin1
falcon
courtney
dragon99
stinger
superstar
151515
jasmin
michelle1995
pikachu1
yankees2
brittany
XP3lcrtz
6820055
bernard
winnie
america1
bubbles1
maggie12
incorrect
aaa123123
mammamia
Bebe31101968
chaton
pumpkin
redwings
123456q
nissan
buttstuffxd
helene
minecraft12
ninagry
unicorn
marathon
fucker
qwert12345
miller
friends1
jolie2003
soilihi13014
thailand
vampire
marshall
1madonna1
jetaime
alyssa
money
thierry
chicago1
Sasuke123
mathis
sempre234
mylove
Bond007
123soleil
cherry
disney
markus
savannah
benoit
valentine
admin
Cooley01
deus1020
Qwertyu1
shelby
Turtle1!
Internet1
gregory
virginia
music
classo03
Hansol123
winston1
zzzzzz
love1234
power123
kamil1
goldfish
tiffany
buffalo
Clone12345
rocket
Florence0
princesse
inside99
741852
asdf12345
counter
amelie
Daniel12
monique
786786
cooldude
juanjcampos52
titanic
wizard
toontown
rainbow1
cheese123
007007
heaven
asd123456
poussin
people
sophia
smile
calvin
1986year
rach1990
Jordana1
paradise
hercules
Starcraft2
harrypotter
matthieu
pupuce
august
272727
gangster
xavier
74d9fg
Chacha55
windows7
corentin
Airforce1
apples
holiday1
runescape
2616gege
heypete1
ytkbrdbls
buddy1
tamara
135790
Aa123123
christ
indonesia
sexsex
geronimo
bartek1
pirate
italia
maximus1
Morris
00000
yinyang7
mahmoud123
jrmafiasyr69
belinha123
123pontaspontas
robert1
password2
123mudar
david123
rascal
moloch
halflife2
maxwell
boston
madrid
jeanne
sunflower
predator
1qaz1qaz
potter
Peaches1
september
karina
labrador
p4ssw0rd
ciaociao
placebo
k2M93pyW
victoria1
Nemesis
sharon
Warcraft1
Friend
milkcow
iloveyou1990
titu1974
ducati
dortmund
forfunflyffgam
21180078
slipknot1
scorpio
mariposa
pandora
shorty
gibson
jellis789
Yamel2728
manager
bearbear
phoenix1
qwerasdf
Lolek123
blackrock1
wilson
angel1
realmadrid
reglisse
pavilion
gmartinez
serenity
children
124578
roxane
triangle123
kevin123
hunter12
spirit
spencer1
papaber
fernando
green123
romane
mulder99
joanna
1029384756
choupette
wxcvbn
12345678a
tobias
forever21
online
eclipse
titanic1912
patriots
catch22
schalke
letmein2
chicago
Etoh1284,2,en-US,"Jun
ferrari1
philips
Teppich23
benard1234
oscar123
aaaaaaaa
pompier
asdfghjkl1
pokemon10
mateusz
france
Newyork1
mnbvcxz
cuir77
pussy12
naruto12
123456798
gzxix1a5
87091544
hlawive
terminator
cricri
godzilla
kevin
caonizumu1
mJur7JeM
mein2sascha
left4dead
weronika
logan123
manutd
1478963
leto070866
123456123456
sammy1
19841984
riccardo
maximus
cassie
lasvegas
halo3odst
99049977
marianne
deadmau5
wordpass
danielle1
a1b2c3
cocacola1
anderson
1qaz!QAZ
Mickeymouse1
1234asdf
georgia1
vincent1
a1b2c3d4e5f6
panthers
chacha
141414
alaska
mexico
Spongebob1
strike95
letitgo1105
chris
lucas1994
a1234567B
zxcvbnm123
volleyball
willow
sweetpea
fishing
maxwell1
7895123
gateway1
hamster
Mati2408
maserati1805love
kitty123
clemence
Max102903
cookie12
minnie
iloveyou22
aurelien
Inuyasha1
Easyas123
200felicidade
162534
walter
missmia1
spitfire
zxc123
123zxc
hotdog
Realmadrid1
skittles
kimberly
schatz
5201314
patches
rangers
batman12
zegato1973
mario123
shadow1
11235813
penguin1
iverson3
Awesome01
platinum
lightning
ghbdtn
818251965
muhammad
aqwzsxedc
john316
marcus
raphael
Batman123
012345678
090909
1FpTJTl919
creeperkiller79
1234554321
dudaejoaowyctor
james123
natalie
christopher
dudurota
Lebron23
leslie
copper
agnieszka
cricket
l6vnlgudd@tmails.net
jamie
akshat98123
frankie
Twenty20
96715529
p
soccer13
mamahuhu
zeeshan
melody
wesley
zxcasdqwe123
Batman10123
Jcnbkl6612
raptor
willie
tigrou
96103114
passwort1
francois
bruno123
england
sheikh43
playstation
hacker
vovo1999
Rahiceblue
8244272a
snickers1
starcraft
diamonds
Thebest1
wrestling
fiesta
jegjeg290130
Iluvrj6983
omsairam
excalibur1
Sk8ordie
cowboys
famille
92859049
Lholm1505
98752015
Wolverine
dominique
787878
jason123
arschloch
laurence
idontknow
cowboy
samsung123
surfer
hannah123
johanna
123asd
finance1
fireball
cary5678
010101
nokia
justice
guitare
5544331122
smokey123
0icOtpd785
00100cracknoob
roblox123
victory
eduardofelipe
chantal
johncena
passport
yankees27
buster123
dougaum12
andromeda
drummer
portugues
Qwaszx12
VQsaBLPzLa
rifath786
qazwsxedc123
202020
Michelle2612
pinkg33k
Daniel01
vanessa1
carole
butter
beatles
eragon
golfer
tiger
natalie1
scotland
catdog
carter
giulia
foonir123
my2girls
tyler123
123456789q
Redskins1
simple
love123
poopoo
Teacher1
bluebird
orfg1992
alison
infrared6
ssafd913
Joscortgtx742
hitman
telefon
myspace1
seven7
gloria
love4ever
wasser
sebastien
tinkle
Tanner
orlando
caline
rolltide
fbobh
strawberry
spanky
crevette
29111988
guigui
empire
franklin
dfnjnyi9
destiny1
allison
dragonball
Roxybuster09
evangelion
whatever1
jamesbond
rocky123
Canada12
ireland
navarro
bassesq33
54321
buttercup
hadeelal
fijiis
gateway
Tarzan
tristan123
maria
westside
felicia
rockstar1
Playstation3
q12ww21q
alabama
sabrina1
Logitech1
kasia1
amigos
mattaragha1
123456789lol
18465546
brigitte
paulina
Panther1
fishing1
ruffryders
buckshot
miroslav656
EKtuhi1234
just4fun
1Antysecas
fatima
catherinemc
legend
teresa
cherokee
piotrek
tiberius
happy1
Ionel2002
1j2o3a4o
Sheelu1!
reynalds88
cheeseball666
Basketball1
alexia
hollywood
federico
runner
soccer19
sylvie
rva224519
hummer
35775300
feuerwehr
batman1
legolas1
redbull
gustavosilveira281095
sarah
Hawaii
Shayne1908
andrew1989
manmeet88
brasil
rasmus
dragon11
karate
subaru
1waterbooby
pamela
Pricken4
devilish1
MasonOliver16
christina
bambam
severine
poisson
44891201
julianpulse69
lolcat00
iorykazama123
raphaellay
didier
charlie123
francis
mimi0808
mamadepanchito
boss1234
karen1
carrie
atlantis
celrel8morra
eduardossj4
iku84330254
adgjmptw
piotrek1
ijam5690
nubirata1
pepito
Lucky123
california
eleven11
fcbayern
jdnjr5
nomercy1t648
harley12
sanane
duncan
misiaczek
nounou
margot
suzanne
zaq123
ronaldinho
monalisa
112345
br89kjg
lightner40
alejo123456789
Annette1987
istanbul
packers
totaldrama
123456879
ihvj0310
inothis
donald
amoremio
gamer123
012345
liberty
pussy
devil666
julius
london02
bayern
9876543210
johnson1
sonic123
business
soccer07
ganesha07@
c4tsm30w
klaudia
bingo123
zaqwsx
jamaica
maddie
itiqududawebe
dont4get
topgun
welcome5
aleks123
Sealion1
slater69
blanco1
Bra14042001!
berni123
gracie
vSjasnel12
99827230
murran123547
jacob123
snowball1
191919
colombia
brutus
banane
james007
estelle
shamrock
oliveira
enigma
mercedes1
pistache
454545
success1
roblox
slcf881199
Yvonne521
buddy1998
cardinal
asdf
alex111
threepwood
zeppelin
peter
pickles
corinne
system
uncharted2
69Ever44
Cocochanel123!
bon1ato
jojo2900
SNSBouttaBeTheCook!!
DEAD123456
jessyie
therock1
drpepper
cancer
simpson
192837465
contact
mercury
bartek
fatgor01
sesame
football12
gabriela
77777777
element
cassandra
IronMan
thomas123
purple12
barcelona1
geheim
sister
minhasenhaefeia
Felixx1
cooow617
password7
spring
Soccer01
musica
Babylon5
Melanie1
3v3r4b0dy
fortuna
regina
johndeere
adventure
riccardod
miesha0630
12345q
happy
Primasol1504
peugeot
1234512345
cookie76
Epcots
mareneve2001
maverick1
sublime
super741852
1qay2wsx
kathleen
blacky
thetardis55
magnum
timmy123
krishna
fabienne
students1
fabian
kermit
Boum2003
stephen
mariah
r4ulfelipe
Gamefreek1
242424
dreamcast
Zxcv1234
thisisatestonly
rs123456
211277
111222333
aurore
matthias
fabrice
Bailey01
michael123
nascar
teacher
germany1
r8993958
Mitchell
nirvana1
asd12345
helena
qw1qw2
houston
159159
03gonza
92249224
claymore0
tonino1
jdc420931
kittycat
574974/*-
rodriguez
sucker
oscar1
komputer1
asd
qwertyu
yoyoyo
daniel11
arnaud
Broncos1
martine
www25111987
ladybug
karine
jesusey2
ramses
viking
36260334
ua250555
james
blablabla
Spitfire69
vegeta99
2392safe
kyuusou00
psycho
chichi
171717
hockey11
vikings1
456852
sarah0116
80246709208
rary99344483
badboy
manuela
justice1
bVprQW5ZbVFzN1lUTA==
kata0319
Phoenix4703
allison1
Miguel
master1
7654321
amelia
connor1994
federica
october
milano
margie89
cheezer123
Aaaaaa13
market06
Hannah01
security
lucky
phantom1
223344
montreal
giovi123456
salome
alberto
trinity1
password11
linkin
123456456
gratis
alphatest
claude
honey
bubba123
zainab
komputer
asdzxc
archie
bailey1
sebastian1
newton
josie1
baxter
3sYqo15hiL
teaka1
7495499rafa
morena1996
32453melle
zillow123
lindsaym
fat123thushiw
fraser23,
505050
ladybug1
mohammed
amadeus
crystal1
aaaaa
0000000
something
freeze112
pregnant1
todogaka
94DARKnes
soccer1
alex1234
1235648/
p1an0f0rte
stogie
united
garrett1
asdfg
synyster
damian1
warrior
butterfly1
maradona
madonna
ibanez
ludovic
Coyote50
alibaba
souris
chanel
danceshopper
kamikaze
gordon
sergio
phillips23
spass235
laggan
bArt0l1n1
yarne2004
poupette
napoli
babyface
bretagne
hatchet1
zachary13
tiger1
1password
disturbed1
brooklyn1
popeye
starwars123
dawid1
Austin01
rafael
mamapapa
argentina
AnVr2017
jameysorn7,
sh5a1hox1r
cupcake1
bigred
garfield1
xanilove
trouble
F00tball
oliver123
change
99295645.
19821982
Akantor69
LLetmein948
WarpDr1ve!
crosby87
love5683
blackjack
bradley
pretty
ewelina
carla147
323232
poopy123
stones
Daisy123
kabanda
suckit
fuckme
112358
123456789987654321
12345679
nele2002
kinder
davide
beauty
Dagdamor1
dfa72dfj
killer84
antonio1
osiris
shadow11
travis
peewee
Brianna1
rayyar!!
weavel2947
stanley1
marius
Lissy123
Scheise123
cracker
janice
ulysse
99058814e
paraguayraphiphop
norman
Believe
player
iloveme
panaSonic12
theking
Flowers1
jubjubes21
drew74418
k2h35b1r
natalia1
99073827
99441863
Ethanx15
ronaldo10
Hejsan123
hunter01
omfgAj3121
stefano
25802580
metrakit11
megane
gabrielle
creative1
123456ab
Starwars10
start123
321321
werder
lolipop
killbill
ab123456
Danielder3
angel8724
baseball7
lolwow123
Raphael4
Darkblanco69
Ramon0412
A333482dc7
50cent
hendrix
jamaica121314
daysirlene
thuglife
lorraine
Pepper123
HOmalley33
tractor
ViPHV5J736
5
gsxr1000
sweetheart
Christopher1
Snake193
gunner
1891633D
Schuh123
Psknight91
morpheus
deborah
shadow01
smile123
Andrew123
mendes9610
07935670684
rayssadacostaoliveira17
larissa
newlife
cleopatra
kid53fun
Empires90
Brehon59
burrito
claudia1
jad198870
houston1
violet
amsterdam
testing
amaterasu
castle
m8q7rwbr
mario
1Direction
Julio100
Gamache10
6bordenroad
mm7226mm
benni007
gabriele
borussia
yamahar1
gundam
molly1
freeuser
23248
Hinata23
Molokai123
Gallier13
Laptop135
Maxence1296
Amsterdam1980
Quentin1997
Dauphins1
Lucia050510
12mayo
good12345
blue2010
bastien
Scout123
211089
celeste
Liberty1
sullivan
nigger
animal
kristina
ronaldo9
mariaantonia
precious1
asterix
5hsU75kpoT
michigan
adidas00
RAMONA
medicina
christmas
scotty
testing123
Wenatchee5036
uQA9Ebw445
AgK4pp4i
pangO2808caramel
Kefgame123
GOLOOM34
Hnoxfzmxfn2
Ebonheart666
Phil175250
Anarchy021
Azoz2012
amazing69
958562511
england1
Nikolas
please
porsche1
magnolia
saopaulo1235
wolfgang
sa1313
cheese12
matheo
skate123\tMinecraft
manson
11
11JANVIER1994
Kedach03
mongoose
buster12
ludivine
pitbull
phantom
savannah1
678088221194
felicidades123
01235647l
gremio1903
nikolai55
bobafett
Hockey21
agnieszka1
(null)
md11a380
raquel100++
Snowboard1
simon123
sherlock
harrison
lololo
Grandma1
nintendo1
renegade
chandler
Prozacs
poulette
voiture
sandro
123698745
poptarts17
nrukem
mu150419911210
Edward0909
patches1
paulista
blessed
flipper
1974valiant
biloute
lollol123
pokemon9
aurora
li04102009za
jayjay03
123Peter
harvey
bulldog1
Vincenzo
lineage2
roland
alpha1
guillaume
maxmax
pineapple
vanpersie123
springfield12
floris12
ClmOr126
captain
looping
Spiderman123
Jumpman23
booger
Pickles1
ameri129
Josephine
drawing
hockey12
Simpsons1
Verbatim
wutang
Jake1996
swag1212
Pontiac66
abigail
moimoi
phan2son
pokemon2
kochanie
Andrew12
area51
samcharlie1
mazda626
presario
kendall17
futbol
isabelle1
anastasia
soccer22
warlord
Bentley1
casablanca
7v8bv5TeoW
renan12345
haslo123
Se3yxRy4
cerise
aragorn
ireland1
Element1
mommy123
GINGER123
anhyeuem
camille1
corsica
raymond
321123
desiree
SchnuffSternOdin
wojtek
pioneer
baller23
Holiday
bobyesponja
lucky13
ingrid
shithead
soccer14
UWEC6893
msharot
poopllop123
Gbiamsuperman16#
jetunyku
069750123
DragonWars
cior3652
teddybear
alegriadosenhor
1a2b3c
1fckoeln123
flatron
leonard
design
98765432
sitsadie
oblivion
snake
peterpan
inter123
firebird
kristin
nicola
titine
harley01
moonlight
bionicle
22tata
skateboard
Laguna
datskune08
sweetie
patryk1
buckeye1
Start1234
dominic1
megaman
bigs99
Tao19921
robinson
pppppp
maximilian
badger
456456
kenshin
britney
Neptune
apple
sapphire
darkangel
my3sons
ATTILA
bigdaddy
joshua,
256789999
cairi123
Kitkat1815
Colton777
daniteodora9702
ricardo
liberte
asdfasdf1
scoobydoo
haslo1
annette
69696969
tomek
vision
engineer
buster01
ginger1
santos
chopper1
elaine
tornado
zactanaz
chr1stm4s
lasert69
struttyfc6…
Fartart22\t2021-07-09
target123
brother1
summer12
fearless
bobby123
fftoday
nutella
bertrand
hello1234
debbie
serena
marmotte
g00dpa$$w0rd
beautiful
lestat
Banzai13
Parola12
superman00
animal321
olearys1683
qqttxxpy
asasas
Windows1
froggy
dreams
maryjane
Soccer18
brooke
Montana1
carnaval
eleonora
stellina
mexico12
jaimatadi
hamburg
resom911\t2\tde-DE\t13.03.2019\tWORKING
poiuyt
01407540408
123456asd
evolution
stanley
voyager
halloween
lamborghini
killer1
hesoyam
elephant1
starcraft1
stupid
black
jp272001
mason2001
rock888
SelinaCat2013
9005931812
thebest
oracle
fordf150
fatrat
zacnet
connor
dorian
passat
magic
cecilia
valentino
dominika
jungle
indiana
lima1234
124103817
poohbear1
tristan1
jimmy
Millwall7
bye
mtherman
lasusi
5ofusat20
killertje1
marie
unreal
yugioh
eternity
Pokemon23
blizzard
thibault
alabama1
dietcoke
lawrence
gogogo
cuiteparaiba
pranchita2001
Thesoup1
justdoit
Timothy1
david1
happiness
Stargate1
19891989
angelica
ronald
momoney78
energy
dieter
buddha
oxford
evelyn
jimmy123
death666
paintball
gilles
gladiator
kacper
coyote
henry123
1q2w3e4r5
098765
rsvp7787
Lachelle#1
lor5n177
kitty
1234560
donkey
bowman
deutschland
bulldogs
kwiatek
esther
harold
giants
q9ia3m3m
onedirection
adminXX1
n47xjQ1U
Andresm123
Redwood4
chanel0710
Portnoy85
big2smoke2
14798k1@
warkaxd123
Toulouse03
negerjon1
kenzo900
1205lili
kilomoto
birthday
20012001
simona
Leonie
maciek
popopo
Tiffany1
262626
Belle123
hobbes
babydoll
assassin
kakashi1
snowboard
Ahmed2001
seagrams
72valent
Steven2001
Mustafa
baseball13
12369874
jordan11
Alex
Kaylan1104
Samuel12
963852741
.123456789
mrgritz1
mmmmmm
andrew01
pakistan1
madmax
fifafxx
student
898989
ours
catalina
ghjcnjiyzuf123
aurora67
Gmt1234!
bml69inu
trunks
1234561
I8023you
sherman
Pokemon11
561951
a12345678
535353
Lancer
spooky
nyy0420
ccann0ns
bukak3k
acisum23
ultimate
Kaunas12345
sergey
Arizona1
indigo
Lola111199
emertrac1
joku1234
infantry
gothic
pepper12
Dragons1
mAster1337
s4chic
keefman6
047eqf6336
soccer21
jellybean
goober
lilian
ilikepie1
skipper
outlaw
My3girls
iverson
roberta
camila
Passwort123
Fitter597
sasha123
che1194
1holmes
jtqvkfxq
minouche
sagitarius
doudoune
lolipop123
justin123
maxence
Camilla1
bananas
biggaranx
nevermind
jesteśdebilemxd.
amare911
moloch666
Mrpickle14
abcde
Nissan350z
ronaldo1
Hannah12
Charlotte1
tommy123
defender
pearljam
pedro123
veronika
Ethan123
maria2008
goodluck
diego123
valeria
Gabriel123
ingeniero
music4JC
pedagogia
panda123
fanfan
facebook
azertyui
qwert1
sporting
Patriots1
whiskey
Kasperkat20
010482
driver
14789632
steph2103
9k12ak12337
psoe.es
madeis03
Thebigman2
@Ej2b5687d7
5101renisson
daniele
123123a
billie
money1
ciccio
celtic
miranda
hannover96
258456
mishka2222
cachou
123456zz
JamesBond007
123454321
flamingo
chloe123
rocknroll
stardust
rooney10
tortue
starwars12
seagrams7
speedy22893
Adrienne123
ihateyou
GERRARD8
office
19741974
fabien
pepper1
Gamer1234
12qw12qw
letmein123
lucifer
skorpion
fleurs
celina
alejandro
killian
barbados
man8163
pokey123
dragon13
princesa
123qwerty
widzew1
august28
soccer15
katie123
peter123
kegzag01
canelle
popStar1
Darkness1
hayabusa
lol123456
doctor
159balaca
ncc1701e
helpme
19861986
denver
werner
Q2w3E4r5
single
michaela
161616
figaro
ragnarok
Mason3612
lester
andres1994
Pawerjon123
sushiman1123
dsjfksdf
capucine
balloons
lindsey1
bluemoon
2223242526
loveyou2
19801980
football123
adriana
Rocky1
jason
Carolina1
warhammer1
batman11
bernie
soccer17
beautiful1
Corvette1
jj1017
southpark
ironmaiden
samsam
ariane
bordeaux
pickle
sairam
samara
1Qweasdzxc
India
zethneely
dynacolor
001988Aa
fy4kq3h
firestar9
zxh126088
moomoo
Warszawa
321654987
123321123
mariana
22091998
18111975
asdfgh123
friday
skywalker
vacances
lionking
agathe
ssssss
scarlett
newvision
neutrixdragonz
Hellfire
vladimir
messi10
eistee
dsfhhuwehr89yhewui
polopolo
chicken123
monika1
Herbert
newark
thomas12
qwertyuiop1
airborne
skate4life
sdsadEE23
mariusz1
xt225sz.
11071999
88146339
84341740
milan123
jadounet2014
niklas
assman
46165642
amours
cookies1
ziom12345
johannes
rainbow6
1a2s3d4f
felipe
jordan12
warhammer
splunge1
54775477
987456321
judith
alex123
fashion
Harley1
player123
superman12
totos6666
issam1992
339
timothy
estrella
Yvonne
9986448320
Jeffrey1
hell286848
vacation
onelove
carlos123
nokia123
avatar12
download
galaxy
private
13131313
marji1234
sexingisfun226
keettypi1
lina19880201zhou
barcelona10
99999999
daddy123
prelude
sundance
edinho93
87170476
Soccer101
sunshine96
whocares
qptibjre34
robert123
franck
Pokemon13
montanchez
medion
tulipe
alessandra
simba123
baseball22
33579823
eduardojb
eduardo3636
ere31011995
88585284
zzzzzzzz
theone
benfica
Sephiroth
habbo123
indian
1qazzaq1
a1a2a3a4
tuning
abhishek
familia
lasvegas100
Phoenix21
tigers24
cepes89110
presarior3
9b8eb565
Kienwald47
dawidek1
algerie
cheech
1735193093
eliecy123
neymarjr92
91229603
digo180299
Alpha123
Simon1300
14531453
mountain
bitch
starwars3
pegasus
asd123asd
research
dreamer
hellsing
icecream1
alfred
sultan
Phoebe
philipp
maddog
123hfjdk147
rossi
killer11
schatzi
panzer
nightmare
Jackass1
dawid123
artist
fuckoff1
7758521
Pebbles1
banana123
violette
789789
bonheur
8127198520
etiqueta1708
pedrobala1991
33224241
rowanlynch260
1468d1991bc
lucas03
7fewu99h
n0904t1220
justin12
mama123
Scotland1
adaoeduardo123
bocon526482
corsando12345678
123456789lindo
junioresonia102030
13061088
rohajo13
Anderson1
aket67
lindsey12
katerina
finalfantasy
rochelle
pioupiou
skipper1
forest
fatboy
aquarius
gangsta
pacman00
relorenzato19931021
rsp171910
81816972
titeuf
alladin79
misiek1
liverpool123
bouchon
a1b2c3d4e5
Cricket1
millie
skater
goldie
skip244820
dyb16112008.
alpine
pencil
dracula
beethoven
maciek1
Comewithme1
margaret
666999
oliver12
stalker
paintball1
peanut1
uzumymw300
17081997
herkules
Pencil44
Sadie123
Manchester1
smiles
bafapyre
bryank11
puppies
nacional
theodore
billy
rn2004
123qazwsx
bradley1
3333333
eduardonamooral
nego240194
cavalocrioulo
rodrigotricolor
fidycigu
caldrinth1
vanston1402
andrzej
victoire
181818
felix123
davias1
katana
Sampson1
motherlode
penguins
maelle
henry1
brenda
hamster123
Football2
Superman14
potato
gribouille
dominic
caroline1
sascha
radiance
Carmen1935.
roadrunner
praline
karolina1
avalon
brianna
pokemon99
overlord
alexandr
16129514
yosemite
charity
priscilla
tomate
holland
mypassword
bailey123
cadillac10
2074788
252673776
Pilapa
paßßłø¶ð123
rchjojopen
merveilleux
toutoune
trombone1
Purple123
tttttt
jacques
kuba123
paulina1
billabong
regatinha123
toronto
icb4uc79
monopoly
michigan1
blackbird
sassy326
laura
456654
stefania
brothers
Ankit1986
madeline
Niezgadniesz99
thomdrt
23232323
music123
Tomcat
malibu
Spike123
ilikepie
priyanka
toshiba
lolotte
31021051990
135792468
camelot
madinina
newlife1
Qazwsxedc1!
football11
rollins15
cva428
freeaccounts4
bl.cR1T6
Qq5129285
fx122810
B2xzhpuj!
lucky7
baseball11
voodoo
diana
martinez
commando
polaris
a123456a
asdfg123
cristian
charmed
louis
password16
steelers43
max12345
tabitha
313131
niunia
Haylee22
god7382
uncharted3
passwor
hallo
051004Cami
Racecar13
Schule
stephen1
mocidade2009
guitargods100987
sammy
daisy1
maggie1
12characters
beloved
power
321654
barbara1
uobE4tFm
saints
gordon1
naaaumsei
eloise32536373
therock
theman
network
Vikings
clifford
ilove420
mollycali
lvslvs
gordan01
pecadp
sterling
revolution
maggie123
dragon69
22041995
pacheco1
yourmom
gaelle
12301230
arnold
stronger
Lincoln1
reset123
marian
aaa123
poison
drpepper1
laurie
trevor
Password1234
DG234342
cole0319
gofofube
Yourmom1
alice
minette
greenday1
56735622
bishop
skippy
Hotmail1
Mynameisgr8
jordan123
harry123
wizard101
tahiti
splinter
reggie
keiser
mike1234
candy123
lisalisa
lapinou
21532992
Bruins617
shadow13
Minemania1
pass1word
green
92364022
elissa123
feh060395
marta1
george1
cindy
inside
cartman
Blue1234
mathias
astrid
Sandy123
wwwwww
andrew99
soccer03
rosebud1
kaktus
ncc1701a
butthead
fatcat
kelly
maeteamocacia
97311306
180225002500
35916680r
96713879
safirah
92454875
portofirme
92061220faah
99797371
frost626
angeline
qqww1122
lionel
fiorentina
qwe12345
thomas1
salvador
billybob1
azerty12
zombie
howard
mission
spiderman3
hornet
Garcia
Faith7145
c11011969M
coolman567
karigem7
monkey11
1234567891
rodrigo010203
sucodefrutak102
03058947
larissa2011
olhoazul
elvys645
07do07de2000evelyn
99070594
82278115
jacqueline
blackops1
magic123
andrew1
leipan110
123qaz
children3
melodie
Adeline
monitor
personal
lindsay
22711882
Welkom
awesome12
robert12
vancouver
gerard
kris1234
gundam00
zanzibar
central
campbell
benjamin15
wannadupe
joshua12
kenneth
cynthia
passwd
wolfco
pikachu123
4
topolino
blondie
qweasdzxc1
matilda
thompson
cec@2052
souza102030
eletroh123
elianelindona
030908vivi
margarida1997
thalia123
jordan01
Marshall1
rbOTmvZ954
punkin
soccer99
kimberly1
Hyacinth12
chief911
nepy1234
baseball21
trixie
567890
alessia
ninja3221
lakers1
Toulouse31
axelle
leroy1
andersoon209205
3m3r5n4k
evellynsilva
granadademao
lira2106
romulonunes
ever99163284049
7981340505
gandalf1
grandpiano98
19830504
cycki11
Kingreg03
kochamcie
gwerty123
Tolkien
sternchen
viktoria
patryk
alex2000
duda.silva12.com
meunascimento
Setembro123
91995153
20069314
ellen232
gata2011
coloradagatinha
tupacshakur11
lukinhasomena10
28081996fabianacampanelli
ronayra2002
fabianolongo
02101960
amogilson
98573836
front242
player1
dalejr88
poupoune
power1
baseball24
snowflake
buster1
Drummer1
smallville
summer11
Brittany1
ibrahim
Viewsonic
soccer23
yankees7
raoUjFL963
rg800526m
golfball
bayshore98
enfants
baseball23
IncorrecT1
Nicole123
shakira
babybear
Aleksandra
sassy123
jeffrey
Sani2579
.29.10.93
91276873
23458036
tadiferente
roni1709
mlkzika13
annemainha
japoneis
17071975
BONBON
friendster
kelsey
ownage
green1
cool1234
megadeth
poppy123
roxanne
monaco
capital1
hershey1(
linebackers1
ty85tye86
naruto1
connect
robbie
callie
monamour
usmcsrt5815
skittles1
junior123
Tigger12
corridamortal99
elysandra12345
ritadecassia
seuailton
fabi88424348
rosemargarzella
92243672
madafaka
monster123
bullshit1
sheila
Summer10
15151515
Water123
Kiesha123
Lol123lol
hearts
fabiosilva1994
astonvila633
Huskers1
hockey123
sapphire1
dragon01
bubble
joker123
753159
YouTube1
travel
Death123
aspirine
dragonfly
Valkyrie0617
kaitlyn1
Connor1998
srggrsrggsrdgr
zytetuxo
9141214293
lorena_gisela@live.com
kennedy
soccer16
Compaq123
pringles
hongkong
cutiepie
sk84life
future
aaa111
aezakmi
565656
bisous
minhafelicidade
thesims3adogoo
99886454
gatinho159
12
woaini1314
gizmo123
penis
thomas97
tatiana
griffin
cupcake
habibi
libby123
joshua01
thisisapassword
abbyandace95
lebi0718
pyroman1
Dragons
flamengo
Susanne1000
97056730
palmerence12
cleriston2308
roberio123456789
rubinhoxxt
carro2010
qazwsxedc1
together
magician
bambou
friday13
violetta
Softball1
danny123
dupa123
qwer123
robin123
brucelee
andrey
tomek1
football10
Macbook1
honey123
19961996
Godzilla42
philou
hunter99
xmas1225
adept667
cooper9290\t53
BENkyo94
Dakota12
virgin
Totoro
noodles
default
whitney
shopping1
purple89
polaris1
freckles
mirelaminhavida
matheusjp
fabinhoznloko
9941265988083223
141825lg
soccer24
Telefonica1
UvGX8f8232
melina
magali
23vec4rPcC
brian
Budlet123
esteban
The
sarah1
Fuckyou1
Timothy9425
skeeter1
taylor1
lizard
mookie
shalom
climent
kitkat
Waffles123
billy123
Google12
xs9x7L4hpG
little
scarface1
sarah123
lukasz
novembre
Qwer4321
pinkfloyd
nenette
tr3bor31153868
emilymmmsc
brunofelipe2011
delet123
Rexona14
milene147
rhalf123
rodolfosouza
impressora3238
lucas3007
courtney1
dannie1023
grenouille
auguste123
marino13
january
catherine1
lyah99185091
Digo136763744
pessolato
ruthiinha23
ruthemax
fad123456789
888tya
binaekorey
liliamor
tentando
garotoerrado3
manning18
hermione
a111111
chicca
clarinet
seattle
coolman1
BrianRussell1
Destruction0
katherine
15975338
258123
winfield
tx7fg39a
karsten
Davidt21
112244None
wdwdwkk123
bollock1
charlie6179
pentium4
trombone
789123
Brandon7
massimo
password3
roebabiBFF
14emilly
rodrigobueno
FiDeLiDaDe1
130597rcs22
08006428222
11042007
bergamotera
bigdog
hottie
Zane1609
magda1
Polska12
gosee1234
Mymjk11!
jj3529872
1722743794fer
slimshady1
!QAZ2wsx
Douglas
Bruno1234
afghanistan1
password6
steve123
remember1
elijah
27653
holly123
hunter1
max123
sonnenschein
Snowman1
felipe123
poop123
41erikwowerik
kakissily
reidaspipas
30125689
adorominhafamilia
123zxcP
passarodefogo
Nonos93500
Pizzas12
4960781
thumper1
booboo1
delpiero
kramer
topcountrytop10
ryanadijec
220898leo
91619177
Tootsie1
father
abc1234
socrates
stormy
12345678r
sublime1
Captain1
kingdom
hotrod
Jesuschrist
peanut12
black123
assassin1
19870422
yellow1
lorena
waheguru
acurarsx
thelosthero123
Darksnake
blue123
PUSSYCAT
radiohead
SuperMario64
17banana
bmg20030
samdeanekatywinchester
13dejunho
anthony2
viktor
hamilton
chemistry
Michael12
Chandler1
spartan
magdalena
starlight
19791979
noemie
hitler
sylvain
rocky
19981998
godisgood
Abc123456!
MAkyKQTQzNwLo0Cq
Aanaya821
fK3456abc
0.00000000
bacon8
yasmine
Tissekatt1
abcdef123
savannah06
nattaya
basketball23
123qwe123qwe
elvira903506
holly
inferno
C0rnwall
garden
megaman1
sasasa
abcd123
natation
dnkarl
lindsey
123456qwerty
warhammer40k
Kennwort
western
z1x2c3v4
makaveli
Umbrella
susanne
marines1
Kobebryant24
purple1
jordan1
071391lvb
efcio2008
password22
Kenneth1
pawel1
nicole1
1a2b3c4d5e
beatles1
fredfred
32954116
mash4077
desire
passwor1
godfather
Sooners1
carlitos
1asshole
Excalibur
twilight1
Swimmer1
racing
signature
harmony
kebabas123
Dolphins1
telephone
autumn
supernova
vampire1
steffi
lonnie9498
10101010
birdie
Shadow99
hershey1
poiuytrewq
mondeo
florent
boogie
pawel123
cartoon
Slayer666
eri
nessa2010
didine
mimine
sanandreas
jamnik151
bettyboop
madzia
scheisse
m
19881988
moritz
adrian12
explorer
aaaa1111
01011988
shiloh
samtron
truelove
Buttercup1
Fener1907
JclLvm1210
burton
sunrise
zangetsu1
ina123
sandman1
hubert
terrapin
chelsea123
01091961
smiley
kristen
Bailey12
universal
loverboy
library
mazda323
justinbieber
Wazup123
lincoln
perfect
halflife
Popcorn123
swimming
miranda1
hey37hey
cis131996cis
frumusica1
b7384000
sweet
skeeter
twingo
Tombrady12
BRYANT24
annalisa
badminton
dakota1
colorado1
meister
Taurus
mommy1
1qw23er4
Frosch
Martina0
windsurf
cosmos
jersey
trumpet1
fantomas
cactus
ji394su3
mcrt111111
aa718026
devils462
stercus1
mylove74
26101991
roxalot
Oblivion1
Raider
emily
gameboy1
909090
francis1
summer123
fokskidssexylovee
munchkin
yannick
hyundai
georgia
general
hector
Aaliyah1
mehmet
taekwondo
reaper12
password23
banana12
yxcvbnm
madzia1
claudio
kensington
Dracula99
Mario753
7uGd5HIp2J
Nathalie2011
g00dPa
minecraft11
cambiami
Skyline1
patty000
Henriette85
yellow12
vergessen
san*1404
33882287
crazycat2
ravigna8387
james1
Supergirl
Starwars2
redrose
1million
buddy
19831983
gilbert1
doberman
sharks
samurai
teddy123
Underoath1
maryland
joshua00
mikobm9734
Quincy1219
testkiller
Anton2012
coolman
halo3rocks
pauline64
classic
sammie
rosie2008
breezy
jakejake
airplane
Baseball15
jester
buttons
759153***
bopr1994
32817794
as19990806
crazyme007
50n9zhan
pakistan123
Frankie1
matrix123
alexalex
mamma123
tyler1
elefante
medadon96
IloveJesus
Mitchell1
pleler44po
ppoo0099
FBi11213
deftones
deedee
daisy
beckham
martini
kumar
sandeep
st003899276
theresa
julia
Floresta
philip
africa
elvis1
ilovegod
0603019306
kamila
password69
gemini69
nastja
penny1
pineapple1
fernanda
bailey11
sylvia
liverpool5
janjan
samson01
aveyron12
american
Chargers21
10203040
Baseball2
ThanksForTheAccountMatt!
caden2237
9waiYTOMzm
ilovemyself2much
FNRIVERA33
OICU812
trooper
1212wasD
coconut
nopassword
angelique
Benjamin123
nothing1
bastian
mireille
Baseball10
benson
fatima3546
9749676621ok
alejandro1
Frog1234
q12345
Monkey22
fabrizzio**
rosianerdr@
88028800
230397157
Purple11
shirley
Leckmich23
elvira
Nightmare1
good4you
bentley
0342445791
passpass
Baseball3
P0o9i8u7
Dadoune19
17011990
antonia
sunday
salvatore
crimson
Punkrock
lola1130
missy123
battle
alessio
halo1234
citrus
puppy123
Martin123
blackie
warlock
salvation
alanis
Darling
marcin123
Liverp00l
flower123
andrew21
mister
yellow123
weq63wdv
watermelon
kerstin
animals
orlando1
stefanie
BROTHER
felipeleticia
atha7FUt
jonathan4
dragon88
zebulon
Packers12
Smileyface123
geffen
and66que
Road_123
juhani2002
emerald2
555666
1v7Upjw3nT
Gemini11
ywn22yjy
NotSoFast7
eusoudejesus
muythay17
84154852123
35343065
vintage
Angelus
stephanie1
thesims2
goldberg
tinker
twinkle
motherfucker
francisco
sophie01
123123z
Gordon123
milena
giovanna
69mesami
sam123
fenerbahce
rycbar123
paloma
preston1
Maggie01
antonella
Henderson
Daniel10
killer007
12qwasyx
1z2x3c4v
fitness
fuckyou123
veronique
Johnboy1
baseball123
lyonnais
margarita
Angelika
5heePd1p
n91a73
librascale
Arschloch1
simon
abc
gamecube
biscuit
daniel22
password13
peanut123
marie1
jeroen
texvc2uj
Krumpk1ng
HotroPC.2019
matheus1998
Jasmine2001
etl110204
schele112
1marcopolo1
bosco12832
joanna32
krista
spike1
Dragonball1
danger
Jakobritchea95
pimpin
sardine1
sweet123
050219952.0
$roger+suelen$
#@#@teamo2211
97458374
garotoerrado
vazzoler
osmariatreme
256641154247
jesucristo
aaron123
Mamma12345
Hardcore1
valencia
super
445566
idontknow1
artem2007
blabla12
Abcdefg1
rahasia
mateusz123
elliott
230179
bengal
Jordan08
onepiece
ganesh
pamela2011
Naruto11
grace123
anthony5
midnight2
jrhysa24
121314
Roblox11
Orange1
nathan12
jenny
moumoune
Maria123
champions
@15telesp#
10/3/1999
4754132547321406
92041596
33567278
92934233
pingpong
schlager
booradley
hershey
emeline
teddy
marianna
roller
12121994
redalert
tigger1
Dexter123
bollocks
aptx4869
Hunter13
cristiano
bunny123
patate
minicalibra
6hBf28W791
mafiawars
Moriah99
Hu123123
Kaliforniya1
xbox1218
19851985
fuck
orange123
epiphone
cv1230
Neymar11
widzew1910
wildcat
123456m
bella1
eduardo
zerkala
johann
schnecke
9884538
spectrum
Dustin
leopard2a5
ghost123
nokia3310
matrix12
Decortin100
001122
kominum
bobmarley
88044096+
91253732
espetacular965
r3o4b3s4
25836914
bc2b4b20123
madalina
che2254e
wonder
9379992
coincoin
nature
Cartchef1
822vermont
290719910
Cash0828
1234QWERasdf
pinstripe
Yahoo123
31415926
moncoeur
delfin
november1
qazxsw12
schwein
Ninjabob19
lyonmeupytbull
dotateamplay
vivianh3l
Eununcavouteabandonar
steladias
flamengozika
bobby
marlene
69camaro
Buster11
nathan07
michal1
cng2011cng
314159
Perfect1
preved
1993olyako
5t67ew442
J1V1fp2BXm
123987
1majalah
ilovejesus1
Skate123
christophe
magic1
hayden22
cannabis
Panthers1
blackcat
alohomora
150490
marty4sale
ivanlech
Sandhausen123Sandhausen123
nose2629
Monkey13
09052002daniil
gonducova
arturik
bella
english
VECTRA
warrior1
tigger123
tartaruga
kingdom1
taylor12
123451
piglet
Patriots12
chicco
devils
renate96314678
nicazinha74
123pin123pin
147147
xxxxxxxx
obelix
ztddwo1992
333333333
slimshady
Tankw1982
charlet13
dddddd
samuell123
felipetrizotipiantini121097
gostoso29111995
carter15
saskia
noodle
zag12wsx
èuncompletodeficiente
rueda32566
steffen
sidney
applepie
kocham
Kill1234
taylor1992v
anaconda
21212121
williams1
alex2001
Sk8board
twister
dodgers1
agn02750889
PolniyPizdec1102
masha1996
lipa18
yasmin
arsenalfc
sachin
tarheels
Password99
153624
alice123
123456qwe
marek
147741
damian123
College
aqwzsx
qwertz123
kingston
mulder
checkers
1212
19921992
hotstuff
Azerty2612
felipesantos
9238316739441690
mimosa
sprite
Apollo11
azerty77
password1!
frogger21
andres
guillaume3695
onkelz
twinnumber1
franco
kyle0828
fallout2
special1
BrianA06
gangster123
cinnamon
felipe11
hannah00
12131415
123stella
anxi86
warren
tortoise
Goldfish1
7005631
mouhamedmed
proq3sdv
pjqcfqnj
372126465
6kVoDq
wwwhyi
ichliebedich
asdfghj
Mithrandir311
Lape6951
manakiel12
scruffy1
jackie83
samsungdell2
janluka123
anaiah12
francine
blaster
HANNIBAL
bnmqxztv123
123456s
zxcv
rooney
deepak
Detroit
caesar
vfvf251070
19721973p
shabalin
returner
2224010
Charlie12
nobody
hassan
nokia6300
WonderLand
Sweetpea1
polly1984
lolman231
zorky8356
Rossia
newyork1987
gam3oveR
woodlands
blessing
charlene
q2w3e4
Scott1
9470353839
trigger
dimitri
bulldogs1
iloveyou123
blue23
eugene
diabolo
mazdarx8
26044420
9999999999
awesome11
preacher
emily123
namaste
anakin
immortal
stinky
godzilla1
hermes
Benny123
Pharlap1
redhead
t080477v
a31081978
mart1995
pavel8445059
6748549andre
allah9179277988
ISh1811
leshka270389
pickup
545454
alisha
ronnie
Gphil87102
Bounty8490
bisto1rolex
mogli2004
kissmyass
dillon
thirteen
everlast
maxim734
glebovalexandr
421374426FFF
zajigalka
38203820fknfq
chase123
Matisse
Plymouth
deniska1983
dnkonline
laptop
princess123
braves
19811981
renault
curtis
clochette
janine
Doodle
Melvin
Andrei
emerald
Anthony123
Dennis123
tresor
1965224
number11
hockey19
bigboss
pompom
casey1
BaizilKoslanPopov
sauron
gators
georgie
40028942
syncmaster
lovelife
bubblegum
familie
summer69
allahis1
sdasdadaa
rabbit99
molly
Island
ariasva
Ceiligh1
vegas101
sohotv123
Fuller41$
ayomikun
brownie1
david2001
linkedin
pompiers
123456789aa
qwerty7
dominika1
tyson123
powers
16071953mama
kuzenka
safaffs
m89287345073
89034151566
dfjfjdkfjdfjdjfkdjkf
krimikrimi6233
camila123
sunset
bubba1
Ninja123
elisabeth
cheese1
maiden
Viper123
aishwarya
jayjay
wrestling1
scoobydoo1
redrum
freeman
start1
digo.1996
misty123
mama
889889
pommes
booboo11
joanne
awesome101
tama9936
ziomek
Quidditch67
standard
audia4
packers4
wildwood
kurama
Music1
verma123
amadeus55
bob123
123456789z
Christina1
trouble1
1q1q1q
scrappy
joshua123
justin01
nathan01
hockey1
996633
thorsten
amanda123
kissme
poop
elegance
gwerty
amber123
8PHroWZ624
ils567
hyperlite5
C17Vc7Izbq
24d752a25649cc4e
D02292019
ygarces25
brah1234
dominique2
1g2w3e4r
buckeyes
97992001
domenico
karachi
pizza1
chipper
5531697Keppy
e839hn2002
1271166dima
agusia
111111111
nougat
13579
34erdfcv
notforyou101
Basketball12
nathan11
Liliana1
babyboy1
Scarlett1
roscoe
darkstar
iloveyou5
cathy
malcolm
julie
HARRY
doggie
gostodeti123
monster12
pepper11
lollypop
Nguyen
pass
Besiktask1
vfhbyf
QAZxsw123
coldplay
adriano
SwORDf12H
hannah97
angele
arizona
Wallace1
Griffin1
tiramisu
12345cmt
andre123
Mason123
Cheyenne1
woodstock
meowmeow
simple123
jupiter1
marcos
cass0404
country
kennedy1
atlanta
zakaria
scorpio1
8286522vadik
55267171
canard
sparkle
Error404
Charmed1
callofduty
reddevil
diablo2
Addison1
justyna
football24
armagedon
September1
playstation2
a012901
felicidade
chode717
Trooper1
sunny
Psalm4610
trinidad
rodrigo
jeanne123
bigbloke1
de74nisse
stuff1234!
L0VEYCAT881
Hahaloser
maruma7119
Mexico08
firepower1
brownie
victor123
andreas1
Madonna1
meagan
link56087
Charlie11
baseball25
3Children
ashish
acmilan
pascale
arianna
123457
222333
metal666
200801121
brendan1
masamune
treefrog
W5tXn36alfW
19071907
778899
as123456
Lollipop1
spartan1
dragoon
fionavar
juventus00
games
DEUSEFIEL
Rosemary
bobcat123
jesse123
scooter12
tricolor
kacper1
anamaria
saibaba
lolek98
orange27
miracle
catfish
kacper123
floreval
amanda1
engelchen
s1ssyc1t
deathnote
myname
nascar24
frosty
123456qW
tigger01
wallace
everton
Squirrel
cuddles
karden
Snoopy12
Baseball5
lucas
create
peace123
romance
quirqui820
aladin
ByRazerGive
gabbp
music0121
65856713jose
GoLLum1990
151271
Starman33
Tssummer2010
pinkypie2020
linshi12
sumon123
nicole12
dolores
maelys
harley123
dupadupa
summer01
marcus1988
qwerty321
godbless
starfish
biscotte
66666666
1234567q
everton1
nathan27
snuggleS
October08
musicman
celtics
vRbGQnS997
colombia89
aaaa
dinosaur
zidane10
Mypasswordis12
werewolf
Lasvegas1
fireball1
bbbbbb
kristi
foster
Wolverine1
london12
coopering
LJh72376543
kevin1
hernandez
6122mill
Apples123
hartman
samsung23
jessie1210
nexus407
rusty123
17111984
42247146
tygrysek
lolipop1
briciola
firebird1
backspace
boris123
22humb
brazil
delpiero10
totoro123
pepper01
Nikola
reaper
dollar
jamaica1
babies
Sunshine12
pepper22
secret123
daddy1
atlanta1
Brayden1
tatjana
Caitlin1
motocross
wolfpack
lolalola
maurizio
spartak
nopass
20101994
qinetiq
xn733lsCdB
jh1831
db1994opm
Smulan11
kira123+++
Gnaggnag1
pepsi123
cinderella
ncc74656
Junior01
Katherine1
corona
aragorn1
apple1
japan
harrington
budapest
c3por2d2
homer123
Mustang07
manson666
mipset0416
emerson
Airforce
cannelle
envymy3g
porter
gianluca
poseidon
godislove
indiana1
chaussette
Hayat1710
hurensohn
patrice
patrycja
kandy988
780278
j84lrj
mackenzie
candy
fengwei77
bastard
bomber
bigdaddy1
toshiba1
13707377509
Marihuana
godisgreat
gonzalez1
arsenal99
summer1
Welcome2
julia123
meteora03
16Bat53D
Antoine1
carson
simpson1
Rosie123
bz071602
discovery
20112011
madness
bogdan
ROOSTER
longhorns1
qweqweqwe
cherie
anarchy
darius
adam12
0919345066
ashley12
787216
jona2307
minecraft2
wolfgang1
kenken
yankee
macedon1
allister
tarcioftp12
1ebrug11nico1921@live.de
ciucciar1
Fishcake7
filippos27081999
hellsing1
1235476allo
smiley11
miriam
tester
homer
madagascar
broncos
sandman
firefly1
Tzedc1503
180888
rajan
Magnus123
darkside
hockey17
baller
pikle3310
princess11
monkey10
joshua1
369369
bubblegum1
annalena
snoppy
Peanut01
zaecboxx2014
Bacon123
shadow18
andy1999
fireman
zipper
iamtheone
daniel159753
kauan01
911911
Predator1
a
pantera1
buffalo1
123456Z
thankyou
maestro
530jiay
sanane66
davidclpp0
gavrilenko
trogary82880
mamita1986
9730710038
AVY@241ysb
pinkspider
elv22123
esnake321
kitkatcrunch
DoG878762
Dannysuh19499
monique1
droopy
19951995
nee1thai
myteddy93
123abc123
Fantasy1
password5
gizmo
usa123
Megamanx8
ineedit
thunder65
family123
pallmall
wolves
19850601
bonjovi
megamanx
cocotte
slapshot
CASANOVA
Vampires
cccccc
bruno
Sierra117
123asd123
azerty1
falcons1
popoter0987
cooler
carstein40
Billyboy12
cadillac
pentium
gta2gta2
boulette
byu12345
chewy1
master11
chess1234None
3640849638
evaristo
14540194168193
allah123
111213
kristine
Unicorn1
marines
superman123
Biscuit1
steve
malca77
Darthvader1
morrison
password9
szymon
redman
1qayxsw2
pokemon2003
diablo666
lucy2010
muenchen
12345qwe
damian12
schneider
tigger13
volley
123456987
Wanderer
santana
firefly
password21
riley123
altsgenerator
austin123
bidule
billybob
warriors
ZRSzd9p238
Proj3cts
chase1a35
romulo20
Tefras2795
modupe88
nebula15
jcr112077
red12345
soccer20
7894561230
mrfreeze1
superman2
special
Pappa123
mahalc45
160596
seven7eleven
In7slothe
llllll
89038903
37241989
underground69
Hermione22
Thomas01
omega1
software
trucks
russell
austin12
evann1910
9Rahxona
fernandal.
r101184
london123
konrad
christelle
cooldude1
clarence
carbonell
antal1991
Hitman47
merda123
mantequillayazucar
camila94
220397
Myspace11
rajesh
babyblue
carebear
zazaza
okonkwoamaka
tris1221
gearsofwar2
rossi46
Tennis123
HARRIS
martha
temp1234
lolo1973
andi3
6686860xiaoyu
erika
qwe10443
gilbert
Joshua20
takamine
Sweetie1
controlpanel
112600
19881216
casino
messi1010
theresa1
sylvester
payton34
azer1234
Camden74820
macy1401
baseba11
7777
myriam
mylene
Azerty74100
leopard
santino
Justin10
Schokolade
qawsed
663621
project
CHIecher875
faruk5858
facu34383295
21febrero1995
885786
romidas007
germany
allah786
fylhtq
yvette
quality123
Hockey13
sergioss_@
aiia2112633
1qaz@WSX
070707
123321456
kaiser
thumper
Superman24
skywalker1
2118hell
Trisou123
Charleston5
cheska587
a01012001
FuckerBigmom6419
kboy123
digimon2003
nojdhager
andy123
jupiter2
gonzorascal
jericho
bluesky
ready2go
church
nwo4life
Jenny123
lizard1
tibird
Albatros
idefix
adelaide
7182885
Ecsu52
filipadam03
daltoncd21
texgolf
htex09ek
051337kf
9858320030
julia1320
76126874
articfox1
anthonytodaro
711092772
26390068
2900722396562
newears
durkinrd
washco
cock11
51151013
623200
eagle1
tannerben0103
gabriel2008
cbr600rr
143143
asdffdsa
waterblak123
lemonyellow
ssss2222
metalik4
paloma1992
Renata
newman
butthole
caterina
cloclo
mandarin
goddess
spider12
fawfaaawaaa
Jack1234
cookie1
151000
vfrcbv
bartman
monday123
12QW34er
viak7825
Cook12345
IUT@321jfh
Nike$1011
grady2
messenger
simonb
kotek1
emily1
10pace
787898
wombat
bullet
cougar
newjuri1
shaggy
alexandru
Bearsfan1
abcdefg123
Creeper123
columbia
kkkkkk
batista
Ricardo1
deadpool1
volkswagen
august13
adam1234
Summer09
minghui
12356173
807214
1991418
19309127
8291363
kaishidongle
8634604
591736
584688
987963
1256389
628211
tropek
Chloe1
papamama
hussain
prom12345
passmyid
viblang
nakamura1933
icx2an52b4
sas68287
sparrows
Kentucky
1zn6FpN01n
twilight21
spoon
geving00
nathan123
yasbb012209
pimousse
kasia
cransac12
Inheritance1\tPremium\tFriday,
Charmed76
Morgan123
baseball4
klimek
Trinity3
stinker
campanile
blahblah1
Mississippi
2004977a
Webster2010
kitten12345
general1
gateza
herman
03/06/98
smoke420
FQRG7CS493
q123456
neoren559
skyblue
nokia1
charline
matematica
buster13
meredith
bird43
trance
ahmed123
annika
beast123
Clementine
hamlet
Paintboll1
moshpitoi7
Austin33
nevell123
ashtonr1
danilo
amber1
ninja321
john
mommyof3
october1
vietnam
insane
11112222
giacomo
Blizzard8
88123clq
10ripper25
bruno1215
Starwars85
gurock2344
eitaK8911
madeleine
963852
keyboard
Rfitz6303
freestyle
failword2001
Cacademy678
edyutzu99
ahmedmale123
istiqomah2
tg040810
tinkerbell1
8moc26ec
monkey01
rootbeer
millionaire
goldstar
qwert1234
samuel123
bandit1
050505
250188
dalton
redsox04
ashley1
eqeS606898
Reddog77
lovetvxq
martin1
abcde12345
123456789123
Overfive
dragon10
loser123
kathleen1
turkey
choupi
boobies
babylon
shanghai
fgfgfg565656
09126330415
emilia
lollol12
raj93baby
sonnenblume
ferdinand
anything
aM1szNr
servicio12345
dx4life
12ciao89
RingdeeDoorbell12
lilly123
carlotta
p51must
sarajevo
Sunny123
nuttertools
Aloydeinora95
19911991
badass
scott
superman78
Natasha1
1979
1952vnf
satelitec660
tint252
w0l3s402
faisalmughal2
butterfly8
LINDA
shved69
www123
supersonic
marlboro1
az123456
wendy
andre
ethan2002
jesus1312
26121982
July292011
qawsed12
compaq1
aurelia
paprika
hallo1234
19731973
ordinateur
sinner
19941994
colt1911
tomato
G2721987
bernardo
0811006325
iG4abOX4
michael11
charlott
poop1234
cheesecake
hellokitty1
dietcoke1
123456as
joe1joe1
kasper
1357911
palmeiras
abcd
myrtille
start
ll1234
159852
2060030187
monalisa25
stacey
thomas11
sandiego
service
samira
dragon22
carson08
blueeyes
Simon911
satellite
lalala123
wending5
12imre12
Twista12
iI1119132173
stingray
michael2
zigzag
george123
zerocool
casimir
112211
valerie1
crazy1
timber
dadada
maksim
qawsedrf
qazxswedc
skippy12
tacobell
sally123
patience
onelove1
singapore
dylan1
smokey12
rodney
iloveme1
ophelie
fabrizio
Danthe1man
zaragoza
woodshirt481
Partyrock12
il0ve8aby
tb432173
fouiny10
linkedin077
heylate
sergio3717
4012065043
wertlos01
vinodraj
scania
scorpion1
fantasia
gladbach
6
mousepad2
lollipop12
Maurice1
imperial
Jazmyn1405
vodafone
thomas98
holahola
fantasy0
asdf12
987456
Smokey1
363636
zaqxswcde
delete
Ginger12
dnkazarin
aaaaaaaaaa
christy1
maria1
kK1119132175
suprapto2461984
samsung12
mollydog
drdrdrdr
coolio
Enrico
Westham1
Boobs123
thunderbird
123qazmlp
luosbio789
LEANDRO2
pioneers09
fer010690
wert2141wert
kxra5evn
ssj2lee
nj0512
234567
jerry
demon123
sonicx28
sucesso
nando1122
levibaby
naruto99
monday
vertigo
oklahoma
virginia1
joy126
strike
over9000
jenifer
crusader
Paulchen
2children
password8
defer0031
papers
balloon
bowling
raymond1
selene100598
washington
20002000
baseball16
pb56165886
logitech123
torres
piccolo
parola123
nani7107
bibo1929
safejolu
musse1509
alvadi696636904
yahoo
fusion
sanjay
jacob1
soccer09
Qazwsxedc99
tarheels1
fergie
Pizza2005
ac70060ece
48243394
teddy1
jeremiah
Dortmund09
pablito
Buttons1
CVFootball63
Milad2001
savage
goblin
honda1
lonewolf
national
harrypotter1
Scrappy1
19860609
dogcat641
daniela1
Sanchez
computer123
gizmo1
patricia1
qazwsx1
namasaya
98635786
converse
farmer
paralda45
16121992mohan
raylewis1
nissanek
sloneczko
redrum781
haslo
kittykat
qwertzuiop
edward99
calipsoargentina@hotmail.com
cyrnBe927
Cracoviapany1
contrapaula
Password10
delta1
izzy1234
ginger13
oxoxoxoxox
Drake001
AjcuiVd289
feyenoord
12312311
robotics
misiu123
0731290649
kofkof12
110309
yuutetsu12980
chakrum1
sonia100
mazdarx7
Maggie11
sarshaar
hannah1
kar120c
master000
nantes
0875990991
moutt2k7
ambitious108
skiing
babyjames
beckham7
crossfire
respect
moloko
Basketball11
potato123
TENERIFE
cannon
mittens
gabriella
cookies123
trumpet
OEMu0XgCklS
vazelakos13
kaliber44
yankees23
ashley123
floflo
zaq11qaz
april
katrina
jeanette
dapper
kristmAs78
hockey31
Silver12
hannes
George5172
Seagram
6739Blitz
camelia
Coconut1
hailey
soyi546546
pepita
Patata
svetlana
beckham23
shithead1
fantasy7
target
8joghtany
sami0907
Slipknot666
qaz123WSX
freddie
17
dumbledore
derek11
maxim123
webster
ernest
renee
cruiser1
quicksilver
serenity1
asddsa
Manuel12
amanda11
manman
mastermind
reunion
joelle
tootcat2
amour100
Abcd12345
goarmy
Fd081687
sirius
principessa9
familyof5
krogan
azertyuiop1976
tb35592I
Muonline1
eternalhope11
gentileza
9920bunty
Minecraft2012
namita1974
sonicx
crapule
cinema
angel09
manu4life
kaktusz
dawidek
20434373
august2006
ladybird
0932large
albert16
zaenal2510
maspabujan
Makayla1
pandora1
qq123456
Wordpass1
charlie2
light
12ap2003
worldwar2
airplane1
katharina
shazam
mickael
raphael1
Andrew11
Colby123
adrian101
turner
segreto
4seasons
killer01
joseph123
Mine98
gracie123
rastaman
mary99
rasengan
A123123a
fireman1
1983
fallout
LHubac07
maxima
cool123
pooppoop
Ficken123
comedown
19901990
Bcxg4sxrfy
iforgot
popsicle1
tyler
qwe123MN
lapaglia55
Batman14
Bianca05
buster446
Troiano@1973
arika3636
Gratis#01
evan2848
jasonc
oceans11
yamahar6
dallas22
james2016
Avalanche123
lifesabitch13
mario1
harrison1
brendan
freedom123
steph
patata123
102279
blossom1
anime123
studio
Alex2003
13791379
cantona7
maggot
hunter11
krystian
loveyou1
Joseph12
leanna1
28101992
laura123
12345678900
Luis5847
chickens
19771977
lemonade
baseball8
polina
lilith
ilove12345
bananas1
gremlin
134679852
lovebug
fisher
Ariana123
jacob04
grandma
titouan
liliane
norton
525252
lw418215
cornelia
6583OO1ZA
ziggy123
lkjhgfdsa
Peaches44!
supermario8290
parigi11
enme5jl9
82junjhceyjd
omklh1234
trellises0
cool21amber
resident
tugger
Brandon18
filip123
casper123
01815849369
wachtwoord
cooper123
Gomez5364
Johanna1
sb778799
coltrane
belette
huang110
Digital1
tcomc1026
ALEJANDRA
0330abcd
080808
lalaland
ironman1
rn2417bayan
cassidy
sylwia
blade123
lindsay1
jelszo
lorenzo1
yomama
Delldell12
1212312121
battlefield3
taunus
november28
Sasquatch1
alexandra1
lpz93sssKqw8Q
indira
dagreat1
Florian1
rahmanmars
656439
propuesta
7909966
lol
62030789
donnag04
mirfan@ifishtech.com(messup)
h8logans
v2311954
Txoko100
star1234
lizzie
1posaune
a159357
blackdiamond
hugoboss
memorex
obiwan
golfer12
cristo
newcastle1
always
sugarbaby
18041986
bandit55
garrett
cool
johnjohn
whiskers
ingorion177g
football8
fktrcfylh
harrison1126
foxracing25
lampard8
willie12
santiago09
TALAVERA
etienne
concorde
zezohardcore
cute788519
28021969
zainnoor
cirebonn
sayang
nascar99
mandrake
notebook
1234567899
faisal
kenshin1
qq123456789
eagles1
minhasenha
jonathan123
tottenham
nicolas123
geoffrey
number12
corky123
Yankees13
Music4life
farfalla12
Cooper12
emjodan6969
Maximilian1
colt45
lol1234
sanane123
bounty
Lsad54321
Madeline1
dodgers
kristina1
youtube123
flounder
random123
Xxrate12!
richard962
cokacola12
Andrew1998
concon666
Stefandusan1
itorres041373
1670bure5511
edgardo01
uuchihasasuke
mmonza01
iluvatar
Rancid81
fisioterapia
ev3G42oqfD
freedo
surprise
aniolek
calibra
pacman
tennis1
action
kaylee
fletcher
shelly
Mississippi1
domenic1
Anubis
23skidoo
kittens
meteor
janko1
lance
masai
mamamia
hobbit
solene
eyeshield21
snowman
orange12
counter1
douglas1
marilyn1
galatasaray
a1s2d3f4g5
sisters
baseball9
helloworld
speedbump1
Eminem123
12monkeys
Games123
258369
adrian1
piotr1
kurwamac
hussam
wasirin4
Ilikepie123
azrael
ezequielaliase10
janina
mermaid
cheetah
369258147
velvet
Swimming1
peace
m123456
caramel1
pudumjee12
priya
gestomarisaaguirre@hotmail.com
nhocbmt123
zet49468
onemoreset
Elio1234
peanuts
Redwings1
cecep
bouboule
catania
pastis51
sharingan
bubbakush
singer
lahore
aaliyah
evanescence
786786786
forzamilan
Android
Roswell
1r67y1
44444444
ENkimloi87
oliver1
mollie
mellon
Zombie13
1314520
vishal1975
Elijah11
sandy1
voyage
rosewood
sainath53767
9641369172
CHRISTINE1
090999
8letters
airforce7
Monkey99
19051905
plumes
italie
nigeria
connor01
88727165
artemis
mike
babyboy
Formule1
784512
simba1
underground
stewart
gertrude
danny
Mine0007
ramones
morgana
aspire
robyalex
10agsp
nice
123123qwe
miniclip1
mikolaj1
montagne
ilovemusic
tootsie
quattro
mememe
capricorn
annie123
knicks
sunday123
odessa
77ryan34
mdu6541
191827
celtic67
fisherman
poodle
caramelo
qwerqwer
dragon23
redsox12
Swordfish1
urlaub
Russell1
blueberry
giorgio
anirudh1
rachelle
springer
sandy
Beth1283
Joshua11
Alexandre1
9232858333
12345qwerty
kronos
killer1234
Knight123
Sunshine3
champion1
30091994
edwards1
fallen
account
zazazaza
codmw2
chipper10
valentine1
malika
edward123
football23
kirill
benten10
hejhej1
olifant
jan123
churchie
bangalore0
uofabc6
sainath5376713
ksb06bls
pcq5p52p
rvmj2341
purple13
sexual78
sweets
ruthralingam28
nokia5530
1qazxsw23edc
CocaCola123
charlie01
Bente123
Nat89lie
nantes1604
lighthouse
Alex2002
California1
qubtani321
princess12
magnus
xfiles
poopoo123
rodrigueusa
mario1998
1468
987654asd
leeloo
poppop
Eclipse1
Summer99
dxb65sqe
zander
commander
88555332037dom
bonita
martusia
kenny
123789456
1234321
welcome12
Incubus1
mushroom
graham
maradona10
Hacktheplanet83
allsop6178
chargers1
shotgun1
gianni
abcdef13
Chouchou1
matrix1
milosc
Debest12
street
summer08
Jamuel1205
bennour82
wisla1906
jayden
stuttgart
lonely
3456789
tekken
minnow
route666
wiboe36
9916107553
jana2412sw
newslang07
1savage1
newcastle
casillas10
director
rubber
flower12
daniel13
Wicked
strong11
huston
smi53516
taxteacher
artdeco
scrabble
innocent
Dance123
hihihi
kelebek
Oscar3053
omega5477
Dortmund1!
marraine
palavras
eQcx50eH
DarkTempal75013
9827372900
chloe8503
winsar
Zahid0901
Lexilexi1
abracadabra
Football15
25011990
eggroll13
ziomek123
cucciolo
wildcats1
yankees123
koda333
YUE2551998
hhhhhh
kickflip
ginger11
starmild
flower1
madman
black1
solidsnake
erica
sphinx
mortis
r654321j
cimexus
bolognaqueen39
handsome
tygrys
inferno1
Broncos7
656565
babygurl
Paladin1
abc123abC
linda1
Sabara12
pawel
pacific
heidi
monkeys1
ListerRD52169
Password0
Messi123
7788250
jordan22
frank
facelift6
Dipdea28
susanna89
Ashlee1
Jessica05
tuttle97
rudy102
Lacrosse1
13788647987
ellehcim
mango123
123465
geanina22
123000
monroe
4444
jojo1024
dallas12
carina
texas123
matt1234
elliot
platon
Hotdog123
tmisp3890
8866008
morris68
excellent
Oskar
number9hex
jma12345
swaswa
antom19
cblake
haha123
bernadette
zhyvotko
43xhi3
evan12
corrina
namour
morrowind
farkas44
casey
Nialler13
vinicius
enrique
sasuke12
gunner22
fardeloup
darthvader
pr1ncess
marino
westwood
sexy
today1
charger1
oooooo
tunafish
tro7tqzv
niewiem
gohogs03
19751975
snake123
tokiohotel
margherita
Arsenal14
fatcock1
812fightN
Homik198
incaa015
keeper
hello12345
electric
1981
kristen1
sheena
momdad123
16121983
Werty123
Tomek123
06061967
11051981
bartek123
brighton
blowme
seven777
lavender
a1s2d3
hallo1
13061212
7
1234567890a
dragon21
phillip1
Danilo1991
dawid
MINECRAFT10
010601
backto505
Kawasaki1
packard
Donovan1
ddrwars87
Erindale30
pavilion1
Murphy123
monkey69
292929
66s403
gotohell
wearepl3
bigduck21
triplets
longevity6901
102938
nastya
pollux
eureka
diablo12
Mason160703
Something1
tunex4real
xiaoluo23256
nascar88
spider1
bettina
steaua
kelly123
nick1234
tribal
sameer
greece
kamil
bitches
2710360
F4br1zz10
Francoise
Sampson
myspace
Optimus1
marissa
zephyr
answer
tribes1234
banshee
dylan123
bethany1
misiek123
Felix1
pizzas
maria.podesta
curtis_fry
splintercell
alexborsody/thereponame.git
QQQQQQQQ
guilherme
krystal
03121985
please123
Seattle1
titoune
sampa76
diydiytulh
hanson22
hewlett
naptown
redred
julia1
ariana
woodbury
poker123
ladygaga
qqww112
SplashForce1
born031392
Ethanlon01
bernice67
chatoon1
baralai1
ss563563ss
marisa
nuclear
beverly
smudo0smudo
marquette15
CHRISTIAN12
Monkey21
anjali
ripley
Jasper01
PE4536NY99se
tanguy
Haloreach123
digimon
asdqwe
bonjour1
semperfi
25426322
74314739
qwaszx123
ruan1987
0d721c30
senegal
promise
25251325
lover
frimousse
Dutchman52
spaceghost7
12141214
delta
123456789d
monty123
javier
topsecret
rosalie
belier
behappy
443005087
1122001
dprozhe
route66
wertzu
Malaysia
disturbed
Dnkdnkdnk
movies
volvo240
olivia123
meeaz129
allah
gameover
harry1
pepsi1
coolcool
lsdlsd123
herbert1
jmmorganti
lovezp1314
technics
zsrdcv7n
h2ojmm
berich
booboo123
zxcasdqwe
jessica416
Qwerty123!
Hannover
pourquoi
showtime
wlsal3536
summerA1
alex1998
Jorge123
dagger
espanol1978
justapassword
Gargoth1124!!
brian_lane
1212qq
theboss
d20031967
firefox
squirt
sahara
michael13
alliance
scarlet
missy1
brandon123
tamie
porkchop
amber
deadman
centrafrique1
moonchild
Qwerty01
qwerty22
vegetta777
tommy
goodgirl
carola
window
ursula
Gazoopaplop2
memory
ogechi84
bernie99
xujun0927
mnbvcxz1
Ryan1234
nasser123
oZSAJi4947
khloegrl1
FORDHAM99
Patrick2610
jeanmarc
forzaroma
aditya
demon666
stallion
qwe123ASD
angelina1
zhouqixian
goodman
panpan
alex1997
sw313ord
6060alvA
hysj5161
sage77
detroit1
fuckyou12
przybysz1991
Mercurial89
queensland7
19941602ad
yummypie135
1346nono
mfraietta
I7uvGsus
tigugowu
niterigu
XDA506337
kalami01
Fivgw6j76Z
omgwtfbro
duckworth
golions2010
firstone123
cherry1996
asdfjkl
louise10
everest
463544184
817401
leoleo
tippmann98
malina
Rooster1
tennis12
dien1954
cerrone
lkif9498
flyers02
dulcesyeo
4renee
Iforgot1
raiderz1
Callofduty4
valentino46
mariusz
romans828
cooper01
asdzxc123
3edc4rfv
penis123
Kerkplein5
figo7777
christopher101
schnucki
Caleb123
Cuddles1
monbebe
taker33950
dnkailas
becky1417
masters
Michael7
emanuel
rey619
salman
lauren12
979768kendros
bassman
felix
Motherof3
kangaroo
shell
quincy
peekaboo
tangerine
israel
basketball123
arturo
Pearpen622
lu13121983
kaiser123456
Decipher123
may72003
justine1
minecraft007
lonewolf1
buffy123
yl2820333
clarisse
6927567
stephan
heritage
Anthony12
hannah11
52736289
geeran00
corazon
puppet
john1234
9422051114
gaelyn
ilekovic
froggy1126
gaston
1qa2ws
a1a1a1
innovent
asd123asd123
cartman1
qqqqqqq
wiktoria
barley03
glow2006
monkey23
momanddad1
silver1
qwerty78
Pokemon101
bateau
rb26dett
jojojo
kimbilir75
vicknum7
daredevil
babylove
mariam
75529289
survivor
Kaiser09
Sonata305
casey123
penelope1
dragonballz
951287
watever4me
Gnusmas1
Technology98
gra00145
120691
blackie1
1a2a3a4a
junior1
04090409
NULL
daniela9
821140
lonestar
blackjack007
fudgead
072484
bwm616
my1022
surflife
eviscerate1
smokini
zzy112
dimidrol
boeing747
hollywood1
klaudia1
giorgia
blizzard1
reality
255470017p
6652csw
r7476h
schnuffel
Rolltide1
rfbc4143
GbGbjkl
edith001
blesilda
Castillo
waffle
merk1234
roberts
liveforeve
Martyna
Qwerty1!
roblox22
jankovic
aapjes
localoca
bluedevil
August22
desert
password00
purple01
smile4me
gangsta1
love12
andrzej1
kayla
redneck
25111995
trigger1
July1997
indochine
enterprise123
dominik123
simon1
Frank1233456
darren
canada123
mylajade1234
seahawks
pauline1
logan1
andrew13
freenet
caden24
Rileyroo24
Oscar210609
17Kapunda
898254
giraffe1
bartek13
hercules1
Ilikepie2
49593192
liusansi634
95579814
aliceadsl
hesoyam123
Lancas7er
321456
1loveyou
junior12
isaiah
surfing
Kittycat1
wiewiur2
Kirby123
Ravens52
blades
Kingkong1
little1
joseli123
login123
Superman8110
gaviao2aa7
maggy9
harlofez00j
nikink29
zhou1980
richa007
h54rsjrF5J46788998
search
bigtits678
tintree61
eratos
321pabizab
BeyBlade
nicole98
qwerty3
giugnoaprileno
aswathysunny
married1
77777
justyna1
offspring
geraldine
Tigmort1
familia1
morales1
weronika1
metin2
tucker12
ghostrider
Barney12
by9nenR4
assass
winter12
intruder
Nintendo3DS
0890344425
planet
poupou
buckeye
filippo
pornstar
terminal
lolek1
Doctor11Who10
Bengals1
Michael01
bladerunner
belinea
joejoe
hithere
august21
karolkarol
asdjkl
kotek
tigger11
windows98
147369
magda
12345abc
thirteen13
westlife
janicka
student1
Mendoza
wrench999
ashleigh1
mahyuni07
bahamut
Pa$$w0rd
soccer33
$2a$08$cIGmblpO6/jXaQGNDt0UPub304VT6c33CDbQkEpvATUJEDHGsQvFC
$2a$08$aPu3MtKMfqIEQV8KSETG8Ov17.fi373JRk9by0df.UYcme4IzUJ0m
$2a$08$5x9Bi/pF3THdiPO8NNTa0uOfg0OrDctJGFh5V1xUvdMF7rKEd3Xze
$2a$08$ahqnrlriVgoE5fPFwf7zdu/dIuzG8Ule6GjttIfWbEYXuw9TupVQG
$2a$08$/5MyhyhZCT7SO72NgEKGUu6NZ0jMA2JLbfzQTkjoitowo8MdXCVDq
$2a$08$7z.hY6fKNhiGmvZorQSwEeBaVEckQMXjL5mRth9ZtOaLGHEa5ZKl.
$2a$08$Rs7W89LxXf/BH1fj82jjkeg59Yslo0pHbF9urLOezAAPvVGGnxoWy
$2a$08$e9.zZhIxyTnYE0eJhwXdWOVjcxIpbcgCCxRWIWiatnoyfZUcp0E/a
$2a$08$o11Kv5JVpIgwMF99/7GSZOEsuftRx32UWRZ.uANdixiib42ORtcRu
Mp8k6ijWHm3
abcde123
fickdich
petrus
regio1492
tarantado12
Jane3110
vergine80
Joanna39
onimuraharuto
pink123
minecraft101
198405
lilirose
Tsunami90
l12ard
afrique44
latina
claudine
bluefish
shortys
gollum
esperanza
gemini101
mercury7
11221122
49878442
peluche
laurine
salope
viper1
bernard1
alice1
lynsey1980
Levi171083
Htk2bgj3q
2471985r
nederland1
julian123
thought1
mirage
pippo
321321321
sailor
shaman
optimus
donkey34
111
Dragon77
firefox27
toronto1
scream
Tennis900
february
dimple
Christy
d71lWz9zjS
love22
emanuele
anisha2507
75661699
auxerre
perpignan
cool12345
Hearts1874
lover123
Kathryn1
coquine
katarina
socrate
sonia
omgomg
salamandra
aassdd
besiktas
arumsari
matthew123
eldorado
Joseph11
pokemon3
laura1
bonsai
carol
class
parabola
tokyopop1
Lazercandy1
0zettfen
jochen13darko
natascha
cancel
sunny1
platinum1
Harmony1
coline
Hello101
Leonardo1
olliekins
doorknob
greenday84
lucio1782
joey7ghe
62075978
Jasper23
Newman12
mango
estrela
420420
Twelve12
melinda
orange11
richmond
Cupcake123
oOlxVtI
Thegreat1
xxxxxxxxxx
premijer11
Ninja46706
ahmed77ronald
leticia
Qwerty321!
webster1
carla
Fireman007
qwerty13
Mathieu1
chivas
Emmitt22
bradford
cat123
marketing
monique13
samsung2
Hockey16
Wipro@123
jonas123
Dozzer11
Jayjay88
98765
800925
12Qwerty
cardinals1
butter123
zaq1@WSX
saxophone
harkness
marlee05
54124
nickthune
sabina
pokemon22
spiderman12
gamer101
pokemon5
6542naj
fhlyfcrtkf
1reader1
porsche24
kirsche
alien123
manolo
girafe
nokian70
rommel
transformers
reloaded
inspiron
oskar1
florence1
smackdown
adidas123
353535
cassidy1
charger
raguel12
Antonio@24
vimijaya
basta4aihoho
callejeros
hawd2hawd2
athlete1
lb041421
FXDWG2000
lightfatty12
spanien
gaojie5300
123455
zzh1zzh
zjkzzk9967467615
08324526502
2302441
joker
vagabond42
32remsen
gunnyhighway
aaman003
aikiju9
modelone
bigsky
654123
Basketball15
pokemon7
majiali
matheus
surabaya
henrique
esmeralda
p4ssword
kristie
minime
Sunflower1
freedom2
Goodluck2me
fucking
1975
piotr
inaya
2LR0ubL7
christin
iloveu2
dnkamenev
qazqaz123
school12
z1x1c1v1
king123
132435
guinness1
pinkfloyd1
gregory1
scruffy
blondie1
Ginger01
ferret
biology
eileen
Christmas1
wd40666
g3bw63h2
45600jas
tiger007
vittoria
dinamo
Canadian
Rahul
120898
muleshhacker8793
bajskorv
scott123
tommy1
beavis
drizzt
rocket12
killua
chess
tuono1000
03041989
specter
180887
Jackie10
kickass
katrin
camaroz28
livetest
HellaBaer2
voetbal
sp220971
theDudeAbides
240909
Jiang520
1492pulse
Jayden125
diamond283
nick09247
Zombies13
vEf6g55frZ
scarface12
123456123
mistral
cyber123
corinthians
Hailey22
imprezawrc
hceline
hatter
1990gmc
chels1a1
skylar
mama1234
Bossman1
$2a$08$37XV/9r0wptCNgObX2wP8.wdpaHJ8hROoP64OuNSLfLos50a/VwZu
$2a$08$9k8s1o8Tg51UFDJrI8sXEOW6dx22cY.bssWMr6OjkFNXuLEcMv.5u
$2a$08$KjPsrCMB6pVAetjoT4TZUe6NHmKFYRkO1z9SCDeXyxGHCGxPwEHOq
$2a$08$eVsMpFOeI0nUTkVKPi7Zy.XoHXyMxySETMmy4Mp32QunqwhacjIx.
$2a$08$XmYQlVubEqNIxGDpAdl9uuLl8ptCLzwWDQZFNx6FoO0o6wKH34pvS
$2a$08$wKoqpONSy7z3FgMjR2ErbOyqybyMY00aaGwPjiWmxy6MKKHIMr6qa
$2a$08$GSPGv7v1eczAGM55KDFc7.qdDH0icMjtOI.9HCWM224vB2oqd/FPu
$2a$08$xiDuqn6BIXOZjeiB1CEPouLsW0uvNzuriEZsK4/MZETF2NsSoVI4W
$2a$08$SlU1x.ypPo.6twGC/atGRuJGpwVnlt6D.JKzgIeXB3ExF52HJ89Um
$2a$08$iVHildFGDDDPtRiRs0NBseYmgGS8O3rsfSOPySVU6YQ3Ir3OAUW3K
$2a$08$K9QpoQ3FjR4XSdUkgKfW5eGuIZza2OA3ZPeuuFcylpJnCxtwKmHgS
$2a$08$WnSAZfAEucOTwdMfl5pp1uf8hVbkvjECW32IYMlz8uQZWdkkd8K/2
$2a$08$Ea.OYy9lNnjGWc4Dnng4FODbwKdC7E0b0hG4EwGldqpurPFClxVsW
$2a$08$FE/JBEHwQkBdgNxBS1Qm2OyiGmMYcjQfmMoFN.w451D3z3tQ4pcEW
$2a$08$T9i9W7MZ20JaSbxCpHngvu2AuQzzGmMec9M39ssrst4uwy5n7RDZG
$2a$08$n6/GmmJK.OjELwY9H8qcz.xdx/p/Q3zGZ3N4G6Ndr8HW2njqDRSZi
$2a$08$8Ilh8FLLuZh9YInB9TRyje0YdB7Rqi6/.7QZsahSe7zTMXBnF76a6
$2a$08$OCGcP1SvGCxhwu7La4iwNuUyoT4NLihHUtn2hYd9IM2BC00ImA.Ou
$2a$08$zbUF0SYu6KZ4faWHBCkgoeaBnYlAkhOa0DNAjKwktObWV5o2LV0uu
$2a$08$3nIxuyYqcPes30.eD4qKXOTqQBabzriUfhYlMF2WffihLiOigR8ke
$2a$08$T2NspxGvfpCvErUmMEydQeKBryKzNvFUwdYu4lCcdozeSuGQbfztm
mickey1
iamthebest
newport1
victory1
aprilia
Speedy123
leavemealone
puppy
qwerty77
hola1234
pontiac
pirates
nancy
hacking95
phil1985
y990s995
Loplop90
bubble123
martinek
sunshine2
trisha
extreme1
alonso
guitar1
kamal
zxcasd
ashleigh
newjersey
grogolan
need4speed
bonnie123
hoover
zxccxz
sherwood
rossella
Register
beatriz
pedro
natali
19781978
baracuda
Chavez
courage
gosia1
Martin12
carbon
phillip
nugget
Gemmablue1
Sigurd12
utility
screamo1
nikolaj
dead123
active23j
NOkia5800
sparkle1
Derrick1
Basketball21
amaury
caelan2008
moscow7
14011993
101364
06101895
mm820917
rytojirijo
reckson11
rafal1
sneakers
Voetballen10
1986frodo
Trucker
lumiere
Loving
bandit12
vfvbrfvlad
062062062
nbvfnbvf
carlito
jordan13
darkstar1
luckydog
61279
myself
amerika
arlene
Herring
dookie
swatch
coolboy
duchess1
dorothy
superman23
newport
support
Bowling1
12345678As
fiKK1333
audrey12ben
colette
alexis123
1fish2fish
castro
internet2
jasdijpasoijpaofjpoajfpoajpofjjjjasf
annabelle
jones123
47855web
yzerman19
Antoniocarraro1
Vanillasky7
taylor1992
MEXICAN1
6666688888
honey1
misty1
27366247
fighter
ilovemom
scully
060606
my3kids
rastaman1
jocelyn
zonya777
nakmara
army1583
9
$2a$08$BrGW1iLxwwQnwBZE1mrwfOadGBuF3dYH9PbYQ9U8qaCb3UTvRy7gW
$2a$08$m1abPbEnAJdQdHAsTeLJoOwA6XkNo8HDC2zFPQb8JgXDZXrvr1/6W
$2a$08$wdtBViOf1UjOBt3DEDF77usaalhWNqxA0m8tyKRghUEDBBlJNE8MC
$2a$08$7inb0s1R16VVxaMVr72aSe.w5pXrPFgS4Dxzz1FfW0b0FpL.K3ZEC
$2a$08$kFjsreXDmjuTvG0KCMAly.JhF0wsgFZWEdSIr2UlZG0Cs08q8v05a
$2a$08$S0RlTL367Q0VamF/GpN1k.JWYwmoTTOcQcrmOsY3q3eL.ehP5hcaS
$2a$08$lVl8hvgspkLT53NfIgokeuWt4AxmLElwv4eEj9DeB3nI1Jdvqg9oS
$2a$08$6FGoUdbZIzTrjsV1zutyYuWBg/Ml3QzZAYwwfM5YUZP7nhKfmBnMO
$2a$08$fla/cEWIdgMVki.JmrrXHe2gXihYXrR8725hmpK6mD8bSR24e6Iea
$2a$08$ZWT8Gb8wpv8FghnVRisfO.NG6/5ad25HaBVtTqLlIwul8viSBQ4TW
$2a$08$CYF.IR9pCyR1CaTlNcl4.erIyPc67OQPL2JQwuaXDOidbNAyXK8KK
$2a$08$NYyC59kHbPq2xOh3tNRhp.joc6cgQIR8yJLdVICKiiNwk85XcdDXC
$2a$08$v5CcirBZ81Fav5sjd1eFm.LSNcIf53CPVRC59X1o/hWsovH89Dnoi
$2a$08$oe3Tg.G4iNShdyzH7pp0r.LpChcVgtJOT41x9ZY9.Ehjq7TvDxFIS
$2a$08$I/EmIW4fkWHP97H/xIP3Ge/gZqz86RDFmO1zjVkz8kxt9GCvu2PHO
$2a$08$hni6pYZgosYMf0STHXUsD.0zbW7RfbdhA1kPkAKZU21c9fnVASlI6
$2a$08$B1hjsauo1qZBk.sIGPrTEeuLvMHyHa7h1NAxKt6NdRtAF5oM34bUm
$2a$08$BzwwBhUHcru780zHAhOWc.Oc.Z9.yJoPrEnlwM1ywLVplYC3rY5SK
$2a$08$rfhWzbOKQBZdt3VEGSKt2u6n2GdNdyW00si/2f4Tw2.NcxCM/w/YG
$2a$08$fbUGGR4A8w47l7rhjT3OXuCZhF0cWpFhyIUpvnCr9g677SqeZlarO
$2a$08$lEE8gcUMLvQEtJMyY4guSOMuTKL.cU6H4P0AvGf/3ZxSQgxkkYo.e
$2a$08$2/Pe53L91G3rzhHt7dVUXe5HZFpfXmDcYTAYtN0bIc8wu6s2pVo8G
$2a$08$4vlVsIi70/ryRmJMApW4JOBjQ5ZVWpi0l.sU7udSyxzhWvrN1M8wu
$2a$08$tSUX5XAhw2/vXsz/rQUZ4uYzB/YEwCfV7uwonhUymP/6H.f04JR8W
$2a$08$c11v8j480gfsiizhf/ES2eqPLUfWWw05jlwKnhkythGNLlKm8dMma
$2a$08$gzgeqIJJ2QRKdU68fR5E6.iiwaEdanxzKMuUgu/1ksoy6cmiIBdZ6
$2a$08$2d0Ijx2eFJBq8JmPEWZvTuhmPP.HnCvgeCpep0QgusgRImxh6pFTC
$2a$08$YGLcRqEFrc36m/YxZATH0uz/BvcuqFIuxf72PHpHeUONqdeIne.Yy
$2a$08$apbA5K3wgqhHrgiWaIzKTeBHnqhRsb2Pb7fwVb4zYSi2b7OnnON0y
$2a$08$kNisMWhb8HKY8hjGT2hg1u.DHWw1dql2Dmw.VtLm93ng6c7gi4i6i
$2a$08$zdeOR6RiNnt8LXiI3hiceOf5V.cjB3MXAuGgIiDp8viXRP0BCm3zO
$2a$08$jHd4WJSzELiNxRaOKktUtOkPCLobTxNoBVX76gLtcI48SFhMuxjQW
$2a$08$DkYpimALHeJH2/PB.j6PiOKS9Xoki3665Ge0cjltuoj3fA8MxxZc2
$2a$08$7Vfzn.oXulsDnyZpBOtPuOXlBa6dbxc/8eDG9CClZ7EKNvpWr0JHa
$2a$08$/4p9Em590K7TqEx.SV2mpudaJqGK0XneCV6aht5JeC01782c2TPHe
$2a$08$.E9dsQYf25pwZ7Bluwnw2..LXvoH.c/hsdiJGQr400ZrlQ6Zqe.dW
$2a$08$/35.73nQbMxBoLYwBBhdmO9WpUDyxdySsb8iI7GAOnNz2wovD8r.S
$2a$08$GlteBT7NChARYN51nYELh.jGlBDPAh/Z18FZxoc79nUHF8BOHcEeq
nd6gn9nt
jkbono32
yacfuc1047
mada68
369a369b
123123q
gustavo
bibiche
cambridge
concrete
anusia
paperino
piramide
Asuka002
wozaishanghai
colombia1
iloveyou7
humildade
Classof15
portero87
momblona.1234
momblona.123
zifio2812
todivosy
ziggy1917
casan1
Sarah0502
rezin8uk
H-s-S-00@ZX
Lucy1Lizzy
aaron43
Hallombn001
pokemon111
Vietnam1
gundam008
paladin
pikachu2
starbucks1
baseball01
21
hentai
capslock
marius94
poopie
corrado
katarzyna
teiubesc82
Banan123
SouthPark1
sunshine11
c1dfc12
yoques3
apestosa
11hunter11
snpclan
PERSETANFC
7urmpg
jsa37133
nikonov421
yana16077
8267459
polkhigh
krokodyl
Drake123
belle4432
colleen1
calypso
Citroen
111qqq
papounet
killer99
feline
123123123a
1qaz2wsx3edc4rfv
Booboo12
weare138
maximum
zaheer
moimeme
doraemon
zaidzaid
bangalore
cascades
12345abcde
123asd456
loveless
family06
September26
ballerina
ponpon
friendship
muriel
cavallo
Kaja2001
Twister1
Lamborghini1
harley883
renato
paralelepipedo
stevie
superduper
cardinals
momdad
IchBinDeutsch
Football13
metro2033
qwerty1231
guesswhat
fashion1
5353
rajiv34
a1aron
Forgey11
calikroeum
trebor
$2a$08$SID5vJHlgxWFe9pAdgp2cuzvQk5GmSErSDCzaL3jjjY3OVOx8nMUG
$2a$08$/UYL8ntftbWWuIKDXobhNOJ42phgXsrqyEvkTJT0Vi1XZEfNeGbBm
$2a$08$4/sRsBpO/bRI5dMKBjBRe.yu6Sp40nfFWk9/eOmw4PKbn83bx/EdK
puddin
payton
manman12
memphis
chessmaster
1721k1721
penguin123
adidas12
extreme
girasole
euteamo
Shadow22
Delilah123
eileen2478
Insideout2713
J834L93ds456
421uiopy258
apache
nov112005
040404
illusion
Kenzie01
blossom
nuef52s
nerds123
trout1
kyle209
hajar1998
awm262
amwgo
ajvafo69
23lunnon
verysad1
spartans
198406zhou
sold123
enter
moustique
19761976
24774681
widzew
insanity1988
titanium
clave123
Batman99
August23
hello2
gonzalez
armani
renaud
Doctor2011
rena1981
worldnj
downout
jejujejujeju
szymon1
Honeybee
jacek
Sasha
Thomas10
kitty1
Youtube
borderlands2
nikki123
goblue
richie
Qwertyuiop123
corby
mandelbrot
tattoo
Tottenham1
zxczxc
132456
bfeckusa95
devilmaycry
1234rewQ
betty
wangshiruyan
hillier98
marc2002
watson
hejhej123
ninette
12442682
lionheart
pancakes
abcxyz
Avenged7x
123456789as
my3boys
children2
floppy
escort
portugal1
School123
Matthew11
maciek123
jacob
Elvis123
mikolaj
punisher
371826
225588
Theking1
Dixie2008
juliana
iloveindia
258258
requiem
mikemike
9831014420
found]
shaggy666
derek123
hummantarget1234567890
024SoldatDara
pelimerkki,
Qwerty3211
Unicorn123
december7
vivien
sn00py
nialls1
biceps
alexi67
funk
logon1
hateful
hubb22
tricky
sukhs84
1294martha
margarida
jim123
152152152
griffey
softball11
soledad
Family1
canaille
eloise
786110
imagine
controle
Westside1
5KXRpltr
74priscilla
asdfgh1
hajaza
jan1234
impega
melkeslangen69
ubrousek
30media
tequiero
mittens1
corleone
likeaboss101
cooper1
Chappell88
bonethugs
dilbert
television
lewis
MUSTANG69
splash
maxgames1
Ganesha
parker12
Jake1234
trebleclef
lephants
T17890P
22421066
83ds4u
ad0845d6it19
102988l
CvbYtr110p
sagarpat
texasya
Patryk123
Handball1
69cougar
dawson
wonderful
Devilfish33
sparkles
yaalimadad
allah1
admin1234
vanilla
cheese11
cameron123
labtec
nike1234
159263
winter99
tracie
condo
Swimmer4
Rogerdale1
Fr0stf3ll
ironman123
cderfv123
Peppapig08
202002rt
ordnas012
4gwagw
kinger55
futsal22
Penbook817!
dfzrbetgnbrzf
$2y$10$cerZI.9RU28E60bvUWR9UuTSyOHZdWxL/elcioqRtOdhgFtOSc6WG
King1234
alex2004
swordfish3
Lalit1977@
Elemental1
qq123123
2njfv13
frisco
taylor10
dd123456
d11m5a71
information
cotton
mickey12
dragoon5
dumy01alex
chouette
989898
lexmark
fktrctq
5555555
orphee
67mustang
clayton
Hector83
Galactic
Theresa123
soldier
pawelek1
triGGer33
norbert
hockey99
intrepid
finger
drowssap1
alfaromeo
qwer56
791009
1phoenix
naruto10
aezakmi1
LEWIS123
jenna123
ryan1119
yas475
poipoi
dilbert1
zw123456
jamie123
berlioz
games1
destroyer
Halloween1
sephiroth1
e3ucg4
ying2yang
Freckles1
5555555555
triumph
antonin
verona
Sharks1
vacation1
strength
computers
zamzam
Talabaha1
blake123
TONTON
murphy1
ineedallah
gzh870221
cfqhfy11624
nightwish
Inter1908
myfriend
2751963zyx
rmntjbw344
01011972
chateau
mouse
tkza1234
Huangjin1987
whynot
furkan
ford123
leaves123
shoemaker
12jasmine
molitor
15121978
bungjuice1
kill2020
adr360
rsm9595
nellie
redsox1
rockon
cocoa123
dutchess1
vumumeh8
ad184144
toppers
Sugar1
catcat
haloreach1
Justin99
austin1
Dusty123
longhorn
vivian
deepfrequency
Iam088ya
death
flores
chuchu
medicine
internazionale
august15
bangladesh
whitesox
fernando1
iloveme2
partizan
krzysiek
qweasd12
archangel
ahmed
islamabad
020202
jackpot
janulka
Ilovethisgame
lukas
glamour
000007
meatball
lalalala
saleens7
801500
28885497
82112212
Armstrong
goldwing
freebird
21122112
sondra
j00n11varmaa
juggalo1
modernwarfare3
original
sandra123
maggie10
wassermann
michael34
605921
040502
master125
miami305
shutup
yann94ik
chloe07
killer00
robin
kickass1
jajaja
Kahl4ever
mycroft
s
june1998
philips1
louanne
tundra1
giovani1
jsvensen
300353
mandrago
012480
johnrey
window90
sainath123
lifestylechange
jmb123
pistolpete
Ronaldinho10
portland
roadkill
Grace060106
roisin2612
chloe
heineken
rammstein1
071103gael
buttnutt
summerday1
mathis
rendimento1998
verdiales49
Vicke3151
sjcalsbm3
WolfKid123
lucykoch2011
naton123
Miraaj123
NoFaith2014
karli0905
temporary896745
107855172
September11
vicente
kipper
supermario
passion1
F10ppyF10ppy
ag69ag69
afh7263
Linda123
apsk54321
gggggg
135642
gabrielle1
blue11
Jaimie0513
boomer12
123456789m
pandas
phenix
142857
ruben
water
vegeta22
Newports2
sandra1
peewee123
asterix1
fouriron
vc123456
vladislav
afrika
kisses
yaallah
romans
longhorns
Dnkarius123
another
paradise1
68camaro
prodigy
patatina
frankfurt
salmon
kalle123
mexico1
parissg
richmond1
29777451
ankara
volume
jagizu2004
bigman
BB717923
highland
mackenzie1
joseph143
harrie10
wikunia
not2hard
kokotina
cobra666
kay33ari
soccersoccer
instrument
jesusis1
uzumaki1
microsoft1
trailer
murray
homework
wpcAKir264
ttr125
lukasz1
golden11
myname12
franklin1
s0075267
pic16f84
titleist
Elliott1
eun0625
3859a66a1aa84485f7
gfsdghfhfgh
sydney9887
746507tkm
fishmar9
pinnhead2
magu1952
181106aaa
nobilia1
kenchi1
traserodemono
ilkonbir
Delaney1
batman10
kamasutra
typewriter
zuzanna1
mimimi
bulgaria
leland
spiderman2
milton
666777
football20
connor123
Coffee12
Wolverine31
colleen
flimflam
1derrick
veronica1
WooDy123
iamnumber1
october15
cimbom
spencer2000
paris
diamante
daniel2000
chennai
sharma
Xavier123
87477928
JesusCristo
candice
marika
23931246
fabioB10
Lilian01
kevigtz01
falcon1
hooligan
siemens1
blade
19971997
Gutter11
hellohello
Punisher82
Chinaman420
Elieelie1
test12345
heinrich
dragon00
jks4914
jerry73159
830807
mellon2006
dopein22
dasa23
jetta2007
vilhapc
05250525
901290
bhoomibhanu
iwasbornin1990
dragila6
slipknot2
stargate5684
poulet
Worldoftanks123
Raven123
odz1w1rB9T
delta123
Frances1
piesek
bobdylan
ericsson
mustang22
99999
valerio
superman7
Callahan
jumper
zhou1987315
vjzhou812
zhouxienroma
carmela
almighty
endtro
method31
mgt825
tadpoles
bollix
Catfish1
thegame1
justme
bobby1
claire25
a18702
Jonesy
24682468
01234567
filipek1
frances
buckstop1
shahshah
aping123
holden
Spider123
czekolada
collin
perrine
Louis123
Frank123
erasmus03
stefanie11
19810112
cathedral
janniboy
believeit
redredwine
modules
walkers
j445xi
wizz12
332266
janvangendren
cafstar
jan2006
shooshoo8
du4q9ue
39jp439a
janardhan
wildfire
br00klyn
deadhead
Reese1
fable123
gfhjkm123
zaqxsw
puertorico
creeper
budlight
cookie11
grace
marie123
Burton123
andrew10
amazing1
pokemon01
Troll123
jefferson
29051970
rajkumar
sparta
delfino
$2a$08$8AP5XJfQfLNjlFqkupZhgO4DQoIuE7X.5VaCStRjV8JQrnVtQwDk.
$2a$08$JtDSH1pU42T0Iez1hzv1kONg2yntwquvAsjXG89V0Lk46zITYwi5q
$2a$08$RaYw4bKMGwVBBEmAwAgPzORczgP2aR9BauSGiwZT9SiZp37BPrU7e
$2a$08$odQlQeUs6eeyo2DgiOlWcewU6NnHAtJxADphwB7fV.eV4kRd55RxW
ilaria
europa
August19
121278
dragon666
1q1q1q1q
krokodil
bridget
freeman1
basketball3
Julian12
mutter
raziel
python
fordf550
america123
sunshine123
163106g
lola1234
Telefon1
asdasd12
25828125
marcella
axb061870
bigblock
emmawatson
585858
041289
dickhead
giggles
utedass1
255952
austin11
woohoo
honolulu
botafogo
barkley1
rosebud3
asdfgh12
redneck1
pierrot
sumed5
soccer44
c0mputer
seagram7
clement1
muppel
camilamartello1
evolutio1
celtic1888
amit
Alexandre9
mojo123
musicovery
safe1234
Gowan1941
ruzudyhy
lm46445282
BESSONE1
Lugana01
rapado10
Savannah626
vedinburgooss
1203198a
lukas1
a228de
that3d
K1mbell
winter24
marcie
ajt1ajt1
Mapleleafs33
wisconsin
cherry123
555000
opensesame
manager1
elefant
liebling
stranger
Abraham1
Maddie01
mike123
banana69
Puddles12
20011987
qwerty23
starwars1234
shane123
1Fenster
armando
cLOUD9
cjkysirj
virgule
College1
01020304
q1234567
qazwsxedcrfv
lennon
Pokemon8
arctic98
hear12my
jan2345
levis
maniana
kochones
jansunde
cippino
heihopp
12adallvegas
swindontownfc
0906868691
rupeshkumr
jobelle
mercedese420
elgintan
jamnas4lov
nahuj1
redchilly
061432
wen0128olk
01264681
isv71105
sovona
jb8187
draitr
wcss1984
pl4m0us
nedele
slunicko1983
panatella
libragirl9
muskanbudh
redl0tus
9787548101
luckie14333
m1garand
grapes
hp14a2107
matthew2
jenny1
broadway
achilles
strongbad
Fluffy12
hellfire1
jordan03
Bobmarley1
baloney1
stacy
manunited
booster
toutou
F00tba11
Computer2
fluffy123
lobster
landrover
coco1998
123123Aa
cracker1
gerald
$2a$08$CdXhXTx8Gfeu78ZnBg5XmuTxNabbLyxuA.bJFRLnHPLyZ7440ULc2
$2a$08$5tbThtZqLS5.zRD0keliXuLQLrG1pYpdLQJ.79MNknHubOncTkMHG
$2a$08$njQdxlJSil/41JfAbZKMr.28WGzjmhYFbiRFfgCJRvlXeZEesv8rG
$2a$08$O9bGOputEl17AORHiSTYguaD82RqhqZN/h0N/DzSKOaCOm2vb3h32
$2a$08$aCdgkmg1gKcc52LN2q/0buJJhR1lZt2ew.7cRoGmPmMuxD4enquDG
$2a$08$0GGw94YdIZ71kIMbEZvUZOTnLWc/mPNZB.IjSAohqb5zNvHdoL7Zq
$2a$08$t0jc3kY3l.EM8sJGmHzYb.xKHc/2oV4GYmEpDjORGUOBHdct2dOGO
Megan123
Jeffhardy1
fussball1
343434
nicholas01
pancake
professional
123456Wyd
littleman1
lauren01
Xboxlive1
batman22
34260135
42756222
123lol123
misiaczek1
Wilson12
chippy101
Bana2012
a3eilm2s2y
kikiki
warszawa1
guardian
aaaaaaa
wer11111
08.06.99
fuckme01
Trafalgar2
boomboom
fikus2
Lapp1AC273
sherwin
7apricot7
tdk123
alb40287
874886
dudley
Nigger123
aeiou2004
pf3374mi
buffett
Borussia09
jakota
daedalus
220281
principessa
stefan12
daytona
romans12
matrix11
25191335
katelyn1
sparky123
molson
fisher222
lemonade0
sparrow
Modern
monkeyman
Oliver22
goody457
blokey112
m1l8sjs3
kapomad5d8
oldbury
janethmh
par16hp
ilovethisg
peergynt
accessm8
851009
aspiemom
radirka10
iqv7017
toneel
aeterna1
informa
gebruiker0
hattamang
k682tx1
jtpav03015
ammstadam
sigli
podgana
1510jw63
babsan
2211822007
samko7
haihoo15
sheenah
ji9383
vijavaja
325559
pencil37
jann1245677jann0542616153
1gwapa
jan1993
alisoncarroll
lookinhard
drolyaj321
queen351
13933808
jasmine1954
jayger45
873999
buena102
18102
92877667
obrigadosenh
lovemusi
hribek
j3n3r3d3
cwamx11
smelovska
argous
grattis18idag
mordack
74127
26770199
springwood1
2222
money101
fire1317
F014life
Claytonwcar1
lilwayne
20102010
football21
Fordf250
moocow
oksana
noelle
Diabolo13
Pissman123
dance3377
Roflcopter1
Getmoney1
lollipop123
fernandes
December25
awarapan
jaxon111
$2a$08$mQjvNTLq9mJFIdixbH3d..eV8RsqPv.NfykeCHQXIh8idWDt875oK
October31
juventus1
Cookie01
303030
fred1234
a123456b
jonny123
1987261962
Rocco123
mortimer
boomer01
Kentucky1
patrick69
temptation
Jordan10
marcello
citron
przemek
kylian
Gavin123
robert11
Johncena1
Callofduty1
Baby1234
Anita
riverplate
carter12
penny123
654321a
hejhej
19801209
messenger1
Jonathan666
Alexander12
123456789asd
Gamer4life
pastis
88342959
bunny1
slamdunk
99965296
zwilling
asdfg1
Bismillah1
Sunningdale1
usa12345
Davids0n
mario1234
littleriver1234
kochanie1
seahorse
rockets1
loveme12
xtnyofft
sweet1
crazy123
angela1
bazyla
amstia12
gunners8797
5kilocat
mai6772
creat184
1977432
dupa83
abreu
lashari
bc53007
geologyj
kabe26
126211
sinead14
prsa3d
8431cx
david0808
4427944
nemesis22
1mhuis
mywauwau
grah655
he19mm
go28goats
espallardo
30steven7
nitra94901
1j1a2n2n3e3
sittahunnik
divanova
kacina
antistic
1118212
derivace
echelon23
7262726
akosirena
eropasvz
351882
jd0717
bakies
yxsw1802
suhaib121
briantro
brndwn11
97945392
zxcsfx
big4man
hdflstc
ranjit12
grc579
116370
ycecpgww33
god8you
91newwife
iryn011110
jana2880
jananatara
zahod
8100614061
gajajana
jamesjason
ottorules
elfqst
mjlover77
thea3tre
99522
jackson54321
zyalit77
norwood12
45040
stuox12
diplograd
ja2003
WELLINGTON
titanic1
Emmy2010
italien
jacobs
Hedgehog
Soleil2011
Banana11
darek
zhorikkot2015
vaffanculo
Madison12
15426378
wojtek123
manga
pookie12
pasquale
zbyszek
alex12345
shona
415263
AEIOU123
baboune
nikita123
flipflop
chelseafc
9846444850
charlie99
marjorie
viper
marco
naruto22
$2a$08$cQiDRdeMnSoooxgQE7lqgeMRMscvocoCBZPJOxex6zfV3n1ebXv8S
$2a$08$AbVf/9fDdgZZsSzD9y1BKeruEw.bxmuiCRi7bZ073I9tSr6d8kdue
$2a$08$68WRrlWVDI.frpOlWxesBO.bfKBhQ50qRh3AzlgGAPXNPW3aTLRdm
$2a$08$95CteQjruHJAvvEq3iKBLOC/NtLQFawpY4c6WBP6v0IMOD81SN7vW
$2a$08$7k/IZXJENq1zJUy3TnHsoOlaBtq7mA4V9uUYYRs.WDcbsq1hs17fq
$2a$08$8DeGhWRFXSB9E9cKRFIDf.iJ8Xr26QBkeRLUOhGZFGFX1dm9wiSWe
$2a$08$0xgbXgz99JyVjpdlZSXdleI59/iZ1fwcnf3GT/vDW4SD5jxIgAab2
$2a$08$/m1MkwbJatQ7BUlPY9Tw0.0CG/T0HlGouhcgc1W8TRVdUBEb.CTCy
$2a$08$aSxEnqZG8Z.2TjUuDk8GeOK1uaokvn8TZ2lR9cfH8Or.N4jHmwvtm
$2a$08$tXG9J1DgPFIFtUdJv9.Sv.a4XBJDdEhyE9FLfhff5Q6ITERYbxWKu
ryan1121
uyuyuy65
dropzone
rbsik3
jakal117
marhaba
awg222
kyle0425
1a2a3a
19541115
Lenaclara2004
needforspeed
829260
080988
deborah1
pictures
aam12bz4
789bog
aaron
question
usasf1234
viralparikh27
asdfjon1
sitdu14A
cerberus
dogsrule
200000
nicaragua
am041679
korino
hoghead
darryl01
Ght56yhg
007968
Blazer
000001
jerusalem
Bordeaux33
$2a$08$Tgsb6Q9vlVWVHoKMC8fYGuxMGMv/LLSfablzZnFkR6Vb7IZPMIdsm
$2a$08$hKC4z7EpnSbbYDTlk7lE/OKkkYuUIJKBsyNfDr4sw97QKIT9qjfDG
$2a$08$Sta97w1sUopBnhUrud6yt.21KMExAqlbuJglmNrtCX8bV2Sbr82EC
$2a$08$GgBpwIqKFstR1KwkoFwpNOCBA3kklGZGN0lCdNuYAbb2/2xmZpUhq
wuhan1120
xiboliya
daeshabenton
arsenal10
abcdef198321
200206
mashe4ka99
austin99
huawei
wassup
wq1wq2
creation
andrea123
emily380
waterloo
Nicole01
joaopedro
lovebug1
Applepie1
science
zalupa
22ee22ee
bellevue
gnusmas
4546108
caitlin
bruins
sandra05
Supersonic1
oranges1
830618
topolina
12s3t4p55
wanted
marcopolo
hallie
roman
redfish
polizei
Wolfteam123
naruto13
munchkin1
albany
venus
Ronaldo07
Sparrow1
clover
sleepy123
Tucker123
prisonbreak
elcid72
Mamusia1
521000
gogoosy11
1Princess
Jackson12
mapuce
chester123
Rakker123
bigfoot
560706
1234567890q
Carlisle518
jakarta
doreen
fckgwrhqq2
strekkmetall
snajgel
svan50ok
pukefest
jan14
klinke911
cutepupp
kingb3
sidhar2
4227145
parsonsg
460922
tms6ab99906163
honza58301
sylfide
hamsteri
gungh123
59pcdus
pyewakit
6bulowct
scrollock
bieda
061739578
jansmith
kasker
trakulja
strikespare
195kjts57
mamaguev0
ucfvr6fw
trainsim
pamfiduw
malej24
ju0535
608939205
johananhir
sassa46tcc
cria3z5u
311712404
75384265
zafur
jn2950
ilove123it
traebi
alkahira
hannah10
whiskey1
morgan1
snoopy123
123456789Abc
Ophelia
puppy100
echizen18
122886pv
2temple2
22345765a!
7146239mh
69qd5CgxhU
quinn1005
zety9219
Morten59
2501Rikke
a2E0aGs5bE9KWA==
dbank@2806
nice1name
patrycja1
mikey123
and
a838hfi
someone
emmalee2
sugar123
Monkey101
19651965
nicole11
enter123
December1
kirsten
ramadhani
zombies1
mummy123
player12
capone
bubba
passcode
$2a$08$72Pfn8WODqPCPuSDEggmr.1fzFgilSK8mJDsjD8FFs/5qXSDi0NVO
$2a$08$en8zk2JbxpzlcEIjbAPsduJ2pa9iP/4WsVvJRCd.UiYdFTzTuO7Ku
$2a$08$.TQVa96gKh.04zGwC8Klau2C.ZV/q7TgA.3IDs5P4GEhcbx786QMi
$2a$08$OIhheH0q86hzG.frKkaAR.B/c9XZrOuXl2FsX0RJ5y8NNFBmmsKee
$2a$08$1TJAI7maRzJ8gnOsct1Z6OEmwBI0Zo22eftKerShEOrk4/RjwcK8u
$2a$08$ZYEQe9agQaNF0YEWWsqM1uCi6.2GhNzMnNf2ovuez7XuNRrgnkGoG
$2a$08$TxZxR0XVzPRT7Yhbvomw4O9p50QiTpWU5pxiU8TApR43HDhPoeZ7q
$2a$08$yas8pyew5/yCQT2bZi9PUuaOgscYKIk3mdo4rUDKa9tjuaEQRdD9a
$2a$08$ADEPlkMzDA1d0GOM6W7XGupoNphtCZdgVZMgoFvyvVPtEOg0ws9kK
$2a$08$WsZQym.yrN2RMq1HsjQyhuil8nCJxvGvBgBD/GlgI6u52vzHqsm52
$2a$08$Vh9zsvucmomsb3gsVF72EOwvkteP1ciStVIO8hH3d1zVZNbAve0Ge
$2a$08$YgyOpQWH.RLhmC.BJW74VekkudVWrwB4KmqeXbrVNDksqX2iWINiO
$2a$08$O3yRCqLOEWreWrU60bP2gezDv.Y0aqmG.UI5tIUCy0CdG6rTlLTGi
$2a$08$gc/ObBsH6X5cc31t3NUCU.Yr/lIsCUNf/KjEnUoQgxOp9SO1F14a.
$2a$08$f5RrNQoubRm9BgSwvR2DNOd8mB3dPVN0XF3X3c10MGUzy34R1Y1fK
$2a$08$iUrGzgIbU6jEGehJ9ijenu4VWBmXGFTSjT7zWHl/8TPe64m.f6doG
$2a$08$.hxCDJY95C1VOLRFcRUyceWqqEDVLNZwbvAQ6/7v1hAKmh3uZbwc2
$2a$08$6HoSARrn/oZsUj5IohT4d./XTsMtdOsUUfjhJUYTIjkC.QMjEcZFK
$2a$08$THHRfewo6ar1tdl0pvGQauDzuJEUGWGcHyZ30SxhVi59GlLLhZh2m
$2a$08$eVmNfD//r8GdRZBgDEYUHu9xRWxyDnzAMCR7My8nXrOdIhqkSDcca
$2a$08$0Yt026Ciy1lmpsvp4H8veOSzjqMsfBA4l7pK9CGEJWtTMrNNROHXW
$2a$08$9qrQGr8j1S4DZcbuLG3Ib.OK45p6h2nFWqnwKpdFaYss4K3/qggKy
million
theshit
husky0111
047ayc
island156
youfucker1
house45
dv8racer
stands123
gsxr7501
jeffhardy
reddog
wisdom
maggie99
625959
forgot
Piper123
sonofgod
masseffect3
academia
puneet
dublin
aileen
lazarus
sarita
pepsi
lightning1
annamaria
valhalla
deadman1
mustang00
mdjs141186
harald
hallohallo
Aerosmith1
808state
asroma
hockey14
william2
chicken12
pitchoun
aq1sw2de3
pakistan786
kosmos
allen123
asdfqwer
chandra
mother123
Breaker
Solomon
qqq111
45qh36x3
cox4f365
mermaid1
Klara
dragon1234
fullmoon
utesutes
Newyork123
basile
weezer
romania
dfvgbh
Isabell1
jesus101
Breanna1
espagne
47632776
superfly
pyramid
Apsco006
louisiana
idontknow11
Prasanth$8
guess
bramor366
werksofy
akosinicko
klufsis
rob4ali3
janeta12
jojo1952ojoj
janocheva
minijan
carwingmirror
28037021
cepaj3795
sasja
valentina210886
sylaraida
5251mc
tomjan11
larwosh55410004
jan777
sandhed16
jrjr0808
ba76em
990923
mojma
kuuutacz
weisearne
picovina
em3354ma
starck1
schink36
leopold1a
p646hbl
comfort4
72raviolo
jha17rcj
jameshorner
drachanien
brita343
367648
concord89
minitab
matt
julie123
poopy1
TeamFortress2
crf14958
joker911
maxrules8
connor12
digger
Mnanaszko1
Darkdrag0n
neverwinter
dragonballZ1
tanner123
Jackie123
dinara
Genkides1
q1q2q3q4
mentos
alizee
12345qaz
qaz12ws3
zaq1zaq1
santiago1
smokey01
naruto19
juillet
Maxebel1
oo7BACYoo7
marine2000
Linked
22december
ulysse31
professora
Killer13
neger123
nokian73
19721972
beetle
borunova123456
Basketball10
mangas
1596321
Flamingo1
Banan
25252525
encore
zahid123
mike2000
yousuck
123456c
ashley01
Leo123
qwertzui
wasser123
C0mput3r
gringo
111111a
852019
19691969
volcom
baby
momanddad
October10
holland1
shaolin
jesus4me
Redhead1
megadeth1
megan
couscous
accord
salomon
bugsbunny
1337overskill
wilhelm
teufel
Julien78
daewoo
Cowboys22
cowboys24
ackbar
minecraft01
shadow00
rainbow123
Quality1
bready73
faith
griselda81
MooSe0805
lillase1
poopdukelick1
snvd9D8q4R
angels12
clarissa
bear123
camillo
789987
nicolo
schulz825
bx10086
19191919
chevrolet
school1
number10
geheim123
racecar1
houses
landon
rolando
thepunky
0906877567
ultramaryna190
towsoots
1datakjeden
hula1936
zx12qw
biwsen
digiegg789
smeks0ren
nilssa
teness45
u211646
shizhao20
alanwake
margaret1
22446688
telefono
homer1
merlin01
badger65
zxcvbn55
9750chan
1a2s3d
773160
marguerite
patriot
libertad
Batu123321
r2d2r2d2
football5
nothing123
crocodile
1999
Eleanor
divine
good
banana1
$2a$08$VmXUZcSbFwxqL8QR6Y0jTOdXRyPT68Alv37M8fdq7kmhZaTr8Uj4i
$2a$08$S1SWS44HGV5aRDU1MCnIEeHG6YZWsS0lLqrqF1mpK.8yfjrxZTLe6
$2a$08$7RlVxMxygxGadozUbXc7tenXUljoqbG/YQzUu3xmF1b8iT2tU3w66
$2a$08$gIpKUJsnriNS9dJhlDEL..MIKACC/.eNRqHKT4650dOteC041JOXO
$2a$08$OQsm9WWZycwdFBRaKp/hlu3lb0hEWonqP9OHWppUARSQT7vnU1oDa
$2a$08$wMjGJ.4Ppfh6SC.4zjERwev7S2VybE.6sf7Ww4lZBB.WVXg8IKY/C
$2a$08$UC/LxkmAlLLilwd/UzZwyep015l2pirRlKN1MLcHs.1nMtYolOL7O
$2a$08$kg8bOsHeiKpZFl.j8C/lFOSDZOQTl4h1H9qUl87SqdwiZG3MGz2nO
$2a$08$Jfnl4p6QjgV4Qcep.S/lVuMB13K7Gpn2HJkrKJDKtjp99G3hMhLoO
$2a$08$0cyc3Had/SLbAgmrKQI7ZeJ5M0dkTqX5ZPA5Gp/66sFQ7r5OqXgT2
$2a$08$6r5rkrLrQ14LPbYITsdIJe2.21tsjokriKcuRtQu22E5wdGwGL3L2
$2a$08$oIDrI3CKCc3BEFR8X5dLxejC9b2T4nsK0Dezab4GYB8rXbgohqmau
$2a$08$USUyzqG3cV1Z7xCSEWsY5udiFlbe2SPqqJIlgDBLcyIoq6BohMzZ2
$2a$08$X0HuSIPA44xR0wU9iFbPbecqUYLyFDwR23byAzMWaC17T9EBPtgvu
$2a$08$50g.inpSXSo/J6C/vxxXsugkgmoFMdN1cQwfTMTrqZdST.rlLCqn6
$2a$08$MNWXcPHbbiL2JMzmXpnGIOeM4uqCke4bbwfoVv97Tp2In33VleuxW
$2a$08$rab3p2M30hMSUXNC0BAWu.J5uzAMNauVkv8qym423VrjveAI4gUpK
$2a$08$Y9zepiBDwoAcsK1N9hR29.nsCvrSWwQEB4OB8j6wPbTd.2mIS6ZUy
$2a$08$Gti0CdzUEvUVSmpFhBjESOEAjzfGoykCSTQAcP4yYwQGzdex1pYzu
$2a$08$vBHKtboKj8VNgmqp0hoEU.tMBUu6fqyJfqI57bz7jcpHMoz2.bK8y
$2a$08$hhzLNeIV4rRi3Yi/Hiv/y.BOvo9rRmoiQLvsPIiEmfHeAnYXI3/A.
$2a$08$iPvHMb0Io7N1235BL5huSuyHyTaWVpt9tWBbR2akIZq4pmxH59J8.
$2a$08$WdateFPN4WLLJaL6bbiDBuJWaRpPp5K.Qwk8uKh62OnVtmzd7/0bO
$2a$08$p/6kcjonpyW0WNIndgs84e24ROE.QsdZUSZUJRXvZf/LboPK5J8tG
$2a$08$W0gQdCftR6XjWkgnh8bFDOJPbC9dp7UhoVNGuVDksOywR19duG8Tq
$2a$08$36s2nRo4hymb2RThKlaK3e9mlYmiPB956g7cKLdyc6yw17BH/d832
$2a$08$mi/w7EKWbr41nlAY5Og80umOOJv87jMc4kmMtL9FJjms9VwA0EA4u
$2a$08$B.5hI46y7BK5l5prB1RLZe3jl/z5XL0MlB6x4J.vfPZE7m/X0zQIG
$2a$08$3AEo9JnitjNi8qHvQ74HxuAw0O/2gguuuhy.iGgJVCLZHl9tF0NOW
$2a$08$SRYM9pdxrKGK..LxfnfFC.6AaOjctPhrUmfLF7.uuZ8extl16NMt6
