123456
password
123456789
qwerty
12345
hhhh1234
12345678
Abcd1234
123123
111111
iloveyou
1234567890
1q2w3e4r
1234567
112233
D1lakiss
stratfor
000000
Groupd2013
chris0798
Password1
randy1977
1234
Halmstad1
abc123
1qaz2wsx
test
1122334455
SZ9kQcCTwY
startfinding
zaq12wsx
112233445566
Signin123
qwerty123
sunshine
azerty
Ferrari123
ChickenServices321!
MarvinIstGay
123321
07031188
654321
dragon
portu
1q2w3e4r5t
666666
Reidemeow1
Clement78
jordan23
123qwe
welcome1
Taylor123
hamster1
qwertyuiop
football
Monster05
Passw0rd
whoamiiamenagnettester
q1w2e3r4
trustno1
butterfly
asdf1234
blue22
zulu1949
310869
j38ifUbn
14181418
17t99xfx
srieram
neAzbONIV
zxcvbnm
JulesCas!
12qwaszx
pjads556
Corona4everbbd
rosysouza
200625
monkey
sao12345
Tavares1
nroberts99
doudou
1234qwer
qwer1234
acireale12
internet
1q2w3e
buddaman
adsadsadasd
Kattens1975
121212
nysokk
master
Daniel
qwe123
india123
loulou
thomas
cswl1082
shadow
blink182
123
metallica666
uvekc1pp
computer
princess
techn9ne
159753
skuggi99
pokemon1
butter13
tonecold
baseball
1234abcdABCD
pokemon
maeteamoo
michael
123123123
ChickenServices321
power241
nezinau12
superman
derrick09
hello123
08081975
Vertical11
Cody2019
killer
1qazxsw2
soleil
starwars
jdwilcut83
ety59ymb
nyanya12
60
lol123
rednaxelA123
olebrum321
viviana2002
denguyen
michael1
creative
fina
mmklub
nokian80
A29061975
7777777
coco123
547apallo
asdfgh
Chelsea1
soccer
123QWEasd
sydney
arnorace2
chococookie
987654321
felix7
jessica
charlie1
charlie
ofcourse
jdpl0407
nietvergeten
michelle
purple16
changeme
sleepy99
Drage131
3rikmaisel!next
c00ki3pl0x
a1b2c3d4
001118395
supie007
mymummy
mack1973
ghFt47fh
unknown
spiceboy
N00572204
ib0962499897
a838hfiD
asdfghjkl
rennofenweg4
dexter1122
super123
password123
qazwsx
mustang
joshua
hallo123
Shawnshawn0
ploy2541
fly12345
bernas19
benjamin
admin1998
Mypassword123
samsung
barney
jordan
success
chouchou
June2018Accounts321!
tigers
jack123
aaaaaa
555555
skin1488
alexander
jennifer
eminem
derick123
letmein
wesroper
Welcome
arrmatey
mercedes
MATRIX
123456a
garret123
snoopy
phd768
ilovenick
killpower
heythere
Psw001234
Damon710
Gretien123
jamess123
andrea
whoami
death89
Aa123456
Bassy123
Pmv!!7598
123456aa
kIkeunyw
peachgate191
batman
diablo
sophie
whatever
nicolas
techno
ilshofen0926
anthony
Khemri12
Gr33kw4rch4rm5
Smith1315
Merlin12
Wolven13
fuckyou
3107rychard
pink82
shopping
garbage1
baseball1
123abc
tigger
testing1
camille
jing9624
GqAisICFQkta
102030
caroline
pakistan
Spider2000
walker
Matthew1
11111111
finley67
asdasd
ferrari
number1
secret
nicole
maverick
andrew
rafique01
spiderman
dazn123
asdfasdf
robert
O257t2j8bw8D
maria17
sparklefv
eidbsbre4
fefszf
mazamaza
hunter
9469020t
r331425l
ninja852
football1
maggie
kingkong19
jason1
ckm101005
madhuri
222222
marseille
jacjer06
oliver
Lowe885
mallorca
springbokkie
1thickys
isabelle
mixrelease.com512
thunder1
yamini99
lucky96
eagles
jnsahsau*
patrick
sandra
bigboy
re092971
starwars1
mathmath1
shogun
a123456
referal
martin
123654
cookie
junior
Pokemon123
cocacola
naruto
tardis12
951753
beaver
qwerty1
pacciore86
subhash
chocolate
andysob123
19071982
cit1st
Plakplak20
pa55w0rd1
passwort
superman1
pierre
Aikoaiko11
preston
7PECFUdGjLV5KSgskb6IRg
btsv1998
bandit
razgriz77
068702471
d24m1013
whitney1
jessica1
melissa
hannah
liverpool
meatloaf1
victoria
j1o2h
131313
selena
buster
nideknil
superb
itsasecret
melanie
1a2b3c4d
mongol237
ubheiKeYFHl8f
sadie1
mickey
unbound
888888
celine
bigd5576
jfjs2020
trucker345,
schalke04
Q1w2e3r4t5
reckless1
Dialga123
tree1234
larisa
deep2218
shadow12
88888888
harley
asd123
Juventus
147258369
johnson
qazwsx123
Benamar
mirabel11
cheese
Hawaii50
3rJs1la7qE
w123456789w
justin11
horatio
fnord23
limozeen1
Polanowice
barcelona
roadking
fandango
deasl33t
scorpion
unicorns143
Merlin1210
stonecold
159357
Timna14
banana
!~!1
polska
Nicholas1
pass123456
mundo321
hedges
Prajna01
balbine26
raphalindo
virginie
ginger
brujita
nishita97
gilbert6
abhay19
010203
Samantha
freedom
poespoes
matthew
Mustang63
br1tn3y
999999
kaipan
zelda123
edcrfv
pepper
qwerty12
samsung1
william1
janine18
rrabbit3002
madison
Sm0k331
nagual
333333
bailey
nirvana
cf3825et
jackson
diamond
789456123
013572
Buddy18
TITANS
william
wabbit
valeguada
metallica
marine
gsf1200s
garfield
sp007865
gorham
5fitfor2
asdqwe123
monster12\tFortnite
sweta76
meatball1
annabear
Spring41
cuntfucker45
george
phoenix
klqnb7
johnny23
030303
upgrades
Inside01
123456789a
steinke
2320255a
sebastian
rush2112
julien
Drakekin/HealthQ.git
stella
ufellow1
00000000
vogel550
gura755
8lunch
Orange061
marcin26
unknown11
yaritza
bonsamis
Maxime
meiqiu
240169
poot2077
vlad2171
taoboy
nathan
cetewumu
julian85
sabrina
linked55
kenufa
777777
20051915
Incubus
Morgan
mikejeff
hello
harry1229
sydney01
torres21
pa55word
bettina101
League22!,
bia341
southflorida1
wow12345
hockey
krabkilla5
amanda
orange
vanessa
flower
696969
valentina
jessica123
rainbow
12341234
0123456789
monica
RaSiZa2207
chr1s70ph3r
sunshine1
chicken
tennis
011298
reggie25
antoine
nikita
abby0108
Anthony1
basketball
gr8c65sc
money100
jonathan
brasilia414
alexis
qweasdzxc
elephant
Sokar1996
C@rthag3
peepee123
alpha
pophones
justin
Charles1
abcw830924
christian
mh205542
thunder
vincent
bobo1977
lakers24
Blackops0405
princess1
1Matapthat
superzak
cna7vypz
raiders
uvanira
wildcat1
Ruffles369$
123qweasdzxc
gabriel
Silver
liverpool1
gangsta06
pomona47
peanut
murd0ck1
dfdsfdsf
diecommie
barbara
qazwsxedc
liverpool8
fuck123
florian
computer1
R1880916
typer100
pauline
chocolat
P3Rat54797
chelsea
darkmage2
yamaha
philip4429
dragon123
100200
victor
Sonia9008
digital
friends
summer
secure
skiffy
purple
3s23b34l
merlin
alba428
stomper1
123123ok
madison1
hiabr47
gmtjv89n9
blackrock
tintin
Liam1007
westvamounties
Quince2007
PfB2011
159951
zxcvbnm1
snowball
hunter123
ernie6lily
logitech
windtusk1
m1dnite
coucou
charlotte
7777777g
Roxie006
Livestrong00
ines2808
lucasen
shoeco
livestok81
naruto957
Ooblong97
erieri92
bewbies69
987654
google123
htveevth
rcva3hwc
adamsolace
junjun27
elizabeth
scooter
aze021ail
fortunate1
llpikp260
porno666
lincogo1
147852369
Tiggles1
Peniskan10
jasmine
bubbles
Furiso123
nathalie
moose80
mattingly23
222vvv
feb1602
taylor
hamudi
mickey96
0074az
limper
baccarin749
zachary
Kenzie14
Mariann82
483272255a
bonjour
Cardigans04
byron1
titties22
spartan117
kids0815
cpnokian90
darli8da
ronaldo7
ocarinA91
corvette
q1w2e3
789456
joseph
232323
arsenal
waffles90
qqqq1111
Alexea12
reaver
midnight
jasper
benjamin1
patricia
mOrtAl776
Gamb1tej
nintendo
bb6265
kevinhogg92
einstein
november
b123urak
jim41770
snickers
boubou
ciao
portugal
asdasd123
test123
1234abcd
ashley
antonio
samuel
Sammy90
Corona4ever
slipknot
prova
getdowngetdown
q1w2e3r4t5y6
soccer2005
HB1964ed
saulofernandes1234
jamie2212
central15
Leafgtr15
arthur
gamer
Nelson1812
Rachal1
4815162342
oceane
claudia
trevor342
alexander1
Athena
Diaba198.7
1q2w3e4r5t6y
happy123
danielle
biggame4
pebbles_1
P@ssw0rd
valentin
maminti75
michele1
yankees1
adidas
hornet22
bubbagus1
prince
bismillah
sansenjin
1111
Monkey123
freedom1
aurelie
louloute
kcaz261311
killer12
marina
spongebob123
Tjollan123
tel21526
Corona4everbbddd
1qaz2wsx3edc
9866400531
123qwe123
xbox360
horselover
436641543436641543
selva2009
apple123
12344321
Rodolfo8
telemark
chester
brooklyn
fender
Brandon1
yankees
juliette
forever
mainebay66
wimo69
bonehead
kawasaki
11111
calimero
Spinner1
florence
9ryanon
romain
nounours
user/project.git
r4pt0r
david
hammersmit
Hillside123
1598753
3dogs1horse
qweasd
Patrick1
osita123
jeremy
airforce123
babygirl
A1s2d3f4
olivier
0
lera2804
qweasd123
justin1
marion
salinelles
spider
elodie
monika
emilie
testtest
aBCDeF
Th313ThDoctor
london
101010
richard
abc123456
alexandra
as81yb02
frederic
fluffy
Tbone123
philippe
Jackson1
nicholas
simone
15505001
minecraft
sandrine
pokemon12
pussylik
killer123
172839
xxxxxx
75395182a
awesome1
yellow
Worms234
Softball12
chipie
pooter17\tMinecraf
sinfonia1
zxcvbn
ronaldo
martina
inuyasha
vanille
lolita
mozart
usg242
Sophie1
zxcv124171
compaq
stargate
999999999
rusty1
chicken1
papillon
hinzjr.1
America07
mimmiferdi
monster
brandon
darkness
hardcore
genesis1
asdk896ry3
laurent
stephanie
puzzle
pogiako
Soso123aljg
louise
jasmine1
8
pascal
pickab00
bryce007
Mammapappa9
olivia
Adonis1985
casper1
147258
klaster
Chris123
111222
OHOGfee48369
Fa281203
0Gpinkyy
verizon1
berlin
matteo
caramel
tsarina1
mj870501
popcorn
carlos
watermelon15
fr33fall
Assh0les
wandalala
akdidutls
Monster1
Password12
shadow123
angels
6388321f
Santacruz32
swordfish
cesar123
260168
miller1
mustang1
test1234
nattypoo10
123654789
austin
qti7Zxh18U
Lizards11!
11223344
barney007
Christine
imlz13
iloveyou13
daniela
Cooper
12345qwert
12345678910
soccer10
audrey
Minecraft1
sasasa12
banshee1
Letmein1
music824
december
asshole
ti060885
soccer12
LEONARDO
charles
Fuckyou1
cassandra1
lovelove
xiao23578
beatrice
boomer
jahangir
qweqwe
qwerty123456
marlies21
SpyFish18
212121
lovely
Ned21100!
steelers
basket
marcel
1w2q9p0o
qwert
Yzgao161eU
loveyou
family
0123909416
murphy
a1234567
harry17
claire
147852
Permission
1addff5256d5854451465f8ca45d522
elearning
